
> agentRoadmap@0.1.0 test
> node --import jiti/register --test src/test/*.test.ts

TAP version 13
# Subtest: AcceptanceCriteriaManager
    # Subtest: does not insert blank lines when adding new criteria (BACK-365)
    ok 1 - does not insert blank lines when adding new criteria (BACK-365)
      ---
      duration_ms: 5.450178
      ...
    # Subtest: removes a single criterion without affecting other sections
    ok 2 - removes a single criterion without affecting other sections
      ---
      duration_ms: 2.849653
      ...
    # Subtest: toggles a criterion and persists proposal
    ok 3 - toggles a criterion and persists proposal
      ---
      duration_ms: 0.920474
      ...
    1..3
ok 1 - AcceptanceCriteriaManager
  ---
  duration_ms: 11.639886
  type: 'suite'
  ...
# Subtest: Structured Acceptance Criteria parsing
    # Subtest: parses acceptance criteria items with checked proposal and index
    ok 1 - parses acceptance criteria items with checked proposal and index
      ---
      duration_ms: 40.753532
      ...
    1..1
ok 2 - Structured Acceptance Criteria parsing
  ---
  duration_ms: 46.604904
  type: 'suite'
  ...
# STDOUT: 
# STDERR: node: bad option: --experimental-strip-types
# Subtest: Acceptance Criteria CLI
    # Subtest: proposal create with acceptance criteria
        # Subtest: should create proposal with single acceptance criterion using -ac
        not ok 1 - should create proposal with single acceptance criterion using -ac
          ---
          duration_ms: 170.156763
          location: '/data/code/AgentHive/src/test/acceptance-criteria.test.ts:36:22'
          failureType: 'testCodeFailure'
          error: |-
            Expected values to be strictly equal:
            
            9 !== 0
            
          code: 'ERR_ASSERTION'
          name: 'AssertionError'
          expected: 0
          actual: 9
          operator: 'strictEqual'
          stack: |-
            TestContext.<anonymous> (file:///data/code/AgentHive/src/test/acceptance-criteria.test.ts:42:27)
            Test.runInAsyncScope (node:async_hooks:206:9)
            Test.run (node:internal/test_runner/test:796:25)
            async Promise.all (index 0)
            async Suite.run (node:internal/test_runner/test:1135:7)
            async Promise.all (index 0)
            async Suite.run (node:internal/test_runner/test:1135:7)
            async Test.processPendingSubtests (node:internal/test_runner/test:526:7)
          ...
        # Subtest: should create proposal with multiple criteria using multiple --ac flags
        not ok 2 - should create proposal with multiple criteria using multiple --ac flags
          ---
          duration_ms: 77.559625
          location: '/data/code/AgentHive/src/test/acceptance-criteria.test.ts:51:22'
          failureType: 'testCodeFailure'
          error: |-
            Expected values to be strictly equal:
            
            9 !== 0
            
          code: 'ERR_ASSERTION'
          name: 'AssertionError'
          expected: 0
          actual: 9
          operator: 'strictEqual'
          stack: |-
            TestContext.<anonymous> (file:///data/code/AgentHive/src/test/acceptance-criteria.test.ts:54:27)
            Test.runInAsyncScope (node:async_hooks:206:9)
            Test.run (node:internal/test_runner/test:796:25)
            async Suite.processPendingSubtests (node:internal/test_runner/test:526:7)
          ...
        # Subtest: should treat comma-separated text as single criterion
        not ok 3 - should treat comma-separated text as single criterion
          ---
          duration_ms: 90.760635
          location: '/data/code/AgentHive/src/test/acceptance-criteria.test.ts:64:22'
          failureType: 'testCodeFailure'
          error: |-
            Expected values to be strictly equal:
            
            9 !== 0
            
          code: 'ERR_ASSERTION'
          name: 'AssertionError'
          expected: 0
          actual: 9
          operator: 'strictEqual'
          stack: |-
            TestContext.<anonymous> (file:///data/code/AgentHive/src/test/acceptance-criteria.test.ts:66:27)
            Test.runInAsyncScope (node:async_hooks:206:9)
            Test.run (node:internal/test_runner/test:796:25)
            async Suite.processPendingSubtests (node:internal/test_runner/test:526:7)
          ...
        # Subtest: should create proposal with criteria using --acceptance-criteria
        not ok 4 - should create proposal with criteria using --acceptance-criteria
          ---
          duration_ms: 75.558021
          location: '/data/code/AgentHive/src/test/acceptance-criteria.test.ts:77:22'
          failureType: 'testCodeFailure'
          error: |-
            Expected values to be strictly equal:
            
            9 !== 0
            
          code: 'ERR_ASSERTION'
          name: 'AssertionError'
          expected: 0
          actual: 9
          operator: 'strictEqual'
          stack: |-
            TestContext.<anonymous> (file:///data/code/AgentHive/src/test/acceptance-criteria.test.ts:79:27)
            Test.runInAsyncScope (node:async_hooks:206:9)
            Test.run (node:internal/test_runner/test:796:25)
            async Suite.processPendingSubtests (node:internal/test_runner/test:526:7)
          ...
        # Subtest: should create proposal with both description and acceptance criteria
        not ok 5 - should create proposal with both description and acceptance criteria
          ---
          duration_ms: 98.615436
          location: '/data/code/AgentHive/src/test/acceptance-criteria.test.ts:88:22'
          failureType: 'testCodeFailure'
          error: |-
            Expected values to be strictly equal:
            
            9 !== 0
            
          code: 'ERR_ASSERTION'
          name: 'AssertionError'
          expected: 0
          actual: 9
          operator: 'strictEqual'
          stack: |-
            TestContext.<anonymous> (file:///data/code/AgentHive/src/test/acceptance-criteria.test.ts:91:27)
            Test.runInAsyncScope (node:async_hooks:206:9)
            Test.run (node:internal/test_runner/test:796:25)
            async Suite.processPendingSubtests (node:internal/test_runner/test:526:7)
          ...
        1..5
    not ok 1 - proposal create with acceptance criteria
      ---
      duration_ms: 515.447035
      type: 'suite'
      location: '/data/code/AgentHive/src/test/acceptance-criteria.test.ts:35:26'
      failureType: 'subtestsFailed'
      error: '5 subtests failed'
      code: 'ERR_TEST_FAILURE'
      stack: |-
        async Promise.all (index 0)
      ...
    # Subtest: proposal edit with acceptance criteria
        # Subtest: should add acceptance criteria to existing proposal
        not ok 1 - should add acceptance criteria to existing proposal
          ---
          duration_ms: 104.248172
          location: '/data/code/AgentHive/src/test/acceptance-criteria.test.ts:122:22'
          failureType: 'testCodeFailure'
          error: |-
            Expected values to be strictly equal:
            
            9 !== 0
            
          code: 'ERR_ASSERTION'
          name: 'AssertionError'
          expected: 0
          actual: 9
          operator: 'strictEqual'
          stack: |-
            TestContext.<anonymous> (file:///data/code/AgentHive/src/test/acceptance-criteria.test.ts:124:27)
            Test.runInAsyncScope (node:async_hooks:206:9)
            Test.run (node:internal/test_runner/test:796:25)
            async Promise.all (index 0)
            async Suite.run (node:internal/test_runner/test:1135:7)
            async Suite.processPendingSubtests (node:internal/test_runner/test:526:7)
          ...
        # Subtest: consolidates duplicate Acceptance Criteria sections with markers into one
        not ok 2 - consolidates duplicate Acceptance Criteria sections with markers into one
          ---
          duration_ms: 128.847402
          location: '/data/code/AgentHive/src/test/acceptance-criteria.test.ts:136:22'
          failureType: 'testCodeFailure'
          error: |-
            Expected values to be strictly equal:
            
            9 !== 0
            
          code: 'ERR_ASSERTION'
          name: 'AssertionError'
          expected: 0
          actual: 9
          operator: 'strictEqual'
          stack: |-
            TestContext.<anonymous> (file:///data/code/AgentHive/src/test/acceptance-criteria.test.ts:155:27)
            async Test.run (node:internal/test_runner/test:797:9)
            async Suite.processPendingSubtests (node:internal/test_runner/test:526:7)
          ...
        # Subtest: consolidates legacy and marked AC sections to a single marked section
        not ok 3 - consolidates legacy and marked AC sections to a single marked section
          ---
          duration_ms: 93.496202
          location: '/data/code/AgentHive/src/test/acceptance-criteria.test.ts:170:22'
          failureType: 'testCodeFailure'
          error: |-
            Expected values to be strictly equal:
            
            9 !== 0
            
          code: 'ERR_ASSERTION'
          name: 'AssertionError'
          expected: 0
          actual: 9
          operator: 'strictEqual'
          stack: |-
            TestContext.<anonymous> (file:///data/code/AgentHive/src/test/acceptance-criteria.test.ts:188:27)
            async Test.run (node:internal/test_runner/test:797:9)
            async Suite.processPendingSubtests (node:internal/test_runner/test:526:7)
          ...
        # Subtest: should add to existing acceptance criteria
        not ok 4 - should add to existing acceptance criteria
          ---
          duration_ms: 140.858545
          location: '/data/code/AgentHive/src/test/acceptance-criteria.test.ts:204:22'
          failureType: 'testCodeFailure'
          error: |-
            Expected values to be strictly equal:
            
            9 !== 0
            
          code: 'ERR_ASSERTION'
          name: 'AssertionError'
          expected: 0
          actual: 9
          operator: 'strictEqual'
          stack: |-
            TestContext.<anonymous> (file:///data/code/AgentHive/src/test/acceptance-criteria.test.ts:207:27)
            Test.runInAsyncScope (node:async_hooks:206:9)
            Test.run (node:internal/test_runner/test:796:25)
            async Suite.processPendingSubtests (node:internal/test_runner/test:526:7)
          ...
        # Subtest: should update title and add acceptance criteria together
        not ok 5 - should update title and add acceptance criteria together
          ---
          duration_ms: 99.102266
          location: '/data/code/AgentHive/src/test/acceptance-criteria.test.ts:222:22'
          failureType: 'testCodeFailure'
          error: |-
            Expected values to be strictly equal:
            
            9 !== 0
            
          code: 'ERR_ASSERTION'
          name: 'AssertionError'
          expected: 0
          actual: 9
          operator: 'strictEqual'
          stack: |-
            TestContext.<anonymous> (file:///data/code/AgentHive/src/test/acceptance-criteria.test.ts:224:27)
            Test.runInAsyncScope (node:async_hooks:206:9)
            Test.run (node:internal/test_runner/test:796:25)
            async Suite.processPendingSubtests (node:internal/test_runner/test:526:7)
          ...
        1..5
    not ok 2 - proposal edit with acceptance criteria
      ---
      duration_ms: 568.643696
      type: 'suite'
      location: '/data/code/AgentHive/src/test/acceptance-criteria.test.ts:104:26'
      failureType: 'subtestsFailed'
      error: '5 subtests failed'
      code: 'ERR_TEST_FAILURE'
      ...
    # Subtest: acceptance criteria parsing
        # Subtest: should handle empty criteria gracefully
        not ok 1 - should handle empty criteria gracefully
          ---
          duration_ms: 103.41146
          location: '/data/code/AgentHive/src/test/acceptance-criteria.test.ts:237:22'
          failureType: 'testCodeFailure'
          error: |-
            Expected values to be strictly equal:
            
            9 !== 0
            
          code: 'ERR_ASSERTION'
          name: 'AssertionError'
          expected: 0
          actual: 9
          operator: 'strictEqual'
          stack: |-
            TestContext.<anonymous> (file:///data/code/AgentHive/src/test/acceptance-criteria.test.ts:240:27)
            Test.runInAsyncScope (node:async_hooks:206:9)
            Test.run (node:internal/test_runner/test:796:25)
            async Promise.all (index 0)
            async Suite.run (node:internal/test_runner/test:1135:7)
            async Suite.processPendingSubtests (node:internal/test_runner/test:526:7)
          ...
        # Subtest: should trim whitespace from criteria
        not ok 2 - should trim whitespace from criteria
          ---
          duration_ms: 100.603357
          location: '/data/code/AgentHive/src/test/acceptance-criteria.test.ts:249:22'
          failureType: 'testCodeFailure'
          error: |-
            Expected values to be strictly equal:
            
            9 !== 0
            
          code: 'ERR_ASSERTION'
          name: 'AssertionError'
          expected: 0
          actual: 9
          operator: 'strictEqual'
          stack: |-
            TestContext.<anonymous> (file:///data/code/AgentHive/src/test/acceptance-criteria.test.ts:252:27)
            Test.runInAsyncScope (node:async_hooks:206:9)
            Test.run (node:internal/test_runner/test:796:25)
            async Suite.processPendingSubtests (node:internal/test_runner/test:526:7)
          ...
        1..2
    not ok 3 - acceptance criteria parsing
      ---
      duration_ms: 205.06218
      type: 'suite'
      location: '/data/code/AgentHive/src/test/acceptance-criteria.test.ts:236:26'
      failureType: 'subtestsFailed'
      error: '2 subtests failed'
      code: 'ERR_TEST_FAILURE'
      ...
    # Subtest: new AC management features
        # Subtest: should add new acceptance criteria with --ac
        not ok 1 - should add new acceptance criteria with --ac
          ---
          duration_ms: 152.41359
          location: '/data/code/AgentHive/src/test/acceptance-criteria.test.ts:289:22'
          failureType: 'testCodeFailure'
          error: |-
            Expected values to be strictly equal:
            
            9 !== 0
            
          code: 'ERR_ASSERTION'
          name: 'AssertionError'
          expected: 0
          actual: 9
          operator: 'strictEqual'
          stack: |-
            TestContext.<anonymous> (file:///data/code/AgentHive/src/test/acceptance-criteria.test.ts:291:27)
            Test.runInAsyncScope (node:async_hooks:206:9)
            Test.run (node:internal/test_runner/test:796:25)
            async Promise.all (index 0)
            async Suite.run (node:internal/test_runner/test:1135:7)
            async Suite.processPendingSubtests (node:internal/test_runner/test:526:7)
          ...
        # Subtest: should remove acceptance criterion by index with --remove-ac
        not ok 2 - should remove acceptance criterion by index with --remove-ac
          ---
          duration_ms: 111.756799
          location: '/data/code/AgentHive/src/test/acceptance-criteria.test.ts:302:22'
          failureType: 'testCodeFailure'
          error: |-
            Expected values to be strictly equal:
            
            9 !== 0
            
          code: 'ERR_ASSERTION'
          name: 'AssertionError'
          expected: 0
          actual: 9
          operator: 'strictEqual'
          stack: |-
            TestContext.<anonymous> (file:///data/code/AgentHive/src/test/acceptance-criteria.test.ts:304:27)
            Test.runInAsyncScope (node:async_hooks:206:9)
            Test.run (node:internal/test_runner/test:796:25)
            async Suite.processPendingSubtests (node:internal/test_runner/test:526:7)
          ...
        # Subtest: removes acceptance criteria section after deleting all items
        not ok 3 - removes acceptance criteria section after deleting all items
          ---
          duration_ms: 127.283854
          location: '/data/code/AgentHive/src/test/acceptance-criteria.test.ts:313:22'
          failureType: 'testCodeFailure'
          error: |-
            Expected values to be strictly equal:
            
            9 !== 0
            
          code: 'ERR_ASSERTION'
          name: 'AssertionError'
          expected: 0
          actual: 9
          operator: 'strictEqual'
          stack: |-
            TestContext.<anonymous> (file:///data/code/AgentHive/src/test/acceptance-criteria.test.ts:315:27)
            Test.runInAsyncScope (node:async_hooks:206:9)
            Test.run (node:internal/test_runner/test:796:25)
            async Suite.processPendingSubtests (node:internal/test_runner/test:526:7)
          ...
        # Subtest: should check acceptance criterion by index with --check-ac
        not ok 4 - should check acceptance criterion by index with --check-ac
          ---
          duration_ms: 150.231417
          location: '/data/code/AgentHive/src/test/acceptance-criteria.test.ts:325:22'
          failureType: 'testCodeFailure'
          error: |-
            Expected values to be strictly equal:
            
            9 !== 0
            
          code: 'ERR_ASSERTION'
          name: 'AssertionError'
          expected: 0
          actual: 9
          operator: 'strictEqual'
          stack: |-
            TestContext.<anonymous> (file:///data/code/AgentHive/src/test/acceptance-criteria.test.ts:327:27)
            Test.runInAsyncScope (node:async_hooks:206:9)
            Test.run (node:internal/test_runner/test:796:25)
            async Suite.processPendingSubtests (node:internal/test_runner/test:526:7)
          ...
        # Subtest: should uncheck acceptance criterion by index with --uncheck-ac
        not ok 5 - should uncheck acceptance criterion by index with --uncheck-ac
          ---
          duration_ms: 166.940979
          location: '/data/code/AgentHive/src/test/acceptance-criteria.test.ts:336:22'
          failureType: 'testCodeFailure'
          error: |-
            Expected values to be strictly equal:
            
            9 !== 0
            
          code: 'ERR_ASSERTION'
          name: 'AssertionError'
          expected: 0
          actual: 9
          operator: 'strictEqual'
          stack: |-
            TestContext.<anonymous> (file:///data/code/AgentHive/src/test/acceptance-criteria.test.ts:342:27)
            Test.runInAsyncScope (node:async_hooks:206:9)
            Test.run (node:internal/test_runner/test:796:25)
            async Suite.processPendingSubtests (node:internal/test_runner/test:526:7)
          ...
        # Subtest: should handle multiple operations in one command
        not ok 6 - should handle multiple operations in one command
          ---
          duration_ms: 135.196142
          location: '/data/code/AgentHive/src/test/acceptance-criteria.test.ts:349:22'
          failureType: 'testCodeFailure'
          error: |-
            Expected values to be strictly equal:
            
            9 !== 0
            
          code: 'ERR_ASSERTION'
          name: 'AssertionError'
          expected: 0
          actual: 9
          operator: 'strictEqual'
          stack: |-
            TestContext.<anonymous> (file:///data/code/AgentHive/src/test/acceptance-criteria.test.ts:351:27)
            Test.runInAsyncScope (node:async_hooks:206:9)
            Test.run (node:internal/test_runner/test:796:25)
            async Suite.processPendingSubtests (node:internal/test_runner/test:526:7)
          ...
        # Subtest: should error on invalid index for --remove-ac
        not ok 7 - should error on invalid index for --remove-ac
          ---
          duration_ms: 217.727509
          location: '/data/code/AgentHive/src/test/acceptance-criteria.test.ts:361:22'
          failureType: 'testCodeFailure'
          error: |-
            The expression evaluated to a falsy value:
            
              /Acceptance criterion (?:#\d+(?:, #\d+)* )?not found/.test(msg)
            
          code: 'ERR_ASSERTION'
          name: 'AssertionError'
          expected: true
          actual: false
          operator: '=='
          stack: |-
            TestContext.<anonymous> (file:///data/code/AgentHive/src/test/acceptance-criteria.test.ts:365:27)
            Test.runInAsyncScope (node:async_hooks:206:9)
            Test.run (node:internal/test_runner/test:796:25)
            async Suite.processPendingSubtests (node:internal/test_runner/test:526:7)
          ...
        # Subtest: should error on invalid index for --check-ac
        not ok 8 - should error on invalid index for --check-ac
          ---
          duration_ms: 146.443769
          location: '/data/code/AgentHive/src/test/acceptance-criteria.test.ts:368:22'
          failureType: 'testCodeFailure'
          error: |-
            The expression evaluated to a falsy value:
            
              /Acceptance criterion (?:#\d+(?:, #\d+)* )?not found/.test(msg)
            
          code: 'ERR_ASSERTION'
          name: 'AssertionError'
          expected: true
          actual: false
          operator: '=='
          stack: |-
            TestContext.<anonymous> (file:///data/code/AgentHive/src/test/acceptance-criteria.test.ts:372:27)
            Test.runInAsyncScope (node:async_hooks:206:9)
            Test.run (node:internal/test_runner/test:796:25)
            async Suite.processPendingSubtests (node:internal/test_runner/test:526:7)
          ...
        # Subtest: should error on non-numeric index
        not ok 9 - should error on non-numeric index
          ---
          duration_ms: 96.112178
          location: '/data/code/AgentHive/src/test/acceptance-criteria.test.ts:375:22'
          failureType: 'testCodeFailure'
          error: 'Expected string to contain "Invalid index"'
          code: 'ERR_ASSERTION'
          name: 'AssertionError'
          actual: |-
            node: bad option: --experimental-strip-types
            
          operator: 'expect'
          stack: |-
            new AssertionError (node:internal/assert/assertion_error:454:5)
            pass (/data/code/AgentHive/src/test/test-utils.ts:287:469)
            Object.toContain (/data/code/AgentHive/src/test/test-utils.ts:287:1610)
            TestContext.<anonymous> (file:///data/code/AgentHive/src/test/acceptance-criteria.test.ts:378:56)
            Test.runInAsyncScope (node:async_hooks:206:9)
            Test.run (node:internal/test_runner/test:796:25)
            async Suite.processPendingSubtests (node:internal/test_runner/test:526:7)
          ...
        # Subtest: should error on zero index
        not ok 10 - should error on zero index
          ---
          duration_ms: 107.078047
          location: '/data/code/AgentHive/src/test/acceptance-criteria.test.ts:381:22'
          failureType: 'testCodeFailure'
          error: 'Expected string to contain "Invalid index"'
          code: 'ERR_ASSERTION'
          name: 'AssertionError'
          actual: |-
            node: bad option: --experimental-strip-types
            
          operator: 'expect'
          stack: |-
            new AssertionError (node:internal/assert/assertion_error:454:5)
            pass (/data/code/AgentHive/src/test/test-utils.ts:287:469)
            Object.toContain (/data/code/AgentHive/src/test/test-utils.ts:287:1610)
            TestContext.<anonymous> (file:///data/code/AgentHive/src/test/acceptance-criteria.test.ts:384:56)
            Test.runInAsyncScope (node:async_hooks:206:9)
            Test.run (node:internal/test_runner/test:796:25)
            async Suite.processPendingSubtests (node:internal/test_runner/test:526:7)
          ...
        # Subtest: should error on negative index
        not ok 11 - should error on negative index
          ---
          duration_ms: 116.877655
          location: '/data/code/AgentHive/src/test/acceptance-criteria.test.ts:387:22'
          failureType: 'testCodeFailure'
          error: 'Expected string to contain "Invalid index"'
          code: 'ERR_ASSERTION'
          name: 'AssertionError'
          actual: |-
            node: bad option: --experimental-strip-types
            
          operator: 'expect'
          stack: |-
            new AssertionError (node:internal/assert/assertion_error:454:5)
            pass (/data/code/AgentHive/src/test/test-utils.ts:287:469)
            Object.toContain (/data/code/AgentHive/src/test/test-utils.ts:287:1610)
            TestContext.<anonymous> (file:///data/code/AgentHive/src/test/acceptance-criteria.test.ts:390:56)
            Test.runInAsyncScope (node:async_hooks:206:9)
            Test.run (node:internal/test_runner/test:796:25)
            async Suite.processPendingSubtests (node:internal/test_runner/test:526:7)
          ...
        1..11
    not ok 4 - new AC management features
      ---
      duration_ms: 1534.418823
      type: 'suite'
      location: '/data/code/AgentHive/src/test/acceptance-criteria.test.ts:262:26'
      failureType: 'subtestsFailed'
      error: '11 subtests failed'
      code: 'ERR_TEST_FAILURE'
      ...
    # Subtest: stable format migration
        # Subtest: should convert old format to stable format when editing
        not ok 1 - should convert old format to stable format when editing
          ---
          duration_ms: 93.683603
          location: '/data/code/AgentHive/src/test/acceptance-criteria.test.ts:395:22'
          failureType: 'testCodeFailure'
          error: |-
            Expected values to be strictly equal:
            
            9 !== 0
            
          code: 'ERR_ASSERTION'
          name: 'AssertionError'
          expected: 0
          actual: 9
          operator: 'strictEqual'
          stack: |-
            TestContext.<anonymous> (file:///data/code/AgentHive/src/test/acceptance-criteria.test.ts:417:27)
            async Test.run (node:internal/test_runner/test:797:9)
            async Promise.all (index 0)
            async Suite.run (node:internal/test_runner/test:1135:7)
            async Suite.processPendingSubtests (node:internal/test_runner/test:526:7)
          ...
        1..1
    not ok 5 - stable format migration
      ---
      duration_ms: 94.527648
      type: 'suite'
      location: '/data/code/AgentHive/src/test/acceptance-criteria.test.ts:394:26'
      failureType: 'subtestsFailed'
      error: '1 subtest failed'
      code: 'ERR_TEST_FAILURE'
      ...
    1..5
not ok 3 - Acceptance Criteria CLI
  ---
  duration_ms: 2920.567439
  type: 'suite'
  location: '/data/code/AgentHive/src/test/acceptance-criteria.test.ts:14:24'
  failureType: 'subtestsFailed'
  error: '5 subtests failed'
  code: 'ERR_TEST_FAILURE'
  ...
# Subtest: AcceptanceCriteriaManager unit tests
    # Subtest: should parse criteria with stable markers
    ok 1 - should parse criteria with stable markers
      ---
      duration_ms: 72.827848
      ...
    # Subtest: should format criteria with proper numbering
    ok 2 - should format criteria with proper numbering
      ---
      duration_ms: 76.007721
      ...
    # Subtest: preserves markdown headings inside acceptance criteria when updating
    ok 3 - preserves markdown headings inside acceptance criteria when updating
      ---
      duration_ms: 63.630466
      ...
    # Subtest: Multi-value CLI operations
        # Subtest: should support multiple --ac flags in proposal create
        not ok 1 - should support multiple --ac flags in proposal create
          ---
          duration_ms: 90.567185
          location: '/data/code/AgentHive/src/test/acceptance-criteria.test.ts:520:22'
          failureType: 'testCodeFailure'
          error: |-
            Expected values to be strictly equal:
            
            9 !== 0
            
          code: 'ERR_ASSERTION'
          name: 'AssertionError'
          expected: 0
          actual: 9
          operator: 'strictEqual'
          stack: |-
            TestContext.<anonymous> (file:///data/code/AgentHive/src/test/acceptance-criteria.test.ts:525:27)
            Test.runInAsyncScope (node:async_hooks:206:9)
            Test.run (node:internal/test_runner/test:796:25)
            async Promise.all (index 0)
            async Suite.run (node:internal/test_runner/test:1135:7)
            async Suite.processPendingSubtests (node:internal/test_runner/test:526:7)
          ...
        # Subtest: should support multiple --check-ac flags in single command
        not ok 2 - should support multiple --check-ac flags in single command
          ---
          duration_ms: 140.547314
          location: '/data/code/AgentHive/src/test/acceptance-criteria.test.ts:538:22'
          failureType: 'testCodeFailure'
          error: |-
            Expected values to be strictly equal:
            
            9 !== 0
            
          code: 'ERR_ASSERTION'
          name: 'AssertionError'
          expected: 0
          actual: 9
          operator: 'strictEqual'
          stack: |-
            TestContext.<anonymous> (file:///data/code/AgentHive/src/test/acceptance-criteria.test.ts:550:27)
            Test.runInAsyncScope (node:async_hooks:206:9)
            Test.run (node:internal/test_runner/test:796:25)
            async Suite.processPendingSubtests (node:internal/test_runner/test:526:7)
          ...
        # Subtest: should support mixed AC operations in single command
        not ok 3 - should support mixed AC operations in single command
          ---
          duration_ms: 152.025823
          location: '/data/code/AgentHive/src/test/acceptance-criteria.test.ts:560:22'
          failureType: 'testCodeFailure'
          error: |-
            Expected values to be strictly equal:
            
            9 !== 0
            
          code: 'ERR_ASSERTION'
          name: 'AssertionError'
          expected: 0
          actual: 9
          operator: 'strictEqual'
          stack: |-
            TestContext.<anonymous> (file:///data/code/AgentHive/src/test/acceptance-criteria.test.ts:575:27)
            Test.runInAsyncScope (node:async_hooks:206:9)
            Test.run (node:internal/test_runner/test:796:25)
            async Suite.processPendingSubtests (node:internal/test_runner/test:526:7)
          ...
        # Subtest: should support multiple --remove-ac flags with proper renumbering
        not ok 4 - should support multiple --remove-ac flags with proper renumbering
          ---
          duration_ms: 132.982622
          location: '/data/code/AgentHive/src/test/acceptance-criteria.test.ts:585:22'
          failureType: 'testCodeFailure'
          error: |-
            Expected values to be strictly equal:
            
            9 !== 0
            
          code: 'ERR_ASSERTION'
          name: 'AssertionError'
          expected: 0
          actual: 9
          operator: 'strictEqual'
          stack: |-
            TestContext.<anonymous> (file:///data/code/AgentHive/src/test/acceptance-criteria.test.ts:597:27)
            Test.runInAsyncScope (node:async_hooks:206:9)
            Test.run (node:internal/test_runner/test:796:25)
            async Suite.processPendingSubtests (node:internal/test_runner/test:526:7)
          ...
        # Subtest: should handle invalid indices gracefully in multi-value operations
        not ok 5 - should handle invalid indices gracefully in multi-value operations
          ---
          duration_ms: 156.862056
          location: '/data/code/AgentHive/src/test/acceptance-criteria.test.ts:608:22'
          failureType: 'testCodeFailure'
          error: |-
            Expected values to be strictly equal:
            
            9 !== 1
            
          code: 'ERR_ASSERTION'
          name: 'AssertionError'
          expected: 1
          actual: 9
          operator: 'strictEqual'
          stack: |-
            TestContext.<anonymous> (file:///data/code/AgentHive/src/test/acceptance-criteria.test.ts:618:27)
            Test.runInAsyncScope (node:async_hooks:206:9)
            Test.run (node:internal/test_runner/test:796:25)
            async Suite.processPendingSubtests (node:internal/test_runner/test:526:7)
          ...
        1..5
    not ok 4 - Multi-value CLI operations
      ---
      duration_ms: 677.638827
      type: 'suite'
      location: '/data/code/AgentHive/src/test/acceptance-criteria.test.ts:519:26'
      failureType: 'subtestsFailed'
      error: '5 subtests failed'
      code: 'ERR_TEST_FAILURE'
      ...
    1..4
not ok 4 - AcceptanceCriteriaManager unit tests
  ---
  duration_ms: 891.398524
  type: 'suite'
  location: '/data/code/AgentHive/src/test/acceptance-criteria.test.ts:429:24'
  failureType: 'subtestsFailed'
  error: '1 subtest failed'
  code: 'ERR_TEST_FAILURE'
  ...
# Subtest: Acceptance Module
    # Subtest: proofSatisfiesRequirement
        # Subtest: matching type and non-empty value satisfies
        ok 1 - matching type and non-empty value satisfies
          ---
          duration_ms: 1.985467
          ...
        # Subtest: wrong type does not satisfy
        ok 2 - wrong type does not satisfy
          ---
          duration_ms: 0.382315
          ...
        # Subtest: empty value does not satisfy
        ok 3 - empty value does not satisfy
          ---
          duration_ms: 0.313352
          ...
        1..3
    ok 1 - proofSatisfiesRequirement
      ---
      duration_ms: 4.205598
      type: 'suite'
      ...
    # Subtest: validateProof
        # Subtest: valid when all requirements met
        ok 1 - valid when all requirements met
          ---
          duration_ms: 0.765856
          ...
        # Subtest: invalid when requirements missing
        ok 2 - invalid when requirements missing
          ---
          duration_ms: 0.370612
          ...
        # Subtest: peer audit satisfied when verified by different agent
        ok 3 - peer audit satisfied when verified by different agent
          ---
          duration_ms: 0.366708
          ...
        # Subtest: empty requirements always valid
        ok 4 - empty requirements always valid
          ---
          duration_ms: 0.299951
          ...
        1..4
    ok 2 - validateProof
      ---
      duration_ms: 2.698745
      type: 'suite'
      ...
    # Subtest: recordReview
        # Subtest: pass moves to Complete
        not ok 1 - pass moves to Complete
          ---
          duration_ms: 5.55176
          location: '/data/code/AgentHive/src/test/acceptance.test.ts:94:24'
          failureType: 'testCodeFailure'
          error: |-
            Expected values to be strictly equal:
            + actual - expected
            
            + 'Reached'
            - 'Complete'
          code: 'ERR_ASSERTION'
          name: 'AssertionError'
          expected: 'Complete'
          actual: 'Reached'
          operator: 'strictEqual'
          stack: |-
            TestContext.<anonymous> (file:///data/code/AgentHive/src/test/acceptance.test.ts:98:23)
            Test.runInAsyncScope (node:async_hooks:206:9)
            Test.run (node:internal/test_runner/test:796:25)
            Test.start (node:internal/test_runner/test:702:17)
            node:internal/test_runner/test:1133:71
            node:internal/per_context/primordials:482:82
            new Promise (<anonymous>)
            new SafePromise (node:internal/per_context/primordials:450:29)
            node:internal/per_context/primordials:482:9
            Array.map (<anonymous>)
          ...
        # Subtest: fail returns to claimant
        ok 2 - fail returns to claimant
          ---
          duration_ms: 1.806458
          ...
        # Subtest: escalates after max attempts
        ok 3 - escalates after max attempts
          ---
          duration_ms: 0.612115
          ...
        # Subtest: pass resets escalation tracking
        not ok 4 - pass resets escalation tracking
          ---
          duration_ms: 0.621794
          location: '/data/code/AgentHive/src/test/acceptance.test.ts:133:24'
          failureType: 'testCodeFailure'
          error: |-
            Expected values to be strictly equal:
            + actual - expected
            
            + 'Reached'
            - 'Complete'
          code: 'ERR_ASSERTION'
          name: 'AssertionError'
          expected: 'Complete'
          actual: 'Reached'
          operator: 'strictEqual'
          stack: |-
            TestContext.<anonymous> (file:///data/code/AgentHive/src/test/acceptance.test.ts:144:23)
            Test.runInAsyncScope (node:async_hooks:206:9)
            Test.run (node:internal/test_runner/test:796:25)
            Suite.processPendingSubtests (node:internal/test_runner/test:526:18)
            Test.postRun (node:internal/test_runner/test:889:19)
            Test.run (node:internal/test_runner/test:835:12)
            async Suite.processPendingSubtests (node:internal/test_runner/test:526:7)
          ...
        1..4
    not ok 3 - recordReview
      ---
      duration_ms: 9.402186
      type: 'suite'
      location: '/data/code/AgentHive/src/test/acceptance.test.ts:93:26'
      failureType: 'subtestsFailed'
      error: '2 subtests failed'
      code: 'ERR_TEST_FAILURE'
      ...
    # Subtest: shouldEscalate
        # Subtest: returns false when under threshold
        ok 1 - returns false when under threshold
          ---
          duration_ms: 0.588341
          ...
        # Subtest: returns true when at threshold with all fails
        ok 2 - returns true when at threshold with all fails
          ---
          duration_ms: 0.385001
          ...
        # Subtest: returns false if any pass exists
        ok 3 - returns false if any pass exists
          ---
          duration_ms: 0.386994
          ...
        1..3
    ok 4 - shouldEscalate
      ---
      duration_ms: 1.981494
      type: 'suite'
      ...
    # Subtest: getOriginalClaimant
        # Subtest: returns claimant from first entry
        ok 1 - returns claimant from first entry
          ---
          duration_ms: 0.716739
          ...
        # Subtest: returns null for empty history
        ok 2 - returns null for empty history
          ---
          duration_ms: 0.301876
          ...
        1..2
    ok 5 - getOriginalClaimant
      ---
      duration_ms: 1.393833
      type: 'suite'
      ...
    # Subtest: parseReviewHistory
        # Subtest: parses review entries from markdown
        ok 1 - parses review entries from markdown
          ---
          duration_ms: 1.154192
          ...
        # Subtest: returns empty history when no section
        ok 2 - returns empty history when no section
          ---
          duration_ms: 0.616769
          ...
        1..2
    ok 6 - parseReviewHistory
      ---
      duration_ms: 2.098472
      type: 'suite'
      ...
    # Subtest: serializeReviewHistory
        # Subtest: serializes history to markdown
        ok 1 - serializes history to markdown
          ---
          duration_ms: 0.613326
          ...
        # Subtest: returns empty string for empty history
        ok 2 - returns empty string for empty history
          ---
          duration_ms: 0.320426
          ...
        1..2
    ok 7 - serializeReviewHistory
      ---
      duration_ms: 1.260877
      type: 'suite'
      ...
    # Subtest: parseProofReferences
        # Subtest: parses proof references from markdown
        ok 1 - parses proof references from markdown
          ---
          duration_ms: 0.824385
          ...
        1..1
    ok 8 - parseProofReferences
      ---
      duration_ms: 1.062588
      type: 'suite'
      ...
    # Subtest: serializeProofReferences
        # Subtest: serializes references to markdown
        ok 1 - serializes references to markdown
          ---
          duration_ms: 0.512815
          ...
        1..1
    ok 9 - serializeProofReferences
      ---
      duration_ms: 0.813268
      type: 'suite'
      ...
    # Subtest: parseProofRequirements
        # Subtest: parses requirements from markdown
        ok 1 - parses requirements from markdown
          ---
          duration_ms: 0.724773
          ...
        1..1
    ok 10 - parseProofRequirements
      ---
      duration_ms: 0.992232
      type: 'suite'
      ...
    # Subtest: roundtrip
        # Subtest: review history parse/serialize preserves data
        ok 1 - review history parse/serialize preserves data
          ---
          duration_ms: 0.51804
          ...
        1..1
    ok 11 - roundtrip
      ---
      duration_ms: 0.739791
      type: 'suite'
      ...
    1..11
not ok 5 - Acceptance Module
  ---
  duration_ms: 29.716157
  type: 'suite'
  location: '/data/code/AgentHive/src/test/acceptance.test.ts:22:24'
  failureType: 'subtestsFailed'
  error: '1 subtest failed'
  code: 'ERR_TEST_FAILURE'
  ...
# Subtest: addAgentInstructions
    # Subtest: creates guideline files when none exist
    ok 1 - creates guideline files when none exist
      ---
      duration_ms: 48.744536
      ...
    # Subtest: appends guideline files when they already exist
    ok 2 - appends guideline files when they already exist
      ---
      duration_ms: 41.513064
      ...
    # Subtest: creates only selected files
    ok 3 - creates only selected files
      ---
      duration_ms: 15.751582
      ...
    # Subtest: loads guideline content from file paths
    ok 4 - loads guideline content from file paths
      ---
      duration_ms: 6.418359
      ...
    # Subtest: does not duplicate content when run multiple times (idempotent)
    ok 5 - does not duplicate content when run multiple times (idempotent)
      ---
      duration_ms: 17.783637
      ...
    # Subtest: preserves existing content and adds Roadmap.md content only once
    ok 6 - preserves existing content and adds Roadmap.md content only once
      ---
      duration_ms: 8.14106
      ...
    # Subtest: handles different file types with appropriate markers
    ok 7 - handles different file types with appropriate markers
      ---
      duration_ms: 12.933102
      ...
    # Subtest: replaces CLI guidelines with MCP nudge when switching modes
    ok 8 - replaces CLI guidelines with MCP nudge when switching modes
      ---
      duration_ms: 6.491566
      ...
    # Subtest: replaces MCP nudge with CLI guidelines when switching modes
    ok 9 - replaces MCP nudge with CLI guidelines when switching modes
      ---
      duration_ms: 10.108989
      ...
    1..9
ok 6 - addAgentInstructions
  ---
  duration_ms: 171.42214
  type: 'suite'
  ...
# Subtest: Agent Registry
    # Subtest: should register an agent with new profile fields
    ok 1 - should register an agent with new profile fields
      ---
      duration_ms: 121.617427
      ...
    # Subtest: should discover agent profiles from worktrees
    ok 2 - should discover agent profiles from worktrees
      ---
      duration_ms: 128.517029
      ...
    # Subtest: should merge worktree profile into registered agent
    ok 3 - should merge worktree profile into registered agent
      ---
      duration_ms: 87.207632
      ...
    # Subtest: should handle missing profile fields with safe fallbacks
    ok 4 - should handle missing profile fields with safe fallbacks
      ---
      duration_ms: 64.304294
      ...
    1..4
ok 7 - Agent Registry
  ---
  duration_ms: 404.637878
  type: 'suite'
  ...
# Subtest: processAgentSelection
    # Subtest: returns explicit selections
    ok 1 - returns explicit selections
      ---
      duration_ms: 3.583114
      ...
    # Subtest: auto-selects highlighted item when none selected and fallback enabled
    ok 2 - auto-selects highlighted item when none selected and fallback enabled
      ---
      duration_ms: 0.482597
      ...
    # Subtest: does not auto-select highlight when fallback disabled
    ok 3 - does not auto-select highlight when fallback disabled
      ---
      duration_ms: 0.398404
      ...
    # Subtest: ignores placeholder highlight even when fallback enabled
    ok 4 - ignores placeholder highlight even when fallback enabled
      ---
      duration_ms: 0.390148
      ...
    # Subtest: requires retry when nothing highlighted or selected
    ok 5 - requires retry when nothing highlighted or selected
      ---
      duration_ms: 0.34325
      ...
    # Subtest: filters out 'none' when combined with other selections
    ok 6 - filters out 'none' when combined with other selections
      ---
      duration_ms: 0.387596
      ...
    # Subtest: reports skip when only 'none' is selected
    ok 7 - reports skip when only 'none' is selected
      ---
      duration_ms: 0.407504
      ...
    # Subtest: dedupes selections while preserving order
    ok 8 - dedupes selections while preserving order
      ---
      duration_ms: 0.413128
      ...
    1..8
ok 8 - processAgentSelection
  ---
  duration_ms: 10.143741
  type: 'suite'
  ...
# Subtest: Append Implementation Notes via proposal edit --append-notes
    # Subtest: appends to existing Implementation Notes with single blank line separation
    not ok 1 - appends to existing Implementation Notes with single blank line separation
      ---
      duration_ms: 235.493513
      location: '/data/code/AgentHive/src/test/append-implementation-notes.test.ts:36:20'
      failureType: 'testCodeFailure'
      error: |-
        Expected values to be strictly equal:
        
        9 !== 0
        
      code: 'ERR_ASSERTION'
      name: 'AssertionError'
      expected: 0
      actual: 9
      operator: 'strictEqual'
      stack: |-
        TestContext.<anonymous> (file:///data/code/AgentHive/src/test/append-implementation-notes.test.ts:55:25)
        async Test.run (node:internal/test_runner/test:797:9)
        async Promise.all (index 0)
        async Suite.run (node:internal/test_runner/test:1135:7)
        async Test.processPendingSubtests (node:internal/test_runner/test:526:7)
      ...
    # Subtest: creates Implementation Notes at correct position when missing (after Plan)
    not ok 2 - creates Implementation Notes at correct position when missing (after Plan)
      ---
      duration_ms: 107.395397
      location: '/data/code/AgentHive/src/test/append-implementation-notes.test.ts:67:20'
      failureType: 'testCodeFailure'
      error: |-
        Expected values to be strictly equal:
        
        9 !== 0
        
      code: 'ERR_ASSERTION'
      name: 'AssertionError'
      expected: 0
      actual: 9
      operator: 'strictEqual'
      stack: |-
        TestContext.<anonymous> (file:///data/code/AgentHive/src/test/append-implementation-notes.test.ts:86:25)
        async Test.run (node:internal/test_runner/test:797:9)
        async Suite.processPendingSubtests (node:internal/test_runner/test:526:7)
      ...
    # Subtest: supports multi-line appended content and preserves literal newlines
    not ok 3 - supports multi-line appended content and preserves literal newlines
      ---
      duration_ms: 105.304969
      location: '/data/code/AgentHive/src/test/append-implementation-notes.test.ts:97:20'
      failureType: 'testCodeFailure'
      error: |-
        Expected values to be strictly equal:
        
        9 !== 0
        
      code: 'ERR_ASSERTION'
      name: 'AssertionError'
      expected: 0
      actual: 9
      operator: 'strictEqual'
      stack: |-
        TestContext.<anonymous> (file:///data/code/AgentHive/src/test/append-implementation-notes.test.ts:116:25)
        async Test.run (node:internal/test_runner/test:797:9)
        async Suite.processPendingSubtests (node:internal/test_runner/test:526:7)
      ...
    # Subtest: allows combining --notes (replace) with --append-notes (append)
    not ok 4 - allows combining --notes (replace) with --append-notes (append)
      ---
      duration_ms: 102.247439
      location: '/data/code/AgentHive/src/test/append-implementation-notes.test.ts:123:20'
      failureType: 'testCodeFailure'
      error: |-
        Expected values to be strictly equal:
        
        9 !== 0
        
      code: 'ERR_ASSERTION'
      name: 'AssertionError'
      expected: 0
      actual: 9
      operator: 'strictEqual'
      stack: |-
        TestContext.<anonymous> (file:///data/code/AgentHive/src/test/append-implementation-notes.test.ts:142:25)
        async Test.run (node:internal/test_runner/test:797:9)
        async Suite.processPendingSubtests (node:internal/test_runner/test:526:7)
      ...
    1..4
not ok 9 - Append Implementation Notes via proposal edit --append-notes
  ---
  duration_ms: 553.928245
  type: 'suite'
  location: '/data/code/AgentHive/src/test/append-implementation-notes.test.ts:14:24'
  failureType: 'subtestsFailed'
  error: '4 subtests failed'
  code: 'ERR_TEST_FAILURE'
  ...
# Subtest: AuditTrail (proposal-53)
    # Subtest: AC\#1: Proposal transition logging
        # Subtest: should log proposal transitions with timestamp and actor
        ok 1 - should log proposal transitions with timestamp and actor
          ---
          duration_ms: 13.076379
          ...
        # Subtest: should log proposal transitions with additional details
        ok 2 - should log proposal transitions with additional details
          ---
          duration_ms: 5.647196
          ...
        1..2
    ok 1 - AC\#1: Proposal transition logging
      ---
      duration_ms: 20.494503
      type: 'suite'
      ...
    # Subtest: AC\#2: Authentication logging
        # Subtest: should log successful authentication
        ok 1 - should log successful authentication
          ---
          duration_ms: 10.372908
          ...
        # Subtest: should log failed authentication with reason
        ok 2 - should log failed authentication with reason
          ---
          duration_ms: 8.564811
          ...
        1..2
    ok 2 - AC\#2: Authentication logging
      ---
      duration_ms: 19.738914
      type: 'suite'
      ...
    # Subtest: AC\#3: Rate limit violation logging
        # Subtest: should log rate limit violations with agent ID
        ok 1 - should log rate limit violations with agent ID
          ---
          duration_ms: 5.360567
          ...
        1..1
    ok 3 - AC\#3: Rate limit violation logging
      ---
      duration_ms: 6.204753
      type: 'suite'
      ...
    # Subtest: AC\#4: Audit log querying
        # Subtest: should query events and support filtering
        ok 1 - should query events and support filtering
          ---
          duration_ms: 63.509048
          ...
        # Subtest: should filter by event type
        ok 2 - should filter by event type
          ---
          duration_ms: 30.57098
          ...
        # Subtest: should filter by agent ID
        ok 3 - should filter by agent ID
          ---
          duration_ms: 27.994456
          ...
        # Subtest: should filter by success status
        ok 4 - should filter by success status
          ---
          duration_ms: 19.451695
          ...
        # Subtest: should support pagination
        ok 5 - should support pagination
          ---
          duration_ms: 30.337403
          ...
        # Subtest: should sort by timestamp (newest first)
        ok 6 - should sort by timestamp (newest first)
          ---
          duration_ms: 17.589817
          ...
        1..6
    ok 4 - AC\#4: Audit log querying
      ---
      duration_ms: 191.374161
      type: 'suite'
      ...
    # Subtest: AC\#5: Log retention
        # Subtest: should report retention configuration in stats
        ok 1 - should report retention configuration in stats
          ---
          duration_ms: 6.891311
          ...
        # Subtest: should purge old events
        ok 2 - should purge old events
          ---
          duration_ms: 15.974436
          ...
        # Subtest: should report log file count in stats
        ok 3 - should report log file count in stats
          ---
          duration_ms: 12.887789
          ...
        1..3
    ok 5 - AC\#5: Log retention
      ---
      duration_ms: 36.573405
      type: 'suite'
      ...
    # Subtest: Format helpers
        # Subtest: should format as JSON
        ok 1 - should format as JSON
          ---
          duration_ms: 8.322537
          ...
        # Subtest: should format as table
        ok 2 - should format as table
          ---
          duration_ms: 1.600092
          ...
        # Subtest: should format as text
        ok 3 - should format as text
          ---
          duration_ms: 8.119262
          ...
        1..3
    ok 6 - Format helpers
      ---
      duration_ms: 18.649442
      type: 'suite'
      ...
    1..6
ok 10 - AuditTrail (proposal-53)
  ---
  duration_ms: 325.042199
  type: 'suite'
  ...
# Subtest: AgentAuth (proposal-51)
    # Subtest: AC\#1: Identity key generation on first run
        # Subtest: should generate Ed25519 key pair on first initialization
        ok 1 - should generate Ed25519 key pair on first initialization
          ---
          duration_ms: 12.871518
          ...
        # Subtest: should persist identity to disk
        ok 2 - should persist identity to disk
          ---
          duration_ms: 4.432461
          ...
        # Subtest: should load existing identity on subsequent runs
        ok 3 - should load existing identity on subsequent runs
          ---
          duration_ms: 2.593141
          ...
        # Subtest: should return identity via getIdentity()
        ok 4 - should return identity via getIdentity()
          ---
          duration_ms: 0.507643
          ...
        1..4
    ok 1 - AC\#1: Identity key generation on first run
      ---
      duration_ms: 22.041342
      type: 'suite'
      ...
    # Subtest: AC\#2: Token issuance via daemon API
        # Subtest: should issue a token with correct structure
        ok 1 - should issue a token with correct structure
          ---
          duration_ms: 4.35194
          ...
        # Subtest: should reject token issuance for unknown agent
        ok 2 - should reject token issuance for unknown agent
          ---
          duration_ms: 1.237095
          ...
        # Subtest: token payload should contain expected fields
        ok 3 - token payload should contain expected fields
          ---
          duration_ms: 2.640058
          ...
        1..3
    ok 2 - AC\#2: Token issuance via daemon API
      ---
      duration_ms: 9.063812
      type: 'suite'
      ...
    # Subtest: AC\#3: Identity verification
        # Subtest: should verify a valid token
        ok 1 - should verify a valid token
          ---
          duration_ms: 4.189713
          ...
        # Subtest: should reject an invalid token string
        ok 2 - should reject an invalid token string
          ---
          duration_ms: 0.523986
          ...
        # Subtest: should reject a token with wrong prefix
        ok 3 - should reject a token with wrong prefix
          ---
          duration_ms: 0.422937
          ...
        # Subtest: should reject a tampered token
        ok 4 - should reject a tampered token
          ---
          duration_ms: 3.067747
          ...
        # Subtest: should reject an expired token
        ok 5 - should reject an expired token
          ---
          duration_ms: 97.606876
          ...
        1..5
    ok 3 - AC\#3: Identity verification
      ---
      duration_ms: 106.79805
      type: 'suite'
      ...
    # Subtest: AC\#4: Audit events include agent ID
        # Subtest: should log token issuance as audit event
        ok 1 - should log token issuance as audit event
          ---
          duration_ms: 7.915951
          ...
        # Subtest: should log token verification as audit event
        ok 2 - should log token verification as audit event
          ---
          duration_ms: 10.539775
          ...
        # Subtest: should log failed verification as audit event
        ok 3 - should log failed verification as audit event
          ---
          duration_ms: 0.457317
          ...
        # Subtest: should flush audit log to disk
        ok 4 - should flush audit log to disk
          ---
          duration_ms: 13.235811
          ...
        1..4
    ok 4 - AC\#4: Audit events include agent ID
      ---
      duration_ms: 33.135541
      type: 'suite'
      ...
    # Subtest: AC\#5: Key rotation without downtime
        # Subtest: should rotate keys and increment version
        ok 1 - should rotate keys and increment version
          ---
          duration_ms: 8.438937
          ...
        # Subtest: should issue tokens with new key version after rotation
        ok 2 - should issue tokens with new key version after rotation
          ---
          duration_ms: 3.701964
          ...
        # Subtest: should verify tokens signed with new keys
        ok 3 - should verify tokens signed with new keys
          ---
          duration_ms: 4.715408
          ...
        # Subtest: should archive old key version to disk
        ok 4 - should archive old key version to disk
          ---
          duration_ms: 13.344196
          ...
        # Subtest: should log key rotation as audit event
        ok 5 - should log key rotation as audit event
          ---
          duration_ms: 0.492187
          ...
        1..5
    ok 5 - AC\#5: Key rotation without downtime
      ---
      duration_ms: 31.407542
      type: 'suite'
      ...
    1..5
ok 11 - AgentAuth (proposal-51)
  ---
  duration_ms: 225.262298
  type: 'suite'
  ...
# Subtest: extractBearerToken
    # Subtest: should extract token from valid Authorization header
    ok 1 - should extract token from valid Authorization header
      ---
      duration_ms: 0.504134
      ...
    # Subtest: should return null for missing header
    ok 2 - should return null for missing header
      ---
      duration_ms: 0.287379
      ...
    # Subtest: should return null for non-Bearer scheme
    ok 3 - should return null for non-Bearer scheme
      ---
      duration_ms: 0.442591
      ...
    # Subtest: should handle array-valued headers
    ok 4 - should handle array-valued headers
      ---
      duration_ms: 1.100588
      ...
    1..4
ok 12 - extractBearerToken
  ---
  duration_ms: 3.050131
  type: 'suite'
  ...
# Subtest: Auto-commit configuration
    # Subtest: Config migration
        # Subtest: should include autoCommit in default config with false value
        ok 1 - should include autoCommit in default config with false value
          ---
          duration_ms: 200.813164
          ...
        # Subtest: should migrate existing config to include autoCommit
        ok 2 - should migrate existing config to include autoCommit
          ---
          duration_ms: 129.018329
          ...
        1..2
    ok 1 - Config migration
      ---
      duration_ms: 331.83437
      type: 'suite'
      ...
    # Subtest: Core operations with autoCommit disabled
        # Subtest: should not auto-commit when creating proposal with autoCommit disabled in config
        ok 1 - should not auto-commit when creating proposal with autoCommit disabled in config
          ---
          duration_ms: 171.393083
          ...
        # Subtest: should auto-commit when explicitly passing true to createProposal
        ok 2 - should auto-commit when explicitly passing true to createProposal
          ---
          duration_ms: 225.617272
          ...
        # Subtest: should not auto-commit when updating proposal with autoCommit disabled in config
        not ok 3 - should not auto-commit when updating proposal with autoCommit disabled in config
          ---
          duration_ms: 308.852557
          location: '/data/code/AgentHive/src/test/auto-commit.test.ts:113:22'
          failureType: 'testCodeFailure'
          error: 'Proposal not found: proposal-3'
          code: 'ERR_TEST_FAILURE'
          stack: |-
            Core.updateProposalFromInput (/data/code/AgentHive/src/core/roadmap.ts:2285:13)
            async TestContext.<anonymous> (file:///data/code/AgentHive/src/test/auto-commit.test.ts:128:7)
            async Test.run (node:internal/test_runner/test:797:9)
            async Suite.processPendingSubtests (node:internal/test_runner/test:526:7)
          ...
        # Subtest: should not auto-commit when archiving proposal with autoCommit disabled in config
        not ok 4 - should not auto-commit when archiving proposal with autoCommit disabled in config
          ---
          duration_ms: 262.738419
          location: '/data/code/AgentHive/src/test/auto-commit.test.ts:136:22'
          failureType: 'testCodeFailure'
          error: |-
            Expected values to be strictly equal:
            
            true !== false
            
          code: 'ERR_ASSERTION'
          name: 'AssertionError'
          expected: false
          actual: true
          operator: 'strictEqual'
          stack: |-
            TestContext.<anonymous> (file:///data/code/AgentHive/src/test/auto-commit.test.ts:156:27)
            process.processTicksAndRejections (node:internal/process/task_queues:95:5)
            async Test.run (node:internal/test_runner/test:797:9)
            async Suite.processPendingSubtests (node:internal/test_runner/test:526:7)
          ...
        1..4
    not ok 2 - Core operations with autoCommit disabled
      ---
      duration_ms: 970.756778
      type: 'suite'
      location: '/data/code/AgentHive/src/test/auto-commit.test.ts:63:26'
      failureType: 'subtestsFailed'
      error: '2 subtests failed'
      code: 'ERR_TEST_FAILURE'
      ...
    # Subtest: Core operations with autoCommit enabled
        # Subtest: should auto-commit when creating proposal with autoCommit enabled in config
        ok 1 - should auto-commit when creating proposal with autoCommit enabled in config
          ---
          duration_ms: 303.997055
          ...
        # Subtest: should not auto-commit when explicitly passing false to createProposal
        ok 2 - should not auto-commit when explicitly passing false to createProposal
          ---
          duration_ms: 203.206364
          ...
        # Subtest: should auto-commit archive cleanup updates when archiving a proposal
        not ok 3 - should auto-commit archive cleanup updates when archiving a proposal
          ---
          duration_ms: 393.457427
          location: '/data/code/AgentHive/src/test/auto-commit.test.ts:215:22'
          failureType: 'testCodeFailure'
          error: |-
            Expected values to be strictly deep-equal:
            + actual - expected
            
            + undefined
            - []
          code: 'ERR_ASSERTION'
          name: 'AssertionError'
          expected:
          operator: 'deepStrictEqual'
          stack: |-
            TestContext.<anonymous> (file:///data/code/AgentHive/src/test/auto-commit.test.ts:244:27)
            async Test.run (node:internal/test_runner/test:797:9)
            async Suite.processPendingSubtests (node:internal/test_runner/test:526:7)
          ...
        1..3
    not ok 3 - Core operations with autoCommit enabled
      ---
      duration_ms: 903.171662
      type: 'suite'
      location: '/data/code/AgentHive/src/test/auto-commit.test.ts:160:26'
      failureType: 'subtestsFailed'
      error: '1 subtest failed'
      code: 'ERR_TEST_FAILURE'
      ...
    # Subtest: Draft operations
        # Subtest: should respect autoCommit config for draft operations
        ok 1 - should respect autoCommit config for draft operations
          ---
          duration_ms: 182.032623
          ...
        # Subtest: should respect autoCommit config for promote draft operations
        ok 2 - should respect autoCommit config for promote draft operations
          ---
          duration_ms: 224.918415
          ...
        1..2
    ok 4 - Draft operations
      ---
      duration_ms: 407.508671
      type: 'suite'
      ...
    1..4
not ok 13 - Auto-commit configuration
  ---
  duration_ms: 2618.348323
  type: 'suite'
  location: '/data/code/AgentHive/src/test/auto-commit.test.ts:11:24'
  failureType: 'subtestsFailed'
  error: '2 subtests failed'
  code: 'ERR_TEST_FAILURE'
  ...
# Subtest: Board command integration
    # Subtest: Board loading
        # Subtest: should load board without errors
        ok 1 - should load board without errors
          ---
          duration_ms: 303.68745
          ...
        # Subtest: should handle empty proposal list gracefully
        ok 2 - should handle empty proposal list gracefully
          ---
          duration_ms: 170.577283
          ...
        # Subtest: should validate ViewSwitcher initialization with kanban view
        ok 3 - should validate ViewSwitcher initialization with kanban view
          ---
          duration_ms: 169.320036
          ...
        # Subtest: should handle getKanbanData method correctly
        ok 4 - should handle getKanbanData method correctly
          ---
          duration_ms: 167.71754
          ...
        1..4
    ok 1 - Board loading
      ---
      duration_ms: 813.407541
      type: 'suite'
      ...
    # Subtest: Cross-branch proposal resolution
        # Subtest: should handle getLatestProposalProposalsForIds with proper parameters
        ok 1 - should handle getLatestProposalProposalsForIds with proper parameters
          ---
          duration_ms: 213.203882
          ...
        1..1
    ok 2 - Cross-branch proposal resolution
      ---
      duration_ms: 214.47762
      type: 'suite'
      ...
    1..2
ok 14 - Board command integration
  ---
  duration_ms: 1029.34825
  type: 'suite'
  ...
# Subtest: Board loading with checkActiveBranches config
    # Subtest: should respect checkActiveBranches=false in Core.loadProposals
    ok 1 - should respect checkActiveBranches=false in Core.loadProposals
      ---
      duration_ms: 17.393217
      ...
    # Subtest: should respect checkActiveBranches=true in Core.loadProposals
    ok 2 - should respect checkActiveBranches=true in Core.loadProposals
      ---
      duration_ms: 6.979905
      ...
    # Subtest: should handle undefined checkActiveBranches (defaults to true)
    ok 3 - should handle undefined checkActiveBranches (defaults to true)
      ---
      duration_ms: 3.97239
      ...
    1..3
ok 15 - Board loading with checkActiveBranches config
  ---
  duration_ms: 31.061607
  type: 'suite'
  ...
# Subtest: Board - Large Proposal Lists
    # Subtest: handles 100+ proposals without crashing
    ok 1 - handles 100+ proposals without crashing
      ---
      duration_ms: 2.714481
      ...
    # Subtest: handles 500 proposals efficiently
    ok 2 - handles 500 proposals efficiently
      ---
      duration_ms: 1.459557
      ...
    # Subtest: column rendering with 50 proposals per column
    ok 3 - column rendering with 50 proposals per column
      ---
      duration_ms: 0.39913
      ...
    1..3
ok 16 - Board - Large Proposal Lists
  ---
  duration_ms: 9.640416
  type: 'suite'
  ...
# Subtest: Board - Unicode & Special Characters
    # Subtest: handles unicode in proposal titles
    ok 1 - handles unicode in proposal titles
      ---
      duration_ms: 0.565988
      ...
    # Subtest: handles very long titles
    ok 2 - handles very long titles
      ---
      duration_ms: 0.335232
      ...
    # Subtest: handles newlines in descriptions
    ok 3 - handles newlines in descriptions
      ---
      duration_ms: 0.323163
      ...
    # Subtest: handles special HTML-like characters
    ok 4 - handles special HTML-like characters
      ---
      duration_ms: 0.51131
      ...
    # Subtest: handles empty strings gracefully
    ok 5 - handles empty strings gracefully
      ---
      duration_ms: 0.369609
      ...
    1..5
ok 17 - Board - Unicode & Special Characters
  ---
  duration_ms: 3.301718
  type: 'suite'
  ...
# Subtest: Board - Boundary Conditions
    # Subtest: handles proposal with no ID
    ok 1 - handles proposal with no ID
      ---
      duration_ms: 0.4643
      ...
    # Subtest: handles proposal with unknown status
    ok 2 - handles proposal with unknown status
      ---
      duration_ms: 0.312349
      ...
    # Subtest: handles proposals with circular dependencies
    ok 3 - handles proposals with circular dependencies
      ---
      duration_ms: 0.668606
      ...
    # Subtest: handles proposals with many dependencies
    ok 4 - handles proposals with many dependencies
      ---
      duration_ms: 0.513266
      ...
    # Subtest: handles proposals with many labels
    ok 5 - handles proposals with many labels
      ---
      duration_ms: 0.396996
      ...
    # Subtest: handles proposals with empty arrays
    ok 6 - handles proposals with empty arrays
      ---
      duration_ms: 1.391787
      ...
    1..6
ok 18 - Board - Boundary Conditions
  ---
  duration_ms: 4.40125
  type: 'suite'
  ...
# Subtest: Board - Column Operations
    # Subtest: adds new column for unknown status
    ok 1 - adds new column for unknown status
      ---
      duration_ms: 0.418403
      ...
    # Subtest: removes empty column when last proposal moves
    ok 2 - removes empty column when last proposal moves
      ---
      duration_ms: 0.375031
      ...
    # Subtest: preserves column order after proposal moves
    ok 3 - preserves column order after proposal moves
      ---
      duration_ms: 0.572456
      ...
    1..3
ok 19 - Board - Column Operations
  ---
  duration_ms: 1.837288
  type: 'suite'
  ...
# Subtest: Board - Filter Edge Cases
    # Subtest: filter by multiple labels (OR logic)
    ok 1 - filter by multiple labels (OR logic)
      ---
      duration_ms: 0.78487
      ...
    # Subtest: filter by single label
    ok 2 - filter by single label
      ---
      duration_ms: 0.384981
      ...
    # Subtest: filter returns empty for non-matching
    ok 3 - filter returns empty for non-matching
      ---
      duration_ms: 0.348711
      ...
    # Subtest: search matches title partial
    ok 4 - search matches title partial
      ---
      duration_ms: 0.394765
      ...
    # Subtest: search is case-insensitive
    ok 5 - search is case-insensitive
      ---
      duration_ms: 0.360885
      ...
    1..5
ok 20 - Board - Filter Edge Cases
  ---
  duration_ms: 2.821468
  type: 'suite'
  ...
# Subtest: Board - Concurrent Operations
    # Subtest: handles multiple proposal transitions
    ok 1 - handles multiple proposal transitions
      ---
      duration_ms: 0.372996
      ...
    # Subtest: handles bulk status update
    ok 2 - handles bulk status update
      ---
      duration_ms: 0.722479
      ...
    1..2
ok 21 - Board - Concurrent Operations
  ---
  duration_ms: 1.48421
  type: 'suite'
  ...
# Subtest: Board - Recovery & Error Handling
    # Subtest: handles undefined proposal gracefully
    ok 1 - handles undefined proposal gracefully
      ---
      duration_ms: 0.355519
      ...
    # Subtest: handles corrupted status field
    ok 2 - handles corrupted status field
      ---
      duration_ms: 0.267203
      ...
    # Subtest: recovers from failed column render
    ok 3 - recovers from failed column render
      ---
      duration_ms: 0.407826
      ...
    1..3
ok 22 - Board - Recovery & Error Handling
  ---
  duration_ms: 1.419298
  type: 'suite'
  ...
# Subtest: board keyboard navigation
    # Subtest: Page Down navigation
        # Subtest: should scroll forward by page size
        ok 1 - should scroll forward by page size
          ---
          duration_ms: 1.838479
          ...
        # Subtest: should not exceed last item
        ok 2 - should not exceed last item
          ---
          duration_ms: 0.334566
          ...
        # Subtest: should handle small lists
        ok 3 - should handle small lists
          ---
          duration_ms: 0.325958
          ...
        # Subtest: should handle empty lists
        ok 4 - should handle empty lists
          ---
          duration_ms: 0.308448
          ...
        1..4
    ok 1 - Page Down navigation
      ---
      duration_ms: 4.881985
      type: 'suite'
      ...
    # Subtest: Page Up navigation
        # Subtest: should scroll backward by page size
        ok 1 - should scroll backward by page size
          ---
          duration_ms: 0.690341
          ...
        # Subtest: should not go below first item
        ok 2 - should not go below first item
          ---
          duration_ms: 0.308494
          ...
        # Subtest: should handle being at index 0
        ok 3 - should handle being at index 0
          ---
          duration_ms: 0.439139
          ...
        # Subtest: should handle small page sizes
        ok 4 - should handle small page sizes
          ---
          duration_ms: 0.303666
          ...
        1..4
    ok 2 - Page Up navigation
      ---
      duration_ms: 2.639037
      type: 'suite'
      ...
    # Subtest: Home navigation
        # Subtest: should jump to first item
        ok 1 - should jump to first item
          ---
          duration_ms: 0.42763
          ...
        # Subtest: should always return 0
        ok 2 - should always return 0
          ---
          duration_ms: 0.474384
          ...
        1..2
    ok 3 - Home navigation
      ---
      duration_ms: 3.366017
      type: 'suite'
      ...
    # Subtest: End navigation
        # Subtest: should jump to last item
        ok 1 - should jump to last item
          ---
          duration_ms: 0.489865
          ...
        # Subtest: should handle single item list
        ok 2 - should handle single item list
          ---
          duration_ms: 0.326683
          ...
        # Subtest: should handle empty list
        ok 3 - should handle empty list
          ---
          duration_ms: 0.318021
          ...
        1..3
    ok 4 - End navigation
      ---
      duration_ms: 1.546016
      type: 'suite'
      ...
    # Subtest: Page size calculation
        # Subtest: should calculate page size based on list height
        ok 1 - should calculate page size based on list height
          ---
          duration_ms: 0.384061
          ...
        # Subtest: should have minimum page size of 1
        ok 2 - should have minimum page size of 1
          ---
          duration_ms: 0.283248
          ...
        # Subtest: should use default for undefined height
        ok 3 - should use default for undefined height
          ---
          duration_ms: 0.297348
          ...
        1..3
    ok 5 - Page size calculation
      ---
      duration_ms: 1.384664
      type: 'suite'
      ...
    # Subtest: Edge cases
        # Subtest: should handle page down at last item
        ok 1 - should handle page down at last item
          ---
          duration_ms: 0.386042
          ...
        # Subtest: should handle page up at first item
        ok 2 - should handle page up at first item
          ---
          duration_ms: 0.496192
          ...
        # Subtest: should handle list with exactly page size items
        ok 3 - should handle list with exactly page size items
          ---
          duration_ms: 0.303573
          ...
        # Subtest: should handle fractional page sizes
        ok 4 - should handle fractional page sizes
          ---
          duration_ms: 0.299672
          ...
        1..4
    ok 6 - Edge cases
      ---
      duration_ms: 1.898164
      type: 'suite'
      ...
    1..6
ok 23 - board keyboard navigation
  ---
  duration_ms: 17.747966
  type: 'suite'
  ...
# Subtest: Board Loading with checkActiveBranches
    # Subtest: Core.loadProposals()
        # Subtest: should load proposals with default configuration
        ok 1 - should load proposals with default configuration
          ---
          duration_ms: 404.124099
          ...
        # Subtest: should skip cross-branch checking when checkActiveBranches is false
        ok 2 - should skip cross-branch checking when checkActiveBranches is false
          ---
          duration_ms: 144.326221
          ...
        # Subtest: should perform cross-branch checking when checkActiveBranches is true
        ok 3 - should perform cross-branch checking when checkActiveBranches is true
          ---
          duration_ms: 207.385695
          ...
        # Subtest: should respect activeBranchDays configuration
        ok 4 - should respect activeBranchDays configuration
          ---
          duration_ms: 332.637677
          ...
        # Subtest: should handle cancellation via AbortSignal
        ok 5 - should handle cancellation via AbortSignal
          ---
          duration_ms: 163.654246
          ...
        # Subtest: should handle empty proposal list gracefully
        ok 6 - should handle empty proposal list gracefully
          ---
          duration_ms: 207.100269
          ...
        # Subtest: should pass progress callbacks correctly
        ok 7 - should pass progress callbacks correctly
          ---
          duration_ms: 188.352514
          ...
        1..7
    ok 1 - Core.loadProposals()
      ---
      duration_ms: 1652.997798
      type: 'suite'
      ...
    # Subtest: Config integration
        # Subtest: should use default values when config properties are undefined
        ok 1 - should use default values when config properties are undefined
          ---
          duration_ms: 187.778995
          ...
        # Subtest: should handle config with checkActiveBranches explicitly set to false
        ok 2 - should handle config with checkActiveBranches explicitly set to false
          ---
          duration_ms: 118.339379
          ...
        1..2
    ok 2 - Config integration
      ---
      duration_ms: 306.911076
      type: 'suite'
      ...
    1..2
ok 24 - Board Loading with checkActiveBranches
  ---
  duration_ms: 1961.490055
  type: 'suite'
  ...
# Subtest: shouldRebuildColumns
    # Subtest: returns false when columns and proposal ordering are unchanged
    ok 1 - returns false when columns and proposal ordering are unchanged
      ---
      duration_ms: 2.448842
      ...
    # Subtest: returns true when a column loses items
    ok 2 - returns true when a column loses items
      ---
      duration_ms: 0.461152
      ...
    # Subtest: returns true when column proposal ordering changes
    ok 3 - returns true when column proposal ordering changes
      ---
      duration_ms: 0.428281
      ...
    # Subtest: returns true when number of columns changes
    ok 4 - returns true when number of columns changes
      ---
      duration_ms: 0.389132
      ...
    1..4
ok 25 - shouldRebuildColumns
  ---
  duration_ms: 6.285886
  type: 'suite'
  ...
# Subtest: filterBoardColumns
    # Subtest: returns all columns when no filters are active
    ok 1 - returns all columns when no filters are active
      ---
      duration_ms: 0.838208
      ...
    # Subtest: filters out empty columns when hideEmpty is true
    ok 2 - filters out empty columns when hideEmpty is true
      ---
      duration_ms: 0.493245
      ...
    # Subtest: filters out abandoned columns when hideAbandoned is true
    ok 3 - filters out abandoned columns when hideAbandoned is true
      ---
      duration_ms: 0.503478
      ...
    # Subtest: applies both filters simultaneously
    ok 4 - applies both filters simultaneously
      ---
      duration_ms: 0.676672
      ...
    # Subtest: keeps abandoned columns with proposals when hideEmpty is true
    ok 5 - keeps abandoned columns with proposals when hideEmpty is true
      ---
      duration_ms: 0.561161
      ...
    1..5
ok 26 - filterBoardColumns
  ---
  duration_ms: 4.040844
  type: 'suite'
  ...
# Subtest: AC\#2: TUI Board Rendering
    # Subtest: renders proposals grouped by status into columns
    ok 1 - renders proposals grouped by status into columns
      ---
      duration_ms: 1.807636
      ...
    # Subtest: respects configured status order for column layout
    ok 2 - respects configured status order for column layout
      ---
      duration_ms: 0.491517
      ...
    # Subtest: handles empty proposal list gracefully
    ok 3 - handles empty proposal list gracefully
      ---
      duration_ms: 0.333709
      ...
    # Subtest: shows proposal count in column header
    ok 4 - shows proposal count in column header
      ---
      duration_ms: 0.463886
      ...
    1..4
ok 27 - AC\#2: TUI Board Rendering
  ---
  duration_ms: 5.317767
  type: 'suite'
  ...
# Subtest: AC\#3: Tab Navigation
    # Subtest: cycles through views in correct order
    not ok 1 - cycles through views in correct order
      ---
      duration_ms: 5.773497
      location: '/data/code/AgentHive/src/test/board-tui-integration.test.ts:126:20'
      failureType: 'testCodeFailure'
      error: |-
        Expected values to be strictly equal:
        + actual - expected
        
        + 'chat'
        - 'proposal-list'
      code: 'ERR_ASSERTION'
      name: 'AssertionError'
      expected: 'proposal-list'
      actual: 'chat'
      operator: 'strictEqual'
      stack: |-
        TestContext.<anonymous> (file:///data/code/AgentHive/src/test/board-tui-integration.test.ts:141:25)
        Test.runInAsyncScope (node:async_hooks:206:9)
        Test.run (node:internal/test_runner/test:796:25)
        Test.start (node:internal/test_runner/test:702:17)
        node:internal/test_runner/test:1133:71
        node:internal/per_context/primordials:482:82
        new Promise (<anonymous>)
        new SafePromise (node:internal/per_context/primordials:450:29)
        node:internal/per_context/primordials:482:9
        Array.map (<anonymous>)
      ...
    # Subtest: cycles back to proposal-list after headlines
    not ok 2 - cycles back to proposal-list after headlines
      ---
      duration_ms: 0.503941
      location: '/data/code/AgentHive/src/test/board-tui-integration.test.ts:144:20'
      failureType: 'testCodeFailure'
      error: |-
        Expected values to be strictly equal:
        + actual - expected
        
        + 'chat'
        - 'proposal-list'
      code: 'ERR_ASSERTION'
      name: 'AssertionError'
      expected: 'proposal-list'
      actual: 'chat'
      operator: 'strictEqual'
      stack: |-
        TestContext.<anonymous> (file:///data/code/AgentHive/src/test/board-tui-integration.test.ts:152:25)
        Test.runInAsyncScope (node:async_hooks:206:9)
        Test.run (node:internal/test_runner/test:796:25)
        Suite.processPendingSubtests (node:internal/test_runner/test:526:18)
        Test.postRun (node:internal/test_runner/test:889:19)
        Test.run (node:internal/test_runner/test:835:12)
        async Promise.all (index 0)
        async Suite.run (node:internal/test_runner/test:1135:7)
        async Test.processPendingSubtests (node:internal/test_runner/test:526:7)
      ...
    # Subtest: preserves view proposal when switching
    ok 3 - preserves view proposal when switching
      ---
      duration_ms: 0.395818
      ...
    1..3
not ok 28 - AC\#3: Tab Navigation
  ---
  duration_ms: 7.531928
  type: 'suite'
  location: '/data/code/AgentHive/src/test/board-tui-integration.test.ts:121:24'
  failureType: 'subtestsFailed'
  error: '2 subtests failed'
  code: 'ERR_TEST_FAILURE'
  ...
# Subtest: AC\#4: Keyboard Shortcuts
    # Subtest: ~ toggles empty columns visibility
    ok 1 - ~ toggles empty columns visibility
      ---
      duration_ms: 0.608652
      ...
    # Subtest: = toggles abandoned/Parked+Rejected visibility
    ok 2 - = toggles abandoned/Parked+Rejected visibility
      ---
      duration_ms: 0.3743
      ...
    # Subtest: S toggles headlines-only mode
    ok 3 - S toggles headlines-only mode
      ---
      duration_ms: 0.477523
      ...
    # Subtest: / opens search
    ok 4 - / opens search
      ---
      duration_ms: 1.542946
      ...
    # Subtest: P opens priority filter
    ok 5 - P opens priority filter
      ---
      duration_ms: 0.362471
      ...
    # Subtest: F opens label filter
    ok 6 - F opens label filter
      ---
      duration_ms: 0.287859
      ...
    # Subtest: I opens directive filter
    ok 7 - I opens directive filter
      ---
      duration_ms: 0.300585
      ...
    # Subtest: Enter opens proposal detail
    ok 8 - Enter opens proposal detail
      ---
      duration_ms: 0.317044
      ...
    # Subtest: E enters edit mode
    ok 9 - E enters edit mode
      ---
      duration_ms: 0.296328
      ...
    # Subtest: Q quits the board
    ok 10 - Q quits the board
      ---
      duration_ms: 0.269613
      ...
    1..10
ok 29 - AC\#4: Keyboard Shortcuts
  ---
  duration_ms: 6.043738
  type: 'suite'
  ...
# Subtest: AC\#5: Proposal Detail Content
    # Subtest: displays proposal title
    ok 1 - displays proposal title
      ---
      duration_ms: 0.91368
      ...
    # Subtest: displays description
    ok 2 - displays description
      ---
      duration_ms: 0.312825
      ...
    # Subtest: displays acceptance criteria with check status
    ok 3 - displays acceptance criteria with check status
      ---
      duration_ms: 0.2874
      ...
    # Subtest: displays implementation notes
    ok 4 - displays implementation notes
      ---
      duration_ms: 0.273073
      ...
    # Subtest: displays final summary
    ok 5 - displays final summary
      ---
      duration_ms: 0.263173
      ...
    # Subtest: displays labels
    ok 6 - displays labels
      ---
      duration_ms: 0.290156
      ...
    # Subtest: displays priority
    ok 7 - displays priority
      ---
      duration_ms: 0.365426
      ...
    # Subtest: displays assignee
    ok 8 - displays assignee
      ---
      duration_ms: 0.292193
      ...
    # Subtest: handles missing description gracefully
    ok 9 - handles missing description gracefully
      ---
      duration_ms: 0.307454
      ...
    # Subtest: handles missing ACs gracefully
    ok 10 - handles missing ACs gracefully
      ---
      duration_ms: 0.265583
      ...
    1..10
ok 30 - AC\#5: Proposal Detail Content
  ---
  duration_ms: 5.609715
  type: 'suite'
  ...
# Subtest: AC\#6: Regression - Critical Board Paths
    # Subtest: handles proposal with all fields populated
    ok 1 - handles proposal with all fields populated
      ---
      duration_ms: 0.57623
      ...
    # Subtest: handles proposal with minimal fields
    ok 2 - handles proposal with minimal fields
      ---
      duration_ms: 0.333184
      ...
    # Subtest: column filtering preserves proposal ordering
    ok 3 - column filtering preserves proposal ordering
      ---
      duration_ms: 0.362315
      ...
    # Subtest: proposal priority ordering works correctly
    ok 4 - proposal priority ordering works correctly
      ---
      duration_ms: 0.38239
      ...
    # Subtest: AC checked/unchecked rendering is correct
    ok 5 - AC checked/unchecked rendering is correct
      ---
      duration_ms: 0.302947
      ...
    # Subtest: hidden statuses are filtered from board
    ok 6 - hidden statuses are filtered from board
      ---
      duration_ms: 0.366988
      ...
    1..6
ok 31 - AC\#6: Regression - Critical Board Paths
  ---
  duration_ms: 2.922618
  type: 'suite'
  ...
# Subtest: TUI Content Generation
    # Subtest: generates kanban column content
    ok 1 - generates kanban column content
      ---
      duration_ms: 1.975945
      ...
    # Subtest: generates detail pane content
    ok 2 - generates detail pane content
      ---
      duration_ms: 0.54913
      ...
    # Subtest: generates headlines content
    ok 3 - generates headlines content
      ---
      duration_ms: 43.094202
      ...
    # Subtest: handles empty proposals list
    ok 4 - handles empty proposals list
      ---
      duration_ms: 0.382199
      ...
    1..4
ok 32 - TUI Content Generation
  ---
  duration_ms: 49.899419
  type: 'suite'
  ...
# Subtest: TUI Column Layout
    # Subtest: calculates column widths correctly
    ok 1 - calculates column widths correctly
      ---
      duration_ms: 0.531809
      ...
    # Subtest: positions columns left to right
    ok 2 - positions columns left to right
      ---
      duration_ms: 0.316051
      ...
    # Subtest: groups proposals by column
    ok 3 - groups proposals by column
      ---
      duration_ms: 0.560768
      ...
    1..3
ok 33 - TUI Column Layout
  ---
  duration_ms: 2.192615
  type: 'suite'
  ...
# Subtest: TUI Key Bindings
    # Subtest: maps key to action
    ok 1 - maps key to action
      ---
      duration_ms: 0.491014
      ...
    # Subtest: view cycle order
    not ok 2 - view cycle order
      ---
      duration_ms: 3.68042
      location: '/data/code/AgentHive/src/test/board-tui-render.test.ts:163:20'
      failureType: 'testCodeFailure'
      error: |-
        Expected values to be strictly equal:
        + actual - expected
        
        + 'cubic-dashboard'
        - 'cockpit'
      code: 'ERR_ASSERTION'
      name: 'AssertionError'
      expected: 'cockpit'
      actual: 'cubic-dashboard'
      operator: 'strictEqual'
      stack: |-
        TestContext.<anonymous> (file:///data/code/AgentHive/src/test/board-tui-render.test.ts:171:25)
        Test.runInAsyncScope (node:async_hooks:206:9)
        Test.run (node:internal/test_runner/test:796:25)
        Suite.processPendingSubtests (node:internal/test_runner/test:526:18)
        Test.postRun (node:internal/test_runner/test:889:19)
        Test.run (node:internal/test_runner/test:835:12)
        async Promise.all (index 0)
        async Suite.run (node:internal/test_runner/test:1135:7)
        async Test.processPendingSubtests (node:internal/test_runner/test:526:7)
      ...
    # Subtest: widget cleanup clears children
    ok 3 - widget cleanup clears children
      ---
      duration_ms: 0.459406
      ...
    1..3
not ok 34 - TUI Key Bindings
  ---
  duration_ms: 5.487131
  type: 'suite'
  location: '/data/code/AgentHive/src/test/board-tui-render.test.ts:143:24'
  failureType: 'subtestsFailed'
  error: '1 subtest failed'
  code: 'ERR_TEST_FAILURE'
  ...
# Subtest: TUI Filter UI
    # Subtest: shows active filter indicators
    ok 1 - shows active filter indicators
      ---
      duration_ms: 0.596204
      ...
    # Subtest: toggles empty column visibility
    ok 2 - toggles empty column visibility
      ---
      duration_ms: 0.343905
      ...
    # Subtest: toggles abandoned visibility
    ok 3 - toggles abandoned visibility
      ---
      duration_ms: 0.338001
      ...
    1..3
ok 35 - TUI Filter UI
  ---
  duration_ms: 1.674013
  type: 'suite'
  ...
# Subtest: TUI Status Colors
    # Subtest: maps all statuses to colors
    ok 1 - maps all statuses to colors
      ---
      duration_ms: 0.466543
      ...
    # Subtest: Active is green
    ok 2 - Active is green
      ---
      duration_ms: 0.291963
      ...
    # Subtest: Complete is gray
    ok 3 - Complete is gray
      ---
      duration_ms: 0.248534
      ...
    # Subtest: Rejected is red
    ok 4 - Rejected is red
      ---
      duration_ms: 0.265378
      ...
    # Subtest: priority affects highlight
    ok 5 - priority affects highlight
      ---
      duration_ms: 0.54516
      ...
    1..5
ok 36 - TUI Status Colors
  ---
  duration_ms: 2.447146
  type: 'suite'
  ...
# Subtest: TUI Smoke Tests
    # Subtest: board process starts and exits cleanly
    ok 1 - board process starts and exits cleanly
      ---
      duration_ms: 2475.84688
      ...
    # Subtest: board with proposals flag works
    not ok 2 - board with proposals flag works
      ---
      duration_ms: 2209.010802
      location: '/data/code/AgentHive/src/test/board-tui-smoke.test.ts:38:22'
      failureType: 'testCodeFailure'
      error: 'Board should output proposal data'
      code: 'ERR_ASSERTION'
      name: 'AssertionError'
      expected: true
      actual: false
      operator: '=='
      stack: |-
        TestContext.<anonymous> (file:///data/code/AgentHive/src/test/board-tui-smoke.test.ts:58:27)
        process.processTicksAndRejections (node:internal/process/task_queues:95:5)
        async Test.run (node:internal/test_runner/test:797:9)
        async Suite.processPendingSubtests (node:internal/test_runner/test:526:7)
      ...
    # Subtest: board with --help doesn't crash
    ok 3 - board with --help doesn't crash
      ---
      duration_ms: 813.091747
      ...
    1..3
not ok 37 - TUI Smoke Tests
  ---
  duration_ms: 5506.010535
  type: 'suite'
  location: '/data/code/AgentHive/src/test/board-tui-smoke.test.ts:11:27'
  failureType: 'subtestsFailed'
  error: '1 subtest failed'
  code: 'ERR_TEST_FAILURE'
  ...
# Subtest: Board UI Regression: Status Icons and Colors
    # Subtest: should return the correct icon and color for Draft status
    ok 1 - should return the correct icon and color for Draft status
      ---
      duration_ms: 2.374085
      ...
    # Subtest: should return the correct icon and color for Review status
    ok 2 - should return the correct icon and color for Review status
      ---
      duration_ms: 0.41021
      ...
    # Subtest: should return the correct icon and color for Building status
    ok 3 - should return the correct icon and color for Building status
      ---
      duration_ms: 0.387744
      ...
    # Subtest: should return the correct icon and color for Accepted status
    ok 4 - should return the correct icon and color for Accepted status
      ---
      duration_ms: 0.391868
      ...
    # Subtest: should return the correct icon and color for Complete status
    ok 5 - should return the correct icon and color for Complete status
      ---
      duration_ms: 0.355064
      ...
    1..5
ok 38 - Board UI Regression: Status Icons and Colors
  ---
  duration_ms: 6.652023
  type: 'suite'
  ...
# Subtest: Board UI Regression: Universal Maturity Model
    # Subtest: should apply mature icon and green color for mature maturity
    not ok 1 - should apply mature icon and green color for mature maturity
      ---
      duration_ms: 1.211699
      location: '/data/code/AgentHive/src/test/board-ui-regression.test.ts:40:20'
      failureType: 'testCodeFailure'
      error: 'getMaturityColor is not defined'
      code: 'ERR_TEST_FAILURE'
      name: 'ReferenceError'
      stack: |-
        formatProposalListItem (/data/code/AgentHive/src/ui/board.ts:138:29)
        TestContext.<anonymous> (file:///data/code/AgentHive/src/test/board-ui-regression.test.ts:47:52)
        Test.runInAsyncScope (node:async_hooks:206:9)
        Test.run (node:internal/test_runner/test:796:25)
        Test.start (node:internal/test_runner/test:702:17)
        node:internal/test_runner/test:1133:71
        node:internal/per_context/primordials:482:82
        new Promise (<anonymous>)
        new SafePromise (node:internal/per_context/primordials:450:29)
        node:internal/per_context/primordials:482:9
      ...
    # Subtest: should apply active icon and yellow color for active maturity
    not ok 2 - should apply active icon and yellow color for active maturity
      ---
      duration_ms: 0.362744
      location: '/data/code/AgentHive/src/test/board-ui-regression.test.ts:52:20'
      failureType: 'testCodeFailure'
      error: 'getMaturityColor is not defined'
      code: 'ERR_TEST_FAILURE'
      name: 'ReferenceError'
      stack: |-
        formatProposalListItem (/data/code/AgentHive/src/ui/board.ts:138:29)
        TestContext.<anonymous> (file:///data/code/AgentHive/src/test/board-ui-regression.test.ts:59:52)
        Test.runInAsyncScope (node:async_hooks:206:9)
        Test.run (node:internal/test_runner/test:796:25)
        Suite.processPendingSubtests (node:internal/test_runner/test:526:18)
        Test.postRun (node:internal/test_runner/test:889:19)
        Test.run (node:internal/test_runner/test:835:12)
        async Promise.all (index 0)
        async Suite.run (node:internal/test_runner/test:1135:7)
        async Test.processPendingSubtests (node:internal/test_runner/test:526:7)
      ...
    # Subtest: should apply obsolete icon and gray color for obsolete maturity
    not ok 3 - should apply obsolete icon and gray color for obsolete maturity
      ---
      duration_ms: 0.3672
      location: '/data/code/AgentHive/src/test/board-ui-regression.test.ts:64:20'
      failureType: 'testCodeFailure'
      error: 'getMaturityColor is not defined'
      code: 'ERR_TEST_FAILURE'
      name: 'ReferenceError'
      stack: |-
        formatProposalListItem (/data/code/AgentHive/src/ui/board.ts:138:29)
        TestContext.<anonymous> (file:///data/code/AgentHive/src/test/board-ui-regression.test.ts:71:52)
        Test.runInAsyncScope (node:async_hooks:206:9)
        Test.run (node:internal/test_runner/test:796:25)
        Suite.processPendingSubtests (node:internal/test_runner/test:526:18)
        Test.postRun (node:internal/test_runner/test:889:19)
        Test.run (node:internal/test_runner/test:835:12)
        async Suite.processPendingSubtests (node:internal/test_runner/test:526:7)
      ...
    1..3
not ok 39 - Board UI Regression: Universal Maturity Model
  ---
  duration_ms: 3.179699
  type: 'suite'
  location: '/data/code/AgentHive/src/test/board-ui-regression.test.ts:39:24'
  failureType: 'subtestsFailed'
  error: '3 subtests failed'
  code: 'ERR_TEST_FAILURE'
  ...
# Subtest: Board UI Regression: Item Coloring
    # Subtest: should color the title based on the status color
    not ok 1 - should color the title based on the status color
      ---
      duration_ms: 0.550743
      location: '/data/code/AgentHive/src/test/board-ui-regression.test.ts:78:20'
      failureType: 'testCodeFailure'
      error: 'getMaturityColor is not defined'
      code: 'ERR_TEST_FAILURE'
      name: 'ReferenceError'
      stack: |-
        formatProposalListItem (/data/code/AgentHive/src/ui/board.ts:138:29)
        TestContext.<anonymous> (file:///data/code/AgentHive/src/test/board-ui-regression.test.ts:84:52)
        Test.runInAsyncScope (node:async_hooks:206:9)
        Test.run (node:internal/test_runner/test:796:25)
        Test.start (node:internal/test_runner/test:702:17)
        node:internal/test_runner/test:1133:71
        node:internal/per_context/primordials:482:82
        new Promise (<anonymous>)
        new SafePromise (node:internal/per_context/primordials:450:29)
        node:internal/per_context/primordials:482:9
      ...
    # Subtest: should color the title based on the status color for Accepted
    not ok 2 - should color the title based on the status color for Accepted
      ---
      duration_ms: 0.51112
      location: '/data/code/AgentHive/src/test/board-ui-regression.test.ts:89:20'
      failureType: 'testCodeFailure'
      error: 'getMaturityColor is not defined'
      code: 'ERR_TEST_FAILURE'
      name: 'ReferenceError'
      stack: |-
        formatProposalListItem (/data/code/AgentHive/src/ui/board.ts:138:29)
        TestContext.<anonymous> (file:///data/code/AgentHive/src/test/board-ui-regression.test.ts:95:52)
        Test.runInAsyncScope (node:async_hooks:206:9)
        Test.run (node:internal/test_runner/test:796:25)
        Suite.processPendingSubtests (node:internal/test_runner/test:526:18)
        Test.postRun (node:internal/test_runner/test:889:19)
        Test.run (node:internal/test_runner/test:835:12)
        async Promise.all (index 0)
        async Suite.run (node:internal/test_runner/test:1135:7)
        async Test.processPendingSubtests (node:internal/test_runner/test:526:7)
      ...
    1..2
not ok 40 - Board UI Regression: Item Coloring
  ---
  duration_ms: 1.614907
  type: 'suite'
  location: '/data/code/AgentHive/src/test/board-ui-regression.test.ts:77:24'
  failureType: 'subtestsFailed'
  error: '2 subtests failed'
  code: 'ERR_TEST_FAILURE'
  ...
# Subtest: board UI proposal selection
    # Subtest: compareProposalIds sorts proposals numerically by ID
    ok 1 - compareProposalIds sorts proposals numerically by ID
      ---
      duration_ms: 2.691795
      ...
    # Subtest: compareProposalIds handles decimal proposal IDs correctly
    ok 2 - compareProposalIds handles decimal proposal IDs correctly
      ---
      duration_ms: 0.708007
      ...
    # Subtest: simulates board view proposal selection with sorted proposals
    ok 3 - simulates board view proposal selection with sorted proposals
      ---
      duration_ms: 0.654684
      ...
    # Subtest: ensures consistent ordering between display and selection
    ok 4 - ensures consistent ordering between display and selection
      ---
      duration_ms: 0.717168
      ...
    1..4
ok 41 - board UI proposal selection
  ---
  duration_ms: 7.152198
  type: 'suite'
  ...
# Subtest: Board TUI Logic
    # Subtest: shouldRebuildColumns
        # Subtest: should return true if column counts differ
        ok 1 - should return true if column counts differ
          ---
          duration_ms: 2.766652
          ...
        # Subtest: should return true if statuses differ
        ok 2 - should return true if statuses differ
          ---
          duration_ms: 0.500654
          ...
        # Subtest: should return true if proposal counts differ
        ok 3 - should return true if proposal counts differ
          ---
          duration_ms: 0.49756
          ...
        # Subtest: should return true if proposal IDs differ (order change)
        ok 4 - should return true if proposal IDs differ (order change)
          ---
          duration_ms: 2.93921
          ...
        # Subtest: should return false if columns and proposals are identical
        ok 5 - should return false if columns and proposals are identical
          ---
          duration_ms: 0.582463
          ...
        1..5
    ok 1 - shouldRebuildColumns
      ---
      duration_ms: 9.749941
      type: 'suite'
      ...
    1..1
ok 42 - Board TUI Logic
  ---
  duration_ms: 10.869036
  type: 'suite'
  ...
# Subtest: Board - Step Colors
    # Subtest: assigns correct color to each status
    ok 1 - assigns correct color to each status
      ---
      duration_ms: 2.580894
      ...
    # Subtest: Proposal proposals are yellow
    ok 2 - Proposal proposals are yellow
      ---
      duration_ms: 0.419947
      ...
    # Subtest: Active proposals are green
    ok 3 - Active proposals are green
      ---
      duration_ms: 0.439365
      ...
    # Subtest: Complete proposals are gray
    ok 4 - Complete proposals are gray
      ---
      duration_ms: 0.346681
      ...
    # Subtest: Rejected proposals are red
    ok 5 - Rejected proposals are red
      ---
      duration_ms: 0.303033
      ...
    # Subtest: unknown status gets default color
    ok 6 - unknown status gets default color
      ---
      duration_ms: 0.305307
      ...
    # Subtest: hidden statuses use dim colors
    ok 7 - hidden statuses use dim colors
      ---
      duration_ms: 0.572036
      ...
    # Subtest: priority affects proposal highlighting
    ok 8 - priority affects proposal highlighting
      ---
      duration_ms: 1.023934
      ...
    1..8
ok 43 - Board - Step Colors
  ---
  duration_ms: 12.00113
  type: 'suite'
  ...
# Subtest: Board - Column Ordering
    # Subtest: follows configured status order
    ok 1 - follows configured status order
      ---
      duration_ms: 0.65772
      ...
    # Subtest: columns match configured order
    ok 2 - columns match configured order
      ---
      duration_ms: 0.582786
      ...
    # Subtest: column order preserved after proposal move
    ok 3 - column order preserved after proposal move
      ---
      duration_ms: 1.676483
      ...
    # Subtest: allows hiding columns without affecting order
    ok 4 - allows hiding columns without affecting order
      ---
      duration_ms: 0.543211
      ...
    # Subtest: proposal within column maintains order
    ok 5 - proposal within column maintains order
      ---
      duration_ms: 25.582424
      ...
    1..5
ok 44 - Board - Column Ordering
  ---
  duration_ms: 29.827687
  type: 'suite'
  ...
# Subtest: Board - Detail Editing
    # Subtest: can edit proposal title
    ok 1 - can edit proposal title
      ---
      duration_ms: 0.846667
      ...
    # Subtest: can edit proposal description
    ok 2 - can edit proposal description
      ---
      duration_ms: 0.392509
      ...
    # Subtest: can edit proposal status
    ok 3 - can edit proposal status
      ---
      duration_ms: 0.305171
      ...
    # Subtest: can edit proposal priority
    ok 4 - can edit proposal priority
      ---
      duration_ms: 0.32734
      ...
    # Subtest: can add labels
    ok 5 - can add labels
      ---
      duration_ms: 0.5989
      ...
    # Subtest: can remove labels
    ok 6 - can remove labels
      ---
      duration_ms: 0.391124
      ...
    # Subtest: can edit acceptance criteria
    ok 7 - can edit acceptance criteria
      ---
      duration_ms: 0.303541
      ...
    # Subtest: can add new acceptance criteria
    ok 8 - can add new acceptance criteria
      ---
      duration_ms: 0.286579
      ...
    # Subtest: edit mode requires save or cancel
    ok 9 - edit mode requires save or cancel
      ---
      duration_ms: 0.258425
      ...
    # Subtest: save validates required fields
    ok 10 - save validates required fields
      ---
      duration_ms: 0.255103
      ...
    # Subtest: save fails with empty title
    ok 11 - save fails with empty title
      ---
      duration_ms: 0.319681
      ...
    1..11
ok 45 - Board - Detail Editing
  ---
  duration_ms: 5.304587
  type: 'suite'
  ...
# Subtest: Board - Team Activity Feed
    # Subtest: records proposal transition events
    ok 1 - records proposal transition events
      ---
      duration_ms: 0.582449
      ...
    # Subtest: records claim events
    ok 2 - records claim events
      ---
      duration_ms: 0.290988
      ...
    # Subtest: records review events
    ok 3 - records review events
      ---
      duration_ms: 0.495227
      ...
    # Subtest: records completion events
    ok 4 - records completion events
      ---
      duration_ms: 0.299044
      ...
    # Subtest: activity feed shows recent events
    ok 5 - activity feed shows recent events
      ---
      duration_ms: 0.419308
      ...
    # Subtest: events are timestamped chronologically
    ok 6 - events are timestamped chronologically
      ---
      duration_ms: 0.327146
      ...
    # Subtest: agent online/offline events
    ok 7 - agent online/offline events
      ---
      duration_ms: 0.317742
      ...
    1..7
ok 46 - Board - Team Activity Feed
  ---
  duration_ms: 3.458549
  type: 'suite'
  ...
# Subtest: Board - MCP Messaging
    # Subtest: sends message between agents
    ok 1 - sends message between agents
      ---
      duration_ms: 0.492469
      ...
    # Subtest: broadcasts to channel
    ok 2 - broadcasts to channel
      ---
      duration_ms: 0.389518
      ...
    # Subtest: supports project-specific channels
    ok 3 - supports project-specific channels
      ---
      duration_ms: 0.365098
      ...
    # Subtest: messages persist in channel history
    ok 4 - messages persist in channel history
      ---
      duration_ms: 0.324389
      ...
    # Subtest: message includes proposal context
    ok 5 - message includes proposal context
      ---
      duration_ms: 0.291334
      ...
    1..5
ok 47 - Board - MCP Messaging
  ---
  duration_ms: 2.40394
  type: 'suite'
  ...
# Subtest: Board - Chat Channels
    # Subtest: project channel has all agents
    ok 1 - project channel has all agents
      ---
      duration_ms: 0.50409
      ...
    # Subtest: DM channel has exactly 2 members
    ok 2 - DM channel has exactly 2 members
      ---
      duration_ms: 0.283686
      ...
    # Subtest: agent channel for specific agent
    ok 3 - agent channel for specific agent
      ---
      duration_ms: 0.282976
      ...
    # Subtest: can list channels
    ok 4 - can list channels
      ---
      duration_ms: 0.305913
      ...
    # Subtest: channel shows unread count
    ok 5 - channel shows unread count
      ---
      duration_ms: 0.27631
      ...
    # Subtest: supports mentions
    ok 6 - supports mentions
      ---
      duration_ms: 0.377888
      ...
    1..6
ok 48 - Board - Chat Channels
  ---
  duration_ms: 2.611069
  type: 'suite'
  ...
# Subtest: exportKanbanBoardToFile
    # Subtest: creates file and overwrites board content
    not ok 1 - creates file and overwrites board content
      ---
      duration_ms: 28.614206
      location: '/data/code/AgentHive/src/test/board.test.ts:11:20'
      failureType: 'testCodeFailure'
      error: |-
        The expression evaluated to a falsy value:
        
          initial.includes("proposal-1")
        
      code: 'ERR_ASSERTION'
      name: 'AssertionError'
      expected: true
      actual: false
      operator: '=='
      stack: |-
        TestContext.<anonymous> (file:///data/code/AgentHive/src/test/board.test.ts:28:25)
        async Test.run (node:internal/test_runner/test:797:9)
        async Promise.all (index 0)
        async Suite.run (node:internal/test_runner/test:1135:7)
        async Test.processPendingSubtests (node:internal/test_runner/test:526:7)
      ...
    # Subtest: sorts all columns by updatedDate descending, then by ID
    not ok 2 - sorts all columns by updatedDate descending, then by ID
      ---
      duration_ms: 7.793909
      location: '/data/code/AgentHive/src/test/board.test.ts:40:20'
      failureType: 'testCodeFailure'
      error: 'Expected proposal rows not found in exported board content'
      code: 'ERR_TEST_FAILURE'
      stack: |-
        TestContext.<anonymous> (file:///data/code/AgentHive/src/test/board.test.ts:110:13)
        async Test.run (node:internal/test_runner/test:797:9)
        async Suite.processPendingSubtests (node:internal/test_runner/test:526:7)
      ...
    # Subtest: formats proposals with new styling rules
    not ok 3 - formats proposals with new styling rules
      ---
      duration_ms: 7.256538
      location: '/data/code/AgentHive/src/test/board.test.ts:128:20'
      failureType: 'testCodeFailure'
      error: |-
        The expression evaluated to a falsy value:
        
          content.includes("**proposal-204**")
        
      code: 'ERR_ASSERTION'
      name: 'AssertionError'
      expected: true
      actual: false
      operator: '=='
      stack: |-
        TestContext.<anonymous> (file:///data/code/AgentHive/src/test/board.test.ts:157:25)
        async Test.run (node:internal/test_runner/test:797:9)
        async Suite.processPendingSubtests (node:internal/test_runner/test:526:7)
      ...
    # Subtest: handles assignees with existing @ symbols correctly
    ok 4 - handles assignees with existing @ symbols correctly
      ---
      duration_ms: 19.02562
      ...
    1..4
not ok 49 - exportKanbanBoardToFile
  ---
  duration_ms: 68.622196
  type: 'suite'
  location: '/data/code/AgentHive/src/test/board.test.ts:10:24'
  failureType: 'subtestsFailed'
  error: '3 subtests failed'
  code: 'ERR_TEST_FAILURE'
  ...
# Subtest: buildKanbanStatusGroups
    # Subtest: returns configured statuses even when there are no proposals
    ok 1 - returns configured statuses even when there are no proposals
      ---
      duration_ms: 1.691205
      ...
    # Subtest: appends unknown statuses from proposals after configured ones
    ok 2 - appends unknown statuses from proposals after configured ones
      ---
      duration_ms: 0.932849
      ...
    1..2
ok 50 - buildKanbanStatusGroups
  ---
  duration_ms: 8.505845
  type: 'suite'
  ...
# Subtest: generateDirectiveGroupedBoard
    # Subtest: groups directive ID and title aliases into one section using file title
    not ok 1 - groups directive ID and title aliases into one section using file title
      ---
      duration_ms: 7.944487
      location: '/data/code/AgentHive/src/test/board.test.ts:239:20'
      failureType: 'testCodeFailure'
      error: |-
        The expression evaluated to a falsy value:
        
          board.includes("**proposal-1** - By ID")
        
      code: 'ERR_ASSERTION'
      name: 'AssertionError'
      expected: true
      actual: false
      operator: '=='
      stack: |-
        TestContext.<anonymous> (file:///data/code/AgentHive/src/test/board.test.ts:273:25)
        Test.runInAsyncScope (node:async_hooks:206:9)
        Test.run (node:internal/test_runner/test:796:25)
        Test.start (node:internal/test_runner/test:702:17)
        node:internal/test_runner/test:1133:71
        node:internal/per_context/primordials:482:82
        new Promise (<anonymous>)
        new SafePromise (node:internal/per_context/primordials:450:29)
        node:internal/per_context/primordials:482:9
        Array.map (<anonymous>)
      ...
    # Subtest: keeps ambiguous reused directive titles as separate sections
    ok 2 - keeps ambiguous reused directive titles as separate sections
      ---
      duration_ms: 3.542304
      ...
    1..2
not ok 51 - generateDirectiveGroupedBoard
  ---
  duration_ms: 12.179608
  type: 'suite'
  location: '/data/code/AgentHive/src/test/board.test.ts:238:24'
  failureType: 'subtestsFailed'
  error: '1 subtest failed'
  code: 'ERR_TEST_FAILURE'
  ...
# Subtest: CLI packaging
    # Subtest: should build and run the local executable wrapper
    not ok 1 - should build and run the local executable wrapper
      ---
      duration_ms: 1058.754366
      location: '/data/code/AgentHive/src/test/build.test.ts:24:20'
      failureType: 'testCodeFailure'
      error: |-
        The expression evaluated to a falsy value:
        
          helpOutput.includes("Roadmap.md - Project management CLI")
        
      code: 'ERR_ASSERTION'
      name: 'AssertionError'
      expected: true
      actual: false
      operator: '=='
      stack: |-
        TestContext.<anonymous> (file:///data/code/AgentHive/src/test/build.test.ts:42:25)
        async Test.run (node:internal/test_runner/test:797:9)
        async Promise.all (index 0)
        async Suite.run (node:internal/test_runner/test:1135:7)
        async Test.processPendingSubtests (node:internal/test_runner/test:526:7)
      ...
    1..1
not ok 52 - CLI packaging
  ---
  duration_ms: 1062.434706
  type: 'suite'
  location: '/data/code/AgentHive/src/test/build.test.ts:9:24'
  failureType: 'subtestsFailed'
  error: '1 subtest failed'
  code: 'ERR_TEST_FAILURE'
  ...
# Subtest: BUN_OPTIONS environment variable handling
    # Subtest: should temporarily isolate BUN_OPTIONS during CLI parsing
    ok 1 - should temporarily isolate BUN_OPTIONS during CLI parsing
      ---
      duration_ms: 2.509656
      ...
    # Subtest: should handle missing BUN_OPTIONS gracefully
    ok 2 - should handle missing BUN_OPTIONS gracefully
      ---
      duration_ms: 0.794452
      ...
    # Subtest: should preserve BUN_OPTIONS for subsequent command usage
    ok 3 - should preserve BUN_OPTIONS for subsequent command usage
      ---
      duration_ms: 0.94327
      ...
    1..3
ok 53 - BUN_OPTIONS environment variable handling
  ---
  duration_ms: 6.699808
  type: 'suite'
  ...
# Subtest: Chat Composer Utils
    # Subtest: should initialize empty proposal
    ok 1 - should initialize empty proposal
      ---
      duration_ms: 3.217533
      ...
    # Subtest: should handle text input
    ok 2 - should handle text input
      ---
      duration_ms: 0.702346
      ...
    # Subtest: should handle backspace
    ok 3 - should handle backspace
      ---
      duration_ms: 0.411711
      ...
    # Subtest: should handle multiline input (Shift+Enter)
    ok 4 - should handle multiline input (Shift+Enter)
      ---
      duration_ms: 0.410918
      ...
    # Subtest: should send message on Enter
    ok 5 - should send message on Enter
      ---
      duration_ms: 0.428594
      ...
    # Subtest: should normalize mentions
    ok 6 - should normalize mentions
      ---
      duration_ms: 29.655345
      ...
    # Subtest: should cycle mentions with Tab
    ok 7 - should cycle mentions with Tab
      ---
      duration_ms: 0.698047
      ...
    # Subtest: should complete paths
    ok 8 - should complete paths
      ---
      duration_ms: 1.06501
      ...
    1..8
ok 54 - Chat Composer Utils
  ---
  duration_ms: 39.749964
  type: 'suite'
  ...
# Subtest: chat features
    # Subtest: preserves multiline talk content and extracts mentions when reading messages
    ok 1 - preserves multiline talk content and extracts mentions when reading messages
      ---
      duration_ms: 147.511101
      ...
    # Subtest: collects known users from worktrees and message history
    ok 2 - collects known users from worktrees and message history
      ---
      duration_ms: 255.325207
      ...
    # Subtest: replays and streams mention-filtered messages
    ok 3 - replays and streams mention-filtered messages
      ---
      duration_ms: 291.532551
      ...
    # Subtest: routes talk messages to group and private logs
    not ok 4 - routes talk messages to group and private logs
      ---
      duration_ms: 141.208787
      location: '/data/code/AgentHive/src/test/chat-features.test.ts:150:20'
      failureType: 'testCodeFailure'
      error: "Cannot read properties of undefined (reading 'from')"
      code: 'ERR_TEST_FAILURE'
      name: 'TypeError'
      stack: |-
        Object.toMatchObject (/data/code/AgentHive/src/test/test-utils.ts:287:3211)
        TestContext.<anonymous> (file:///data/code/AgentHive/src/test/chat-features.test.ts:155:59)
        async Test.run (node:internal/test_runner/test:797:9)
        async Suite.processPendingSubtests (node:internal/test_runner/test:526:7)
      ...
    # Subtest: renders mention-filtered listen output in markdown mode
    not ok 5 - renders mention-filtered listen output in markdown mode
      ---
      duration_ms: 672.800116
      location: '/data/code/AgentHive/src/test/chat-features.test.ts:165:20'
      failureType: 'testCodeFailure'
      error: |-
        The expression evaluated to a falsy value:
        
          stdout.includes("**Gary**")
        
      code: 'ERR_ASSERTION'
      name: 'AssertionError'
      expected: true
      actual: false
      operator: '=='
      stack: |-
        TestContext.<anonymous> (file:///data/code/AgentHive/src/test/chat-features.test.ts:187:25)
        process.processTicksAndRejections (node:internal/process/task_queues:95:5)
        async Test.run (node:internal/test_runner/test:797:9)
        async Suite.processPendingSubtests (node:internal/test_runner/test:526:7)
      ...
    # Subtest: renders compact listen output without blank lines between messages
    not ok 6 - renders compact listen output without blank lines between messages
      ---
      duration_ms: 690.355426
      location: '/data/code/AgentHive/src/test/chat-features.test.ts:192:20'
      failureType: 'testCodeFailure'
      error: |-
        The expression evaluated to a falsy value:
        
          stdout.includes("First compact message\n**Carter**")
        
      code: 'ERR_ASSERTION'
      name: 'AssertionError'
      expected: true
      actual: false
      operator: '=='
      stack: |-
        TestContext.<anonymous> (file:///data/code/AgentHive/src/test/chat-features.test.ts:220:25)
        process.processTicksAndRejections (node:internal/process/task_queues:95:5)
        async Test.run (node:internal/test_runner/test:797:9)
        async Suite.processPendingSubtests (node:internal/test_runner/test:526:7)
      ...
    # Subtest: shows revision in splash and sends chat input lines
    not ok 7 - shows revision in splash and sends chat input lines
      ---
      duration_ms: 104.696815
      location: '/data/code/AgentHive/src/test/chat-features.test.ts:224:20'
      failureType: 'testCodeFailure'
      error: 'Expected string to contain "rev "'
      code: 'ERR_ASSERTION'
      name: 'AssertionError'
      actual: ''
      operator: 'expect'
      stack: |-
        new AssertionError (node:internal/assert/assertion_error:454:5)
        pass (/data/code/AgentHive/src/test/test-utils.ts:287:469)
        Object.toContain (/data/code/AgentHive/src/test/test-utils.ts:287:1610)
        TestContext.<anonymous> (file:///data/code/AgentHive/src/test/chat-features.test.ts:226:54)
        Test.runInAsyncScope (node:async_hooks:206:9)
        Test.run (node:internal/test_runner/test:796:25)
        async Suite.processPendingSubtests (node:internal/test_runner/test:526:7)
      ...
    1..7
not ok 55 - chat features
  ---
  duration_ms: 2310.139406
  type: 'suite'
  location: '/data/code/AgentHive/src/test/chat-features.test.ts:51:24'
  failureType: 'subtestsFailed'
  error: '4 subtests failed'
  code: 'ERR_TEST_FAILURE'
  ...
# Subtest: Checklist utilities
    # Subtest: CHECKBOX_PATTERNS
        # Subtest: should match checked checkbox lines
        ok 1 - should match checked checkbox lines
          ---
          duration_ms: 2.752031
          ...
        # Subtest: should match unchecked checkbox lines
        ok 2 - should match unchecked checkbox lines
          ---
          duration_ms: 0.808964
          ...
        # Subtest: should not match non-checkbox lines
        ok 3 - should not match non-checkbox lines
          ---
          duration_ms: 0.659808
          ...
        # Subtest: should match checkbox prefix pattern
        ok 4 - should match checkbox prefix pattern
          ---
          duration_ms: 0.527557
          ...
        1..4
    ok 1 - CHECKBOX_PATTERNS
      ---
      duration_ms: 6.49366
      type: 'suite'
      ...
    # Subtest: parseCheckboxLine
        # Subtest: should parse checked checkbox lines
        ok 1 - should parse checked checkbox lines
          ---
          duration_ms: 1.763537
          ...
        # Subtest: should parse unchecked checkbox lines
        ok 2 - should parse unchecked checkbox lines
          ---
          duration_ms: 0.334003
          ...
        # Subtest: should handle indented checkboxes
        ok 3 - should handle indented checkboxes
          ---
          duration_ms: 0.334191
          ...
        # Subtest: should handle extra whitespace
        ok 4 - should handle extra whitespace
          ---
          duration_ms: 0.437859
          ...
        # Subtest: should return null for non-checkbox lines
        ok 5 - should return null for non-checkbox lines
          ---
          duration_ms: 0.594252
          ...
        1..5
    ok 2 - parseCheckboxLine
      ---
      duration_ms: 4.37557
      type: 'suite'
      ...
    # Subtest: formatChecklistItem
        # Subtest: should format checked item with default options
        ok 1 - should format checked item with default options
          ---
          duration_ms: 0.72623
          ...
        # Subtest: should format unchecked item with default options
        ok 2 - should format unchecked item with default options
          ---
          duration_ms: 0.332548
          ...
        # Subtest: should use custom symbols
        ok 3 - should use custom symbols
          ---
          duration_ms: 0.346707
          ...
        # Subtest: should use custom padding
        ok 4 - should use custom padding
          ---
          duration_ms: 0.381508
          ...
        1..4
    ok 3 - formatChecklistItem
      ---
      duration_ms: 2.27553
      type: 'suite'
      ...
    # Subtest: parseCheckboxLines
        # Subtest: should parse multiple checkbox lines
        ok 1 - should parse multiple checkbox lines
          ---
          duration_ms: 0.590125
          ...
        # Subtest: should ignore non-checkbox lines
        ok 2 - should ignore non-checkbox lines
          ---
          duration_ms: 0.49298
          ...
        1..2
    ok 4 - parseCheckboxLines
      ---
      duration_ms: 1.54133
      type: 'suite'
      ...
    # Subtest: formatChecklist
        # Subtest: should format multiple items consistently
        ok 1 - should format multiple items consistently
          ---
          duration_ms: 0.421552
          ...
        1..1
    ok 5 - formatChecklist
      ---
      duration_ms: 0.639643
      type: 'suite'
      ...
    # Subtest: alignAcceptanceCriteria
        # Subtest: should align checkbox items consistently
        ok 1 - should align checkbox items consistently
          ---
          duration_ms: 0.630095
          ...
        # Subtest: should handle mixed content with consistent padding
        ok 2 - should handle mixed content with consistent padding
          ---
          duration_ms: 0.62506
          ...
        # Subtest: should handle empty or whitespace-only lines
        ok 3 - should handle empty or whitespace-only lines
          ---
          duration_ms: 0.394178
          ...
        1..3
    ok 6 - alignAcceptanceCriteria
      ---
      duration_ms: 2.031306
      type: 'suite'
      ...
    # Subtest: extractAndFormatAcceptanceCriteria
        # Subtest: should extract and format acceptance criteria from markdown
        ok 1 - should extract and format acceptance criteria from markdown
          ---
          duration_ms: 1.26074
          ...
        # Subtest: should return empty array when no acceptance criteria section exists
        ok 2 - should return empty array when no acceptance criteria section exists
          ---
          duration_ms: 0.571739
          ...
        # Subtest: should handle case-insensitive section headers
        ok 3 - should handle case-insensitive section headers
          ---
          duration_ms: 0.388426
          ...
        1..3
    ok 7 - extractAndFormatAcceptanceCriteria
      ---
      duration_ms: 2.591573
      type: 'suite'
      ...
    # Subtest: alignment consistency
        # Subtest: all formatted items should start at the same column
        ok 1 - all formatted items should start at the same column
          ---
          duration_ms: 0.596492
          ...
        1..1
    ok 8 - alignment consistency
      ---
      duration_ms: 0.879649
      type: 'suite'
      ...
    1..8
ok 56 - Checklist utilities
  ---
  duration_ms: 23.380271
  type: 'suite'
  ...
# Subtest: installClaudeAgent
    # Subtest: creates .claude/agents directory in project root if it doesn't exist
    ok 1 - creates .claude/agents directory in project root if it doesn't exist
      ---
      duration_ms: 25.483391
      ...
    # Subtest: writes the project-manager-roadmap.md file with correct content
    not ok 2 - writes the project-manager-roadmap.md file with correct content
      ---
      duration_ms: 36.625702
      location: '/data/code/AgentHive/src/test/claude-agent-install.test.ts:32:20'
      failureType: 'testCodeFailure'
      error: |-
        The expression evaluated to a falsy value:
        
          content.includes("name: project-manager-roadmap")
        
      code: 'ERR_ASSERTION'
      name: 'AssertionError'
      expected: true
      actual: false
      operator: '=='
      stack: |-
        TestContext.<anonymous> (file:///data/code/AgentHive/src/test/claude-agent-install.test.ts:39:25)
        async Test.run (node:internal/test_runner/test:797:9)
        async Suite.processPendingSubtests (node:internal/test_runner/test:526:7)
      ...
    # Subtest: overwrites existing agent file
    ok 3 - overwrites existing agent file
      ---
      duration_ms: 17.808517
      ...
    # Subtest: works with different project paths
    ok 4 - works with different project paths
      ---
      duration_ms: 7.42912
      ...
    1..4
not ok 57 - installClaudeAgent
  ---
  duration_ms: 89.945213
  type: 'suite'
  location: '/data/code/AgentHive/src/test/claude-agent-install.test.ts:12:24'
  failureType: 'subtestsFailed'
  error: '1 subtest failed'
  code: 'ERR_TEST_FAILURE'
  ...
# Subtest: Cleanup functionality
    # Subtest: Core functionality
        # Subtest: should create completed directory in roadmap structure
        ok 1 - should create completed directory in roadmap structure
          ---
          duration_ms: 107.405184
          ...
        # Subtest: should move Complete proposal to completed folder
        not ok 2 - should move Complete proposal to completed folder
          ---
          duration_ms: 189.280652
          location: '/data/code/AgentHive/src/test/cleanup.test.ts:59:22'
          failureType: 'testCodeFailure'
          error: |-
            Expected values to be strictly equal:
            
            false !== true
            
          code: 'ERR_ASSERTION'
          name: 'AssertionError'
          expected: true
          actual: false
          operator: 'strictEqual'
          stack: |-
            TestContext.<anonymous> (file:///data/code/AgentHive/src/test/cleanup.test.ts:70:27)
            async Test.run (node:internal/test_runner/test:797:9)
            async Suite.processPendingSubtests (node:internal/test_runner/test:526:7)
          ...
        1..2
    not ok 1 - Core functionality
      ---
      duration_ms: 300.111056
      type: 'suite'
      location: '/data/code/AgentHive/src/test/cleanup.test.ts:53:26'
      failureType: 'subtestsFailed'
      error: '1 subtest failed'
      code: 'ERR_TEST_FAILURE'
      stack: |-
        async Promise.all (index 0)
      ...
    # Subtest: getCompleteProposalsByAge
        # Subtest: should filter Complete proposals by age
        ok 1 - should filter Complete proposals by age
          ---
          duration_ms: 171.092395
          ...
        # Subtest: should handle proposals without dates
        ok 2 - should handle proposals without dates
          ---
          duration_ms: 101.407
          ...
        # Subtest: should use updatedDate over createdDate when available
        ok 3 - should use updatedDate over createdDate when available
          ---
          duration_ms: 70.109425
          ...
        1..3
    ok 2 - getCompleteProposalsByAge
      ---
      duration_ms: 343.780402
      type: 'suite'
      ...
    # Subtest: Error handling
        # Subtest: should handle non-existent proposal gracefully
        ok 1 - should handle non-existent proposal gracefully
          ---
          duration_ms: 81.950702
          ...
        # Subtest: should return empty array for listCompletedProposals when no completed proposals exist
        ok 2 - should return empty array for listCompletedProposals when no completed proposals exist
          ---
          duration_ms: 102.860592
          ...
        1..2
    ok 3 - Error handling
      ---
      duration_ms: 185.525414
      type: 'suite'
      ...
    1..3
not ok 58 - Cleanup functionality
  ---
  duration_ms: 830.904012
  type: 'suite'
  location: '/data/code/AgentHive/src/test/cleanup.test.ts:11:24'
  failureType: 'subtestsFailed'
  error: '1 subtest failed'
  code: 'ERR_TEST_FAILURE'
  ...
# Subtest: CLI agents command
    # Subtest: should show help when no options are provided
    not ok 1 - should show help when no options are provided
      ---
      duration_ms: 135.987386
      location: '/data/code/AgentHive/src/test/cli-agents.test.ts:38:20'
      failureType: 'testCodeFailure'
      error: |-
        Expected values to be strictly equal:
        
        9 !== 0
        
      code: 'ERR_ASSERTION'
      name: 'AssertionError'
      expected: 0
      actual: 9
      operator: 'strictEqual'
      stack: |-
        TestContext.<anonymous> (file:///data/code/AgentHive/src/test/cli-agents.test.ts:41:25)
        Test.runInAsyncScope (node:async_hooks:206:9)
        Test.run (node:internal/test_runner/test:796:25)
        async Promise.all (index 0)
        async Suite.run (node:internal/test_runner/test:1135:7)
        async Test.processPendingSubtests (node:internal/test_runner/test:526:7)
      ...
    # Subtest: should show help text with agents --help
    not ok 2 - should show help text with agents --help
      ---
      duration_ms: 99.760851
      location: '/data/code/AgentHive/src/test/cli-agents.test.ts:44:20'
      failureType: 'testCodeFailure'
      error: |-
        Expected values to be strictly equal:
        
        9 !== 0
        
      code: 'ERR_ASSERTION'
      name: 'AssertionError'
      expected: 0
      actual: 9
      operator: 'strictEqual'
      stack: |-
        TestContext.<anonymous> (file:///data/code/AgentHive/src/test/cli-agents.test.ts:47:25)
        Test.runInAsyncScope (node:async_hooks:206:9)
        Test.run (node:internal/test_runner/test:796:25)
        async Suite.processPendingSubtests (node:internal/test_runner/test:526:7)
      ...
    # Subtest: should update selected agent instruction files
    not ok 3 - should update selected agent instruction files
      ---
      duration_ms: 102.134007
      location: '/data/code/AgentHive/src/test/cli-agents.test.ts:50:20'
      failureType: 'testCodeFailure'
      error: 'Expected false to be true'
      code: 'ERR_ASSERTION'
      name: 'AssertionError'
      actual: false
      operator: 'expect'
      stack: |-
        new AssertionError (node:internal/assert/assertion_error:454:5)
        pass (/data/code/AgentHive/src/test/test-utils.ts:287:469)
        Object.toBe (/data/code/AgentHive/src/test/test-utils.ts:287:626)
        TestContext.<anonymous> (file:///data/code/AgentHive/src/test/cli-agents.test.ts:63:36)
        async Test.run (node:internal/test_runner/test:797:9)
        async Suite.processPendingSubtests (node:internal/test_runner/test:526:7)
      ...
    # Subtest: should handle user cancellation gracefully
    ok 4 - should handle user cancellation gracefully
      ---
      duration_ms: 66.482517
      ...
    # Subtest: should fail when not in a roadmap project
    not ok 5 - should fail when not in a roadmap project
      ---
      duration_ms: 152.839875
      location: '/data/code/AgentHive/src/test/cli-agents.test.ts:84:20'
      failureType: 'testCodeFailure'
      error: |-
        Expected values to be strictly equal:
        
        9 !== 1
        
      code: 'ERR_ASSERTION'
      name: 'AssertionError'
      expected: 1
      actual: 9
      operator: 'strictEqual'
      stack: |-
        TestContext.<anonymous> (file:///data/code/AgentHive/src/test/cli-agents.test.ts:102:25)
        async Test.run (node:internal/test_runner/test:797:9)
        async Suite.processPendingSubtests (node:internal/test_runner/test:526:7)
      ...
    # Subtest: should update multiple selected files
    not ok 6 - should update multiple selected files
      ---
      duration_ms: 154.169642
      location: '/data/code/AgentHive/src/test/cli-agents.test.ts:108:20'
      failureType: 'testCodeFailure'
      error: 'Expected false to be true'
      code: 'ERR_ASSERTION'
      name: 'AssertionError'
      actual: false
      operator: 'expect'
      stack: |-
        new AssertionError (node:internal/assert/assertion_error:454:5)
        pass (/data/code/AgentHive/src/test/test-utils.ts:287:469)
        Object.toBe (/data/code/AgentHive/src/test/test-utils.ts:287:626)
        TestContext.<anonymous> (file:///data/code/AgentHive/src/test/cli-agents.test.ts:125:42)
        async Test.run (node:internal/test_runner/test:797:9)
        async Suite.processPendingSubtests (node:internal/test_runner/test:526:7)
      ...
    # Subtest: should update existing files correctly
    ok 7 - should update existing files correctly
      ---
      duration_ms: 92.452504
      ...
    1..7
not ok 59 - CLI agents command
  ---
  duration_ms: 807.859628
  type: 'suite'
  location: '/data/code/AgentHive/src/test/cli-agents.test.ts:12:24'
  failureType: 'subtestsFailed'
  error: '5 subtests failed'
  code: 'ERR_TEST_FAILURE'
  ...
# Subtest: CLI auto-plain behavior in non-TTY runs
    # Subtest: proposal list falls back to plain output without --plain
    not ok 1 - proposal list falls back to plain output without --plain
      ---
      duration_ms: 246.9859
      location: '/data/code/AgentHive/src/test/cli-auto-plain-non-tty.test.ts:50:22'
      failureType: 'testCodeFailure'
      error: |-
        Expected values to be strictly equal:
        
        9 !== 0
        
      code: 'ERR_ASSERTION'
      name: 'AssertionError'
      expected: 0
      actual: 9
      operator: 'strictEqual'
      stack: |-
        TestContext.<anonymous> (file:///data/code/AgentHive/src/test/cli-auto-plain-non-tty.test.ts:52:25)
        Test.runInAsyncScope (node:async_hooks:206:9)
        Test.run (node:internal/test_runner/test:796:25)
        async Promise.all (index 0)
        async Suite.run (node:internal/test_runner/test:1135:7)
        async Test.processPendingSubtests (node:internal/test_runner/test:526:7)
      ...
    # Subtest: proposal view falls back to plain output without --plain
    not ok 2 - proposal view falls back to plain output without --plain
      ---
      duration_ms: 140.873249
      location: '/data/code/AgentHive/src/test/cli-auto-plain-non-tty.test.ts:60:22'
      failureType: 'testCodeFailure'
      error: |-
        Expected values to be strictly equal:
        
        9 !== 0
        
      code: 'ERR_ASSERTION'
      name: 'AssertionError'
      expected: 0
      actual: 9
      operator: 'strictEqual'
      stack: |-
        TestContext.<anonymous> (file:///data/code/AgentHive/src/test/cli-auto-plain-non-tty.test.ts:62:25)
        Test.runInAsyncScope (node:async_hooks:206:9)
        Test.run (node:internal/test_runner/test:796:25)
        async Suite.processPendingSubtests (node:internal/test_runner/test:526:7)
      ...
    # Subtest: proposal create preserves legacy concise output without --plain
    not ok 3 - proposal create preserves legacy concise output without --plain
      ---
      duration_ms: 108.958242
      location: '/data/code/AgentHive/src/test/cli-auto-plain-non-tty.test.ts:71:22'
      failureType: 'testCodeFailure'
      error: |-
        Expected values to be strictly equal:
        
        9 !== 0
        
      code: 'ERR_ASSERTION'
      name: 'AssertionError'
      expected: 0
      actual: 9
      operator: 'strictEqual'
      stack: |-
        TestContext.<anonymous> (file:///data/code/AgentHive/src/test/cli-auto-plain-non-tty.test.ts:73:25)
        Test.runInAsyncScope (node:async_hooks:206:9)
        Test.run (node:internal/test_runner/test:796:25)
        async Suite.processPendingSubtests (node:internal/test_runner/test:526:7)
      ...
    # Subtest: proposal edit preserves legacy concise output without --plain
    not ok 4 - proposal edit preserves legacy concise output without --plain
      ---
      duration_ms: 137.644368
      location: '/data/code/AgentHive/src/test/cli-auto-plain-non-tty.test.ts:81:22'
      failureType: 'testCodeFailure'
      error: |-
        Expected values to be strictly equal:
        
        9 !== 0
        
      code: 'ERR_ASSERTION'
      name: 'AssertionError'
      expected: 0
      actual: 9
      operator: 'strictEqual'
      stack: |-
        TestContext.<anonymous> (file:///data/code/AgentHive/src/test/cli-auto-plain-non-tty.test.ts:83:25)
        Test.runInAsyncScope (node:async_hooks:206:9)
        Test.run (node:internal/test_runner/test:796:25)
        async Suite.processPendingSubtests (node:internal/test_runner/test:526:7)
      ...
    1..4
not ok 60 - CLI auto-plain behavior in non-TTY runs
  ---
  duration_ms: 638.135891
  type: 'suite'
  location: '/data/code/AgentHive/src/test/cli-auto-plain-non-tty.test.ts:16:24'
  failureType: 'subtestsFailed'
  error: '4 subtests failed'
  code: 'ERR_TEST_FAILURE'
  ...
# Subtest: CLI Board Integration
    # Subtest: should handle board command logic without crashing
    not ok 1 - should handle board command logic without crashing
      ---
      duration_ms: 303.928697
      location: '/data/code/AgentHive/src/test/cli-board-integration.test.ts:65:20'
      failureType: 'testCodeFailure'
      error: |-
        The expression evaluated to a falsy value:
        
          statuses.includes("Potential")
        
      code: 'ERR_ASSERTION'
      name: 'AssertionError'
      expected: true
      actual: false
      operator: '=='
      stack: |-
        TestContext.<anonymous> (file:///data/code/AgentHive/src/test/cli-board-integration.test.ts:81:25)
        async Test.run (node:internal/test_runner/test:797:9)
        async Promise.all (index 0)
        async Suite.run (node:internal/test_runner/test:1135:7)
        async Test.processPendingSubtests (node:internal/test_runner/test:526:7)
      ...
    # Subtest: should properly handle cross-branch proposal resolution
    ok 2 - should properly handle cross-branch proposal resolution
      ---
      duration_ms: 246.842328
      ...
    # Subtest: should create ViewSwitcher with kanban view successfully
    ok 3 - should create ViewSwitcher with kanban view successfully
      ---
      duration_ms: 204.741038
      ...
    1..3
not ok 61 - CLI Board Integration
  ---
  duration_ms: 758.481192
  type: 'suite'
  location: '/data/code/AgentHive/src/test/cli-board-integration.test.ts:12:24'
  failureType: 'subtestsFailed'
  error: '1 subtest failed'
  code: 'ERR_TEST_FAILURE'
  ...
# Subtest: CLI Auto-Commit Behavior with autoCommit: false
    # Subtest: should not commit when creating a proposal if autoCommit is false
    not ok 1 - should not commit when creating a proposal if autoCommit is false
      ---
      duration_ms: 400.446497
      location: '/data/code/AgentHive/src/test/cli-commit-behaviour.test.ts:59:22'
      failureType: 'testCodeFailure'
      error: |-
        Expected values to be strictly equal:
        
        9 !== 0
        
      code: 'ERR_ASSERTION'
      name: 'AssertionError'
      expected: 0
      actual: 9
      operator: 'strictEqual'
      stack: |-
        TestContext.<anonymous> (file:///data/code/AgentHive/src/test/cli-commit-behaviour.test.ts:63:25)
        async Test.run (node:internal/test_runner/test:797:9)
        async Promise.all (index 0)
        async Suite.run (node:internal/test_runner/test:1135:7)
        async Test.processPendingSubtests (node:internal/test_runner/test:526:7)
      ...
    # Subtest: should not commit when creating a document if autoCommit is false
    not ok 2 - should not commit when creating a document if autoCommit is false
      ---
      duration_ms: 242.25803
      location: '/data/code/AgentHive/src/test/cli-commit-behaviour.test.ts:72:22'
      failureType: 'testCodeFailure'
      error: |-
        Expected values to be strictly equal:
        
        9 !== 0
        
      code: 'ERR_ASSERTION'
      name: 'AssertionError'
      expected: 0
      actual: 9
      operator: 'strictEqual'
      stack: |-
        TestContext.<anonymous> (file:///data/code/AgentHive/src/test/cli-commit-behaviour.test.ts:76:25)
        process.processTicksAndRejections (node:internal/process/task_queues:95:5)
        async Test.run (node:internal/test_runner/test:797:9)
        async Suite.processPendingSubtests (node:internal/test_runner/test:526:7)
      ...
    # Subtest: should not commit when creating a decision if autoCommit is false
    not ok 3 - should not commit when creating a decision if autoCommit is false
      ---
      duration_ms: 184.928634
      location: '/data/code/AgentHive/src/test/cli-commit-behaviour.test.ts:85:22'
      failureType: 'testCodeFailure'
      error: |-
        Expected values to be strictly equal:
        
        9 !== 0
        
      code: 'ERR_ASSERTION'
      name: 'AssertionError'
      expected: 0
      actual: 9
      operator: 'strictEqual'
      stack: |-
        TestContext.<anonymous> (file:///data/code/AgentHive/src/test/cli-commit-behaviour.test.ts:89:25)
        process.processTicksAndRejections (node:internal/process/task_queues:95:5)
        async Test.run (node:internal/test_runner/test:797:9)
        async Suite.processPendingSubtests (node:internal/test_runner/test:526:7)
      ...
    1..3
not ok 62 - CLI Auto-Commit Behavior with autoCommit: false
  ---
  duration_ms: 831.044503
  type: 'suite'
  location: '/data/code/AgentHive/src/test/cli-commit-behaviour.test.ts:18:24'
  failureType: 'subtestsFailed'
  error: '3 subtests failed'
  code: 'ERR_TEST_FAILURE'
  ...
# Subtest: CLI Auto-Commit Behavior with autoCommit: true
    # Subtest: should commit when creating a proposal if autoCommit is true
    not ok 1 - should commit when creating a proposal if autoCommit is true
      ---
      duration_ms: 220.285644
      location: '/data/code/AgentHive/src/test/cli-commit-behaviour.test.ts:138:22'
      failureType: 'testCodeFailure'
      error: |-
        Expected values to be strictly equal:
        
        9 !== 0
        
      code: 'ERR_ASSERTION'
      name: 'AssertionError'
      expected: 0
      actual: 9
      operator: 'strictEqual'
      stack: |-
        TestContext.<anonymous> (file:///data/code/AgentHive/src/test/cli-commit-behaviour.test.ts:142:25)
        process.processTicksAndRejections (node:internal/process/task_queues:95:5)
        async Test.run (node:internal/test_runner/test:797:9)
        async Promise.all (index 0)
        async Suite.run (node:internal/test_runner/test:1135:7)
        async Test.processPendingSubtests (node:internal/test_runner/test:526:7)
      ...
    # Subtest: should commit when creating a document if autoCommit is true
    not ok 2 - should commit when creating a document if autoCommit is true
      ---
      duration_ms: 238.840835
      location: '/data/code/AgentHive/src/test/cli-commit-behaviour.test.ts:149:22'
      failureType: 'testCodeFailure'
      error: |-
        Expected values to be strictly equal:
        
        9 !== 0
        
      code: 'ERR_ASSERTION'
      name: 'AssertionError'
      expected: 0
      actual: 9
      operator: 'strictEqual'
      stack: |-
        TestContext.<anonymous> (file:///data/code/AgentHive/src/test/cli-commit-behaviour.test.ts:153:25)
        process.processTicksAndRejections (node:internal/process/task_queues:95:5)
        async Test.run (node:internal/test_runner/test:797:9)
        async Suite.processPendingSubtests (node:internal/test_runner/test:526:7)
      ...
    # Subtest: should commit when creating a decision if autoCommit is true
    not ok 3 - should commit when creating a decision if autoCommit is true
      ---
      duration_ms: 213.214415
      location: '/data/code/AgentHive/src/test/cli-commit-behaviour.test.ts:162:22'
      failureType: 'testCodeFailure'
      error: |-
        Expected values to be strictly equal:
        
        9 !== 0
        
      code: 'ERR_ASSERTION'
      name: 'AssertionError'
      expected: 0
      actual: 9
      operator: 'strictEqual'
      stack: |-
        TestContext.<anonymous> (file:///data/code/AgentHive/src/test/cli-commit-behaviour.test.ts:166:25)
        process.processTicksAndRejections (node:internal/process/task_queues:95:5)
        async Test.run (node:internal/test_runner/test:797:9)
        async Suite.processPendingSubtests (node:internal/test_runner/test:526:7)
      ...
    1..3
not ok 63 - CLI Auto-Commit Behavior with autoCommit: true
  ---
  duration_ms: 674.468588
  type: 'suite'
  location: '/data/code/AgentHive/src/test/cli-commit-behaviour.test.ts:99:24'
  failureType: 'subtestsFailed'
  error: '3 subtests failed'
  code: 'ERR_TEST_FAILURE'
  ...
# Subtest: CLI Dependency Support
    # Subtest: should create proposal with single dependency using --dep
    not ok 1 - should create proposal with single dependency using --dep
      ---
      duration_ms: 538.32601
      location: '/data/code/AgentHive/src/test/cli-dependency.test.ts:38:22'
      failureType: 'testCodeFailure'
      error: |-
        The expression evaluated to a falsy value:
        
          result2.stdout.includes("Created proposal proposal-2")
        
      code: 'ERR_ASSERTION'
      name: 'AssertionError'
      expected: true
      actual: false
      operator: '=='
      stack: |-
        TestContext.<anonymous> (file:///data/code/AgentHive/src/test/cli-dependency.test.ts:46:25)
        async Test.run (node:internal/test_runner/test:797:9)
        async Promise.all (index 0)
        async Suite.run (node:internal/test_runner/test:1135:7)
        async Test.processPendingSubtests (node:internal/test_runner/test:526:7)
      ...
    # Subtest: should create proposal with single dependency using --depends-on
    not ok 2 - should create proposal with single dependency using --depends-on
      ---
      duration_ms: 377.078436
      location: '/data/code/AgentHive/src/test/cli-dependency.test.ts:54:22'
      failureType: 'testCodeFailure'
      error: |-
        The expression evaluated to a falsy value:
        
          result2.stdout.includes("Created proposal proposal-2")
        
      code: 'ERR_ASSERTION'
      name: 'AssertionError'
      expected: true
      actual: false
      operator: '=='
      stack: |-
        TestContext.<anonymous> (file:///data/code/AgentHive/src/test/cli-dependency.test.ts:62:25)
        async Test.run (node:internal/test_runner/test:797:9)
        async Suite.processPendingSubtests (node:internal/test_runner/test:526:7)
      ...
    # Subtest: should create proposal with multiple dependencies (comma-separated)
    not ok 3 - should create proposal with multiple dependencies (comma-separated)
      ---
      duration_ms: 450.7531
      location: '/data/code/AgentHive/src/test/cli-dependency.test.ts:70:22'
      failureType: 'testCodeFailure'
      error: |-
        The expression evaluated to a falsy value:
        
          result3.stdout.includes("Created proposal proposal-3")
        
      code: 'ERR_ASSERTION'
      name: 'AssertionError'
      expected: true
      actual: false
      operator: '=='
      stack: |-
        TestContext.<anonymous> (file:///data/code/AgentHive/src/test/cli-dependency.test.ts:80:25)
        async Test.run (node:internal/test_runner/test:797:9)
        async Suite.processPendingSubtests (node:internal/test_runner/test:526:7)
      ...
    # Subtest: should create proposal with multiple dependencies (multiple flags)
    not ok 4 - should create proposal with multiple dependencies (multiple flags)
      ---
      duration_ms: 363.3394
      location: '/data/code/AgentHive/src/test/cli-dependency.test.ts:88:22'
      failureType: 'testCodeFailure'
      error: |-
        The expression evaluated to a falsy value:
        
          result3.stdout.includes("Created proposal proposal-3")
        
      code: 'ERR_ASSERTION'
      name: 'AssertionError'
      expected: true
      actual: false
      operator: '=='
      stack: |-
        TestContext.<anonymous> (file:///data/code/AgentHive/src/test/cli-dependency.test.ts:98:25)
        async Test.run (node:internal/test_runner/test:797:9)
        async Suite.processPendingSubtests (node:internal/test_runner/test:526:7)
      ...
    # Subtest: should normalize proposal IDs in dependencies
    not ok 5 - should normalize proposal IDs in dependencies
      ---
      duration_ms: 346.749353
      location: '/data/code/AgentHive/src/test/cli-dependency.test.ts:106:22'
      failureType: 'testCodeFailure'
      error: |-
        The expression evaluated to a falsy value:
        
          result2.stdout.includes("Created proposal proposal-2")
        
      code: 'ERR_ASSERTION'
      name: 'AssertionError'
      expected: true
      actual: false
      operator: '=='
      stack: |-
        TestContext.<anonymous> (file:///data/code/AgentHive/src/test/cli-dependency.test.ts:114:25)
        async Test.run (node:internal/test_runner/test:797:9)
        async Suite.processPendingSubtests (node:internal/test_runner/test:526:7)
      ...
    # Subtest: should fail when dependency proposal does not exist
    ok 6 - should fail when dependency proposal does not exist
      ---
      duration_ms: 143.509992
      ...
    # Subtest: should edit proposal to add dependencies
    not ok 7 - should edit proposal to add dependencies
      ---
      duration_ms: 420.70988
      location: '/data/code/AgentHive/src/test/cli-dependency.test.ts:129:22'
      failureType: 'testCodeFailure'
      error: |-
        Expected values to be strictly equal:
        
        1 !== 0
        
      code: 'ERR_ASSERTION'
      name: 'AssertionError'
      expected: 0
      actual: 1
      operator: 'strictEqual'
      stack: |-
        TestContext.<anonymous> (file:///data/code/AgentHive/src/test/cli-dependency.test.ts:140:25)
        async Test.run (node:internal/test_runner/test:797:9)
        async Suite.processPendingSubtests (node:internal/test_runner/test:526:7)
      ...
    # Subtest: should edit proposal to update dependencies
    not ok 8 - should edit proposal to update dependencies
      ---
      duration_ms: 600.826669
      location: '/data/code/AgentHive/src/test/cli-dependency.test.ts:149:22'
      failureType: 'testCodeFailure'
      error: |-
        Expected values to be strictly equal:
        
        1 !== 0
        
      code: 'ERR_ASSERTION'
      name: 'AssertionError'
      expected: 0
      actual: 1
      operator: 'strictEqual'
      stack: |-
        TestContext.<anonymous> (file:///data/code/AgentHive/src/test/cli-dependency.test.ts:176:25)
        async Test.run (node:internal/test_runner/test:797:9)
        async Suite.processPendingSubtests (node:internal/test_runner/test:526:7)
      ...
    # Subtest: should handle dependencies on draft proposals
    not ok 9 - should handle dependencies on draft proposals
      ---
      duration_ms: 319.944452
      location: '/data/code/AgentHive/src/test/cli-dependency.test.ts:184:22'
      failureType: 'testCodeFailure'
      error: 'Expected "actual" to be strictly unequal to: null'
      code: 'ERR_ASSERTION'
      name: 'AssertionError'
      expected: ~
      actual: ~
      operator: 'notStrictEqual'
      stack: |-
        TestContext.<anonymous> (file:///data/code/AgentHive/src/test/cli-dependency.test.ts:211:25)
        async Test.run (node:internal/test_runner/test:797:9)
        async Suite.processPendingSubtests (node:internal/test_runner/test:526:7)
      ...
    # Subtest: should display dependencies in plain text view
    not ok 10 - should display dependencies in plain text view
      ---
      duration_ms: 305.601726
      location: '/data/code/AgentHive/src/test/cli-dependency.test.ts:215:22'
      failureType: 'testCodeFailure'
      error: |-
        Expected values to be strictly equal:
        
        1 !== 0
        
      code: 'ERR_ASSERTION'
      name: 'AssertionError'
      expected: 0
      actual: 1
      operator: 'strictEqual'
      stack: |-
        TestContext.<anonymous> (file:///data/code/AgentHive/src/test/cli-dependency.test.ts:226:25)
        async Test.run (node:internal/test_runner/test:797:9)
        async Suite.processPendingSubtests (node:internal/test_runner/test:526:7)
      ...
    1..10
not ok 64 - CLI Dependency Support
  ---
  duration_ms: 3871.628684
  type: 'suite'
  location: '/data/code/AgentHive/src/test/cli-dependency.test.ts:8:24'
  failureType: 'subtestsFailed'
  error: '9 subtests failed'
  code: 'ERR_TEST_FAILURE'
  ...
# Subtest: Final Summary CLI
    # Subtest: supports --final-summary on proposal create
    not ok 1 - supports --final-summary on proposal create
      ---
      duration_ms: 153.335121
      location: '/data/code/AgentHive/src/test/cli-final-summary.test.ts:31:20'
      failureType: 'testCodeFailure'
      error: |-
        Expected values to be strictly equal:
        
        9 !== 0
        
      code: 'ERR_ASSERTION'
      name: 'AssertionError'
      expected: 0
      actual: 9
      operator: 'strictEqual'
      stack: |-
        TestContext.<anonymous> (file:///data/code/AgentHive/src/test/cli-final-summary.test.ts:33:25)
        Test.runInAsyncScope (node:async_hooks:206:9)
        Test.run (node:internal/test_runner/test:796:25)
        async Promise.all (index 0)
        async Suite.run (node:internal/test_runner/test:1135:7)
        async Test.processPendingSubtests (node:internal/test_runner/test:526:7)
      ...
    # Subtest: supports set/append/clear flags on proposal edit
    not ok 2 - supports set/append/clear flags on proposal edit
      ---
      duration_ms: 200.798322
      location: '/data/code/AgentHive/src/test/cli-final-summary.test.ts:42:20'
      failureType: 'testCodeFailure'
      error: |-
        Expected values to be strictly equal:
        
        9 !== 0
        
      code: 'ERR_ASSERTION'
      name: 'AssertionError'
      expected: 0
      actual: 9
      operator: 'strictEqual'
      stack: |-
        TestContext.<anonymous> (file:///data/code/AgentHive/src/test/cli-final-summary.test.ts:57:25)
        async Test.run (node:internal/test_runner/test:797:9)
        async Suite.processPendingSubtests (node:internal/test_runner/test:526:7)
      ...
    # Subtest: renders Final Summary in plain output after Implementation Notes when present
    not ok 3 - renders Final Summary in plain output after Implementation Notes when present
      ---
      duration_ms: 176.758932
      location: '/data/code/AgentHive/src/test/cli-final-summary.test.ts:85:20'
      failureType: 'testCodeFailure'
      error: |-
        Expected values to be strictly equal:
        
        9 !== 0
        
      code: 'ERR_ASSERTION'
      name: 'AssertionError'
      expected: 0
      actual: 9
      operator: 'strictEqual'
      stack: |-
        TestContext.<anonymous> (file:///data/code/AgentHive/src/test/cli-final-summary.test.ts:104:25)
        async Test.run (node:internal/test_runner/test:797:9)
        async Suite.processPendingSubtests (node:internal/test_runner/test:526:7)
      ...
    1..3
not ok 65 - Final Summary CLI
  ---
  duration_ms: 537.270508
  type: 'suite'
  location: '/data/code/AgentHive/src/test/cli-final-summary.test.ts:15:24'
  failureType: 'subtestsFailed'
  error: '3 subtests failed'
  code: 'ERR_TEST_FAILURE'
  ...
# Subtest: CLI ID Incrementing Behavior
    # Subtest: should increment proposal IDs correctly
    not ok 1 - should increment proposal IDs correctly
      ---
      duration_ms: 308.434858
      location: '/data/code/AgentHive/src/test/cli-incrementing-ids.test.ts:39:22'
      failureType: 'testCodeFailure'
      error: |-
        Expected values to be strictly equal:
        
        9 !== 0
        
      code: 'ERR_ASSERTION'
      name: 'AssertionError'
      expected: 0
      actual: 9
      operator: 'strictEqual'
      stack: |-
        TestContext.<anonymous> (file:///data/code/AgentHive/src/test/cli-incrementing-ids.test.ts:54:25)
        async Test.run (node:internal/test_runner/test:797:9)
        async Promise.all (index 0)
        async Suite.run (node:internal/test_runner/test:1135:7)
        async Test.processPendingSubtests (node:internal/test_runner/test:526:7)
      ...
    # Subtest: should increment document IDs correctly
    not ok 2 - should increment document IDs correctly
      ---
      duration_ms: 119.466718
      location: '/data/code/AgentHive/src/test/cli-incrementing-ids.test.ts:62:22'
      failureType: 'testCodeFailure'
      error: |-
        Expected values to be strictly equal:
        
        9 !== 0
        
      code: 'ERR_ASSERTION'
      name: 'AssertionError'
      expected: 0
      actual: 9
      operator: 'strictEqual'
      stack: |-
        TestContext.<anonymous> (file:///data/code/AgentHive/src/test/cli-incrementing-ids.test.ts:74:25)
        async Test.run (node:internal/test_runner/test:797:9)
        async Suite.processPendingSubtests (node:internal/test_runner/test:526:7)
      ...
    # Subtest: should increment decision IDs correctly
    not ok 3 - should increment decision IDs correctly
      ---
      duration_ms: 159.694241
      location: '/data/code/AgentHive/src/test/cli-incrementing-ids.test.ts:83:22'
      failureType: 'testCodeFailure'
      error: |-
        Expected values to be strictly equal:
        
        9 !== 0
        
      code: 'ERR_ASSERTION'
      name: 'AssertionError'
      expected: 0
      actual: 9
      operator: 'strictEqual'
      stack: |-
        TestContext.<anonymous> (file:///data/code/AgentHive/src/test/cli-incrementing-ids.test.ts:98:25)
        async Test.run (node:internal/test_runner/test:797:9)
        async Suite.processPendingSubtests (node:internal/test_runner/test:526:7)
      ...
    1..3
not ok 66 - CLI ID Incrementing Behavior
  ---
  duration_ms: 590.970656
  type: 'suite'
  location: '/data/code/AgentHive/src/test/cli-incrementing-ids.test.ts:15:24'
  failureType: 'subtestsFailed'
  error: '3 subtests failed'
  code: 'ERR_TEST_FAILURE'
  ...
# Subtest: init Claude agent default
    # Subtest: does not install Claude agent by default in non-interactive mode
    not ok 1 - does not install Claude agent by default in non-interactive mode
      ---
      duration_ms: 80.391641
      location: '/data/code/AgentHive/src/test/cli-init-claude-default.test.ts:25:20'
      failureType: 'testCodeFailure'
      error: |-
        Expected values to be strictly equal:
        
        9 !== 0
        
      code: 'ERR_ASSERTION'
      name: 'AssertionError'
      expected: 0
      actual: 9
      operator: 'strictEqual'
      stack: |-
        TestContext.<anonymous> (file:///data/code/AgentHive/src/test/cli-init-claude-default.test.ts:28:25)
        Test.runInAsyncScope (node:async_hooks:206:9)
        Test.run (node:internal/test_runner/test:796:25)
        async Promise.all (index 0)
        async Suite.run (node:internal/test_runner/test:1135:7)
        async Test.processPendingSubtests (node:internal/test_runner/test:526:7)
      ...
    # Subtest: installs Claude agent when flag is true
    not ok 2 - installs Claude agent when flag is true
      ---
      duration_ms: 61.495725
      location: '/data/code/AgentHive/src/test/cli-init-claude-default.test.ts:35:20'
      failureType: 'testCodeFailure'
      error: |-
        Expected values to be strictly equal:
        
        9 !== 0
        
      code: 'ERR_ASSERTION'
      name: 'AssertionError'
      expected: 0
      actual: 9
      operator: 'strictEqual'
      stack: |-
        TestContext.<anonymous> (file:///data/code/AgentHive/src/test/cli-init-claude-default.test.ts:37:25)
        Test.runInAsyncScope (node:async_hooks:206:9)
        Test.run (node:internal/test_runner/test:796:25)
        async Suite.processPendingSubtests (node:internal/test_runner/test:526:7)
      ...
    1..2
not ok 67 - init Claude agent default
  ---
  duration_ms: 145.004017
  type: 'suite'
  location: '/data/code/AgentHive/src/test/cli-init-claude-default.test.ts:11:24'
  failureType: 'subtestsFailed'
  error: '2 subtests failed'
  code: 'ERR_TEST_FAILURE'
  ...
# Subtest: CLI directive filtering
    # Subtest: filters by directive with case-insensitive matching
    not ok 1 - filters by directive with case-insensitive matching
      ---
      duration_ms: 317.839595
      location: '/data/code/AgentHive/src/test/cli-milestone-filter.test.ts:128:20'
      failureType: 'testCodeFailure'
      error: |-
        Expected values to be strictly equal:
        
        9 !== 0
        
      code: 'ERR_ASSERTION'
      name: 'AssertionError'
      expected: 0
      actual: 9
      operator: 'strictEqual'
      stack: |-
        TestContext.<anonymous> (file:///data/code/AgentHive/src/test/cli-milestone-filter.test.ts:131:25)
        Test.runInAsyncScope (node:async_hooks:206:9)
        Test.run (node:internal/test_runner/test:796:25)
        async Promise.all (index 0)
        async Suite.run (node:internal/test_runner/test:1135:7)
        async Test.processPendingSubtests (node:internal/test_runner/test:526:7)
      ...
    # Subtest: supports -m shorthand and combines directive with status filter
    not ok 2 - supports -m shorthand and combines directive with status filter
      ---
      duration_ms: 198.231553
      location: '/data/code/AgentHive/src/test/cli-milestone-filter.test.ts:142:20'
      failureType: 'testCodeFailure'
      error: |-
        Expected values to be strictly equal:
        
        9 !== 0
        
      code: 'ERR_ASSERTION'
      name: 'AssertionError'
      expected: 0
      actual: 9
      operator: 'strictEqual'
      stack: |-
        TestContext.<anonymous> (file:///data/code/AgentHive/src/test/cli-milestone-filter.test.ts:145:25)
        Test.runInAsyncScope (node:async_hooks:206:9)
        Test.run (node:internal/test_runner/test:796:25)
        async Suite.processPendingSubtests (node:internal/test_runner/test:526:7)
      ...
    # Subtest: matches closest directive for partial and typo inputs
    not ok 3 - matches closest directive for partial and typo inputs
      ---
      duration_ms: 176.923705
      location: '/data/code/AgentHive/src/test/cli-milestone-filter.test.ts:156:20'
      failureType: 'testCodeFailure'
      error: |-
        Expected values to be strictly equal:
        
        9 !== 0
        
      code: 'ERR_ASSERTION'
      name: 'AssertionError'
      expected: 0
      actual: 9
      operator: 'strictEqual'
      stack: |-
        TestContext.<anonymous> (file:///data/code/AgentHive/src/test/cli-milestone-filter.test.ts:158:25)
        Test.runInAsyncScope (node:async_hooks:206:9)
        Test.run (node:internal/test_runner/test:796:25)
        async Suite.processPendingSubtests (node:internal/test_runner/test:526:7)
      ...
    # Subtest: matches directive title when proposals store directive IDs
    not ok 4 - matches directive title when proposals store directive IDs
      ---
      duration_ms: 162.687532
      location: '/data/code/AgentHive/src/test/cli-milestone-filter.test.ts:179:20'
      failureType: 'testCodeFailure'
      error: |-
        Expected values to be strictly equal:
        
        9 !== 0
        
      code: 'ERR_ASSERTION'
      name: 'AssertionError'
      expected: 0
      actual: 9
      operator: 'strictEqual'
      stack: |-
        TestContext.<anonymous> (file:///data/code/AgentHive/src/test/cli-milestone-filter.test.ts:181:25)
        Test.runInAsyncScope (node:async_hooks:206:9)
        Test.run (node:internal/test_runner/test:796:25)
        async Suite.processPendingSubtests (node:internal/test_runner/test:526:7)
      ...
    # Subtest: preserves existing listing behavior when directive filter is omitted
    not ok 5 - preserves existing listing behavior when directive filter is omitted
      ---
      duration_ms: 192.219544
      location: '/data/code/AgentHive/src/test/cli-milestone-filter.test.ts:192:20'
      failureType: 'testCodeFailure'
      error: |-
        Expected values to be strictly equal:
        
        9 !== 0
        
      code: 'ERR_ASSERTION'
      name: 'AssertionError'
      expected: 0
      actual: 9
      operator: 'strictEqual'
      stack: |-
        TestContext.<anonymous> (file:///data/code/AgentHive/src/test/cli-milestone-filter.test.ts:195:25)
        Test.runInAsyncScope (node:async_hooks:206:9)
        Test.run (node:internal/test_runner/test:796:25)
        async Suite.processPendingSubtests (node:internal/test_runner/test:526:7)
      ...
    1..5
not ok 68 - CLI directive filtering
  ---
  duration_ms: 1053.913766
  type: 'suite'
  location: '/data/code/AgentHive/src/test/cli-milestone-filter.test.ts:10:24'
  failureType: 'subtestsFailed'
  error: '5 subtests failed'
  code: 'ERR_TEST_FAILURE'
  ...
# STDOUT: 
# STDERR: node: bad option: --experimental-strip-types
# Subtest: CLI parent proposal filtering
    # Subtest: should filter proposals by parent with full proposal ID
    not ok 1 - should filter proposals by parent with full proposal ID
      ---
      duration_ms: 265.38384
      location: '/data/code/AgentHive/src/test/cli-parent-filter.test.ts:103:20'
      failureType: 'testCodeFailure'
      error: |-
        Expected values to be strictly equal:
        
        9 !== 0
        
      code: 'ERR_ASSERTION'
      name: 'AssertionError'
      expected: 0
      actual: 9
      operator: 'strictEqual'
      stack: |-
        TestContext.<anonymous> (file:///data/code/AgentHive/src/test/cli-parent-filter.test.ts:113:25)
        Test.runInAsyncScope (node:async_hooks:206:9)
        Test.run (node:internal/test_runner/test:796:25)
        async Promise.all (index 0)
        async Suite.run (node:internal/test_runner/test:1135:7)
        async Test.processPendingSubtests (node:internal/test_runner/test:526:7)
      ...
# STDOUT: 
# STDERR: node: bad option: --experimental-strip-types
    # Subtest: should filter proposals by parent with short proposal ID
    not ok 2 - should filter proposals by parent with short proposal ID
      ---
      duration_ms: 125.437876
      location: '/data/code/AgentHive/src/test/cli-parent-filter.test.ts:122:20'
      failureType: 'testCodeFailure'
      error: |-
        Expected values to be strictly equal:
        
        9 !== 0
        
      code: 'ERR_ASSERTION'
      name: 'AssertionError'
      expected: 0
      actual: 9
      operator: 'strictEqual'
      stack: |-
        TestContext.<anonymous> (file:///data/code/AgentHive/src/test/cli-parent-filter.test.ts:132:25)
        Test.runInAsyncScope (node:async_hooks:206:9)
        Test.run (node:internal/test_runner/test:796:25)
        async Suite.processPendingSubtests (node:internal/test_runner/test:526:7)
      ...
    # Subtest: should show error for non-existent parent proposal
    not ok 3 - should show error for non-existent parent proposal
      ---
      duration_ms: 164.652564
      location: '/data/code/AgentHive/src/test/cli-parent-filter.test.ts:141:20'
      failureType: 'testCodeFailure'
      error: |-
        Expected values to be strictly equal:
        
        9 !== 1
        
      code: 'ERR_ASSERTION'
      name: 'AssertionError'
      expected: 1
      actual: 9
      operator: 'strictEqual'
      stack: |-
        TestContext.<anonymous> (file:///data/code/AgentHive/src/test/cli-parent-filter.test.ts:146:25)
        Test.runInAsyncScope (node:async_hooks:206:9)
        Test.run (node:internal/test_runner/test:796:25)
        async Suite.processPendingSubtests (node:internal/test_runner/test:526:7)
      ...
# STDOUT: 
# STDERR: node: bad option: --experimental-strip-types
    # Subtest: should show message when parent has no children
    not ok 4 - should show message when parent has no children
      ---
      duration_ms: 136.767235
      location: '/data/code/AgentHive/src/test/cli-parent-filter.test.ts:150:20'
      failureType: 'testCodeFailure'
      error: |-
        Expected values to be strictly equal:
        
        9 !== 0
        
      code: 'ERR_ASSERTION'
      name: 'AssertionError'
      expected: 0
      actual: 9
      operator: 'strictEqual'
      stack: |-
        TestContext.<anonymous> (file:///data/code/AgentHive/src/test/cli-parent-filter.test.ts:160:25)
        Test.runInAsyncScope (node:async_hooks:206:9)
        Test.run (node:internal/test_runner/test:796:25)
        async Suite.processPendingSubtests (node:internal/test_runner/test:526:7)
      ...
# STDOUT: 
# STDERR: node: bad option: --experimental-strip-types
    # Subtest: should work with -p shorthand flag
    not ok 5 - should work with -p shorthand flag
      ---
      duration_ms: 140.7584
      location: '/data/code/AgentHive/src/test/cli-parent-filter.test.ts:164:20'
      failureType: 'testCodeFailure'
      error: |-
        Expected values to be strictly equal:
        
        9 !== 0
        
      code: 'ERR_ASSERTION'
      name: 'AssertionError'
      expected: 0
      actual: 9
      operator: 'strictEqual'
      stack: |-
        TestContext.<anonymous> (file:///data/code/AgentHive/src/test/cli-parent-filter.test.ts:174:25)
        Test.runInAsyncScope (node:async_hooks:206:9)
        Test.run (node:internal/test_runner/test:796:25)
        async Suite.processPendingSubtests (node:internal/test_runner/test:526:7)
      ...
# STDOUT: 
# STDERR: node: bad option: --experimental-strip-types
    # Subtest: should combine parent filter with status filter
    not ok 6 - should combine parent filter with status filter
      ---
      duration_ms: 101.750364
      location: '/data/code/AgentHive/src/test/cli-parent-filter.test.ts:180:20'
      failureType: 'testCodeFailure'
      error: |-
        Expected values to be strictly equal:
        
        9 !== 0
        
      code: 'ERR_ASSERTION'
      name: 'AssertionError'
      expected: 0
      actual: 9
      operator: 'strictEqual'
      stack: |-
        TestContext.<anonymous> (file:///data/code/AgentHive/src/test/cli-parent-filter.test.ts:190:25)
        Test.runInAsyncScope (node:async_hooks:206:9)
        Test.run (node:internal/test_runner/test:796:25)
        async Suite.processPendingSubtests (node:internal/test_runner/test:526:7)
      ...
    1..6
not ok 69 - CLI parent proposal filtering
  ---
  duration_ms: 938.265738
  type: 'suite'
  location: '/data/code/AgentHive/src/test/cli-parent-filter.test.ts:12:24'
  failureType: 'subtestsFailed'
  error: '6 subtests failed'
  code: 'ERR_TEST_FAILURE'
  ...
# Subtest: CLI parent shorthand option
    # Subtest: should accept -p as shorthand for --parent
    not ok 1 - should accept -p as shorthand for --parent
      ---
      duration_ms: 257.471471
      location: '/data/code/AgentHive/src/test/cli-parent-shorthand.test.ts:30:20'
      failureType: 'testCodeFailure'
      error: |-
        The expression evaluated to a falsy value:
        
          subproposalFile.includes("parent_proposal_id: proposal-1")
        
      code: 'ERR_ASSERTION'
      name: 'AssertionError'
      expected: true
      actual: false
      operator: '=='
      stack: |-
        TestContext.<anonymous> (file:///data/code/AgentHive/src/test/cli-parent-shorthand.test.ts:48:27)
        async Test.run (node:internal/test_runner/test:797:9)
        async Promise.all (index 0)
        async Suite.run (node:internal/test_runner/test:1135:7)
        async Test.processPendingSubtests (node:internal/test_runner/test:526:7)
      ...
    # Subtest: should work the same as --parent option
    not ok 2 - should work the same as --parent option
      ---
      duration_ms: 84.013878
      location: '/data/code/AgentHive/src/test/cli-parent-shorthand.test.ts:52:20'
      failureType: 'testCodeFailure'
      error: |-
        The expression evaluated to a falsy value:
        
          subproposal1.includes("parent_proposal_id: proposal-1")
        
      code: 'ERR_ASSERTION'
      name: 'AssertionError'
      expected: true
      actual: false
      operator: '=='
      stack: |-
        TestContext.<anonymous> (file:///data/code/AgentHive/src/test/cli-parent-shorthand.test.ts:74:27)
        async Test.run (node:internal/test_runner/test:797:9)
        async Suite.processPendingSubtests (node:internal/test_runner/test:526:7)
      ...
    # Subtest: should show -p in help text
    not ok 3 - should show -p in help text
      ---
      duration_ms: 23.333968
      location: '/data/code/AgentHive/src/test/cli-parent-shorthand.test.ts:79:20'
      failureType: 'testCodeFailure'
      error: |-
        The expression evaluated to a falsy value:
        
          helpResult.stdout.includes("-p, --parent <proposalId>")
        
      code: 'ERR_ASSERTION'
      name: 'AssertionError'
      expected: true
      actual: false
      operator: '=='
      stack: |-
        TestContext.<anonymous> (file:///data/code/AgentHive/src/test/cli-parent-shorthand.test.ts:82:25)
        async Test.run (node:internal/test_runner/test:797:9)
        async Suite.processPendingSubtests (node:internal/test_runner/test:526:7)
      ...
    1..3
not ok 70 - CLI parent shorthand option
  ---
  duration_ms: 520.831564
  type: 'suite'
  location: '/data/code/AgentHive/src/test/cli-parent-shorthand.test.ts:10:24'
  failureType: 'subtestsFailed'
  error: '3 subtests failed'
  code: 'ERR_TEST_FAILURE'
  ...
# STDOUT: 
# STDERR: node: bad option: --experimental-strip-types
# Subtest: CLI --plain for proposal create/edit
    # Subtest: prints plain details after proposal create --plain
    not ok 1 - prints plain details after proposal create --plain
      ---
      duration_ms: 235.593471
      location: '/data/code/AgentHive/src/test/cli-plain-create-edit.test.ts:36:20'
      failureType: 'testCodeFailure'
      error: |-
        Expected values to be strictly equal:
        
        9 !== 0
        
      code: 'ERR_ASSERTION'
      name: 'AssertionError'
      expected: 0
      actual: 9
      operator: 'strictEqual'
      stack: |-
        TestContext.<anonymous> (file:///data/code/AgentHive/src/test/cli-plain-create-edit.test.ts:45:25)
        Test.runInAsyncScope (node:async_hooks:206:9)
        Test.run (node:internal/test_runner/test:796:25)
        async Promise.all (index 0)
        async Suite.run (node:internal/test_runner/test:1135:7)
        async Test.processPendingSubtests (node:internal/test_runner/test:526:7)
      ...
# STDOUT: 
# STDERR: node: bad option: --experimental-strip-types
    # Subtest: prints plain details after proposal edit --plain
    not ok 2 - prints plain details after proposal edit --plain
      ---
      duration_ms: 107.032306
      location: '/data/code/AgentHive/src/test/cli-plain-create-edit.test.ts:59:20'
      failureType: 'testCodeFailure'
      error: |-
        Expected values to be strictly equal:
        
        9 !== 0
        
      code: 'ERR_ASSERTION'
      name: 'AssertionError'
      expected: 0
      actual: 9
      operator: 'strictEqual'
      stack: |-
        TestContext.<anonymous> (file:///data/code/AgentHive/src/test/cli-plain-create-edit.test.ts:71:25)
        Test.runInAsyncScope (node:async_hooks:206:9)
        Test.run (node:internal/test_runner/test:796:25)
        async Suite.processPendingSubtests (node:internal/test_runner/test:526:7)
      ...
    1..2
not ok 71 - CLI --plain for proposal create/edit
  ---
  duration_ms: 345.496627
  type: 'suite'
  location: '/data/code/AgentHive/src/test/cli-plain-create-edit.test.ts:10:24'
  failureType: 'subtestsFailed'
  error: '2 subtests failed'
  code: 'ERR_TEST_FAILURE'
  ...
# STDOUT: 
# STDERR: node: bad option: --experimental-strip-types
# Subtest: CLI plain output for AI agents
    # Subtest: should output plain text with proposal view --plain
    not ok 1 - should output plain text with proposal view --plain
      ---
      duration_ms: 513.632618
      location: '/data/code/AgentHive/src/test/cli-plain-output.test.ts:105:20'
      failureType: 'testCodeFailure'
      error: |-
        Expected values to be strictly equal:
        
        9 !== 0
        
      code: 'ERR_ASSERTION'
      name: 'AssertionError'
      expected: 0
      actual: 9
      operator: 'strictEqual'
      stack: |-
        TestContext.<anonymous> (file:///data/code/AgentHive/src/test/cli-plain-output.test.ts:113:25)
        Test.runInAsyncScope (node:async_hooks:206:9)
        Test.run (node:internal/test_runner/test:796:25)
        async Promise.all (index 0)
        async Suite.run (node:internal/test_runner/test:1135:7)
        async Test.processPendingSubtests (node:internal/test_runner/test:526:7)
      ...
    # Subtest: should output plain text with proposal <id> --plain shortcut
    not ok 2 - should output plain text with proposal <id> --plain shortcut
      ---
      duration_ms: 455.176352
      location: '/data/code/AgentHive/src/test/cli-plain-output.test.ts:138:20'
      failureType: 'testCodeFailure'
      error: 'Expected "actual" to be strictly unequal to: null'
      code: 'ERR_ASSERTION'
      name: 'AssertionError'
      expected: ~
      actual: ~
      operator: 'notStrictEqual'
      stack: |-
        TestContext.<anonymous> (file:///data/code/AgentHive/src/test/cli-plain-output.test.ts:142:25)
        async Test.run (node:internal/test_runner/test:797:9)
        async Suite.processPendingSubtests (node:internal/test_runner/test:526:7)
      ...
# STDOUT: 
# STDERR: node: bad option: --experimental-strip-types
    # Subtest: should not include a subproposal list when none exist
    not ok 3 - should not include a subproposal list when none exist
      ---
      duration_ms: 405.437348
      location: '/data/code/AgentHive/src/test/cli-plain-output.test.ts:167:20'
      failureType: 'testCodeFailure'
      error: |-
        Expected values to be strictly equal:
        
        9 !== 0
        
      code: 'ERR_ASSERTION'
      name: 'AssertionError'
      expected: 0
      actual: 9
      operator: 'strictEqual'
      stack: |-
        TestContext.<anonymous> (file:///data/code/AgentHive/src/test/cli-plain-output.test.ts:175:25)
        Test.runInAsyncScope (node:async_hooks:206:9)
        Test.run (node:internal/test_runner/test:796:25)
        async Suite.processPendingSubtests (node:internal/test_runner/test:526:7)
      ...
# STDOUT: 
# STDERR: node: bad option: --experimental-strip-types
    # Subtest: should output plain text with draft view --plain
    not ok 4 - should output plain text with draft view --plain
      ---
      duration_ms: 422.63126
      location: '/data/code/AgentHive/src/test/cli-plain-output.test.ts:181:20'
      failureType: 'testCodeFailure'
      error: |-
        Expected values to be strictly equal:
        
        9 !== 0
        
      code: 'ERR_ASSERTION'
      name: 'AssertionError'
      expected: 0
      actual: 9
      operator: 'strictEqual'
      stack: |-
        TestContext.<anonymous> (file:///data/code/AgentHive/src/test/cli-plain-output.test.ts:189:25)
        Test.runInAsyncScope (node:async_hooks:206:9)
        Test.run (node:internal/test_runner/test:796:25)
        async Suite.processPendingSubtests (node:internal/test_runner/test:526:7)
      ...
# STDOUT: 
# STDERR: node: bad option: --experimental-strip-types
    # Subtest: should output plain text with draft <id> --plain shortcut
    not ok 5 - should output plain text with draft <id> --plain shortcut
      ---
      duration_ms: 372.796412
      location: '/data/code/AgentHive/src/test/cli-plain-output.test.ts:203:20'
      failureType: 'testCodeFailure'
      error: |-
        Expected values to be strictly equal:
        
        9 !== 0
        
      code: 'ERR_ASSERTION'
      name: 'AssertionError'
      expected: 0
      actual: 9
      operator: 'strictEqual'
      stack: |-
        TestContext.<anonymous> (file:///data/code/AgentHive/src/test/cli-plain-output.test.ts:217:25)
        async Test.run (node:internal/test_runner/test:797:9)
        async Suite.processPendingSubtests (node:internal/test_runner/test:526:7)
      ...
    # Subtest: omits complete-proposal plan text and checked criteria from plain output
    not ok 6 - omits complete-proposal plan text and checked criteria from plain output
      ---
      duration_ms: 309.306871
      location: '/data/code/AgentHive/src/test/cli-plain-output.test.ts:231:20'
      failureType: 'testCodeFailure'
      error: |-
        Expected values to be strictly equal:
        
        9 !== 0
        
      code: 'ERR_ASSERTION'
      name: 'AssertionError'
      expected: 0
      actual: 9
      operator: 'strictEqual'
      stack: |-
        TestContext.<anonymous> (file:///data/code/AgentHive/src/test/cli-plain-output.test.ts:272:25)
        async Test.run (node:internal/test_runner/test:797:9)
        async Suite.processPendingSubtests (node:internal/test_runner/test:526:7)
      ...
    1..6
not ok 72 - CLI plain output for AI agents
  ---
  duration_ms: 2486.165825
  type: 'suite'
  location: '/data/code/AgentHive/src/test/cli-plain-output.test.ts:11:24'
  failureType: 'subtestsFailed'
  error: '6 subtests failed'
  code: 'ERR_TEST_FAILURE'
  ...
# Subtest: CLI Priority Filtering
    # Subtest: proposal list --priority high shows only high priority proposals
    not ok 1 - proposal list --priority high shows only high priority proposals
      ---
      duration_ms: 19.529271
      location: '/data/code/AgentHive/src/test/cli-priority-filtering.test.ts:6:22'
      failureType: 'testCodeFailure'
      error: |-
        Expected values to be strictly equal:
        
        9 !== 0
        
      code: 'ERR_ASSERTION'
      name: 'AssertionError'
      expected: 0
      actual: 9
      operator: 'strictEqual'
      stack: |-
        TestContext.<anonymous> (file:///data/code/AgentHive/src/test/cli-priority-filtering.test.ts:8:25)
        Test.runInAsyncScope (node:async_hooks:206:9)
        Test.run (node:internal/test_runner/test:796:25)
        Test.start (node:internal/test_runner/test:702:17)
        node:internal/test_runner/test:1133:71
        node:internal/per_context/primordials:482:82
        new Promise (<anonymous>)
        new SafePromise (node:internal/per_context/primordials:450:29)
        node:internal/per_context/primordials:482:9
        Array.map (<anonymous>)
      ...
    # Subtest: proposal list --priority medium shows only medium priority proposals
    not ok 2 - proposal list --priority medium shows only medium priority proposals
      ---
      duration_ms: 13.371156
      location: '/data/code/AgentHive/src/test/cli-priority-filtering.test.ts:21:22'
      failureType: 'testCodeFailure'
      error: |-
        Expected values to be strictly equal:
        
        9 !== 0
        
      code: 'ERR_ASSERTION'
      name: 'AssertionError'
      expected: 0
      actual: 9
      operator: 'strictEqual'
      stack: |-
        TestContext.<anonymous> (file:///data/code/AgentHive/src/test/cli-priority-filtering.test.ts:23:25)
        Test.runInAsyncScope (node:async_hooks:206:9)
        Test.run (node:internal/test_runner/test:796:25)
        Suite.processPendingSubtests (node:internal/test_runner/test:526:18)
        Test.postRun (node:internal/test_runner/test:889:19)
        Test.run (node:internal/test_runner/test:835:12)
        async Promise.all (index 0)
        async Suite.run (node:internal/test_runner/test:1135:7)
        async Test.processPendingSubtests (node:internal/test_runner/test:526:7)
      ...
    # Subtest: proposal list --priority low shows only low priority proposals
    not ok 3 - proposal list --priority low shows only low priority proposals
      ---
      duration_ms: 20.963197
      location: '/data/code/AgentHive/src/test/cli-priority-filtering.test.ts:33:22'
      failureType: 'testCodeFailure'
      error: |-
        Expected values to be strictly equal:
        
        9 !== 0
        
      code: 'ERR_ASSERTION'
      name: 'AssertionError'
      expected: 0
      actual: 9
      operator: 'strictEqual'
      stack: |-
        TestContext.<anonymous> (file:///data/code/AgentHive/src/test/cli-priority-filtering.test.ts:35:25)
        Test.runInAsyncScope (node:async_hooks:206:9)
        Test.run (node:internal/test_runner/test:796:25)
        Suite.processPendingSubtests (node:internal/test_runner/test:526:18)
        Test.postRun (node:internal/test_runner/test:889:19)
        Test.run (node:internal/test_runner/test:835:12)
        async Suite.processPendingSubtests (node:internal/test_runner/test:526:7)
      ...
    # Subtest: proposal list --priority invalid shows error
    not ok 4 - proposal list --priority invalid shows error
      ---
      duration_ms: 13.964955
      location: '/data/code/AgentHive/src/test/cli-priority-filtering.test.ts:45:22'
      failureType: 'testCodeFailure'
      error: |-
        Expected values to be strictly equal:
        
        9 !== 1
        
      code: 'ERR_ASSERTION'
      name: 'AssertionError'
      expected: 1
      actual: 9
      operator: 'strictEqual'
      stack: |-
        TestContext.<anonymous> (file:///data/code/AgentHive/src/test/cli-priority-filtering.test.ts:47:25)
        Test.runInAsyncScope (node:async_hooks:206:9)
        Test.run (node:internal/test_runner/test:796:25)
        Suite.processPendingSubtests (node:internal/test_runner/test:526:18)
        Test.postRun (node:internal/test_runner/test:889:19)
        Test.run (node:internal/test_runner/test:835:12)
        async Suite.processPendingSubtests (node:internal/test_runner/test:526:7)
      ...
    # Subtest: proposal list --sort priority sorts by priority
    not ok 5 - proposal list --sort priority sorts by priority
      ---
      duration_ms: 13.987251
      location: '/data/code/AgentHive/src/test/cli-priority-filtering.test.ts:52:22'
      failureType: 'testCodeFailure'
      error: |-
        Expected values to be strictly equal:
        
        9 !== 0
        
      code: 'ERR_ASSERTION'
      name: 'AssertionError'
      expected: 0
      actual: 9
      operator: 'strictEqual'
      stack: |-
        TestContext.<anonymous> (file:///data/code/AgentHive/src/test/cli-priority-filtering.test.ts:54:25)
        Test.runInAsyncScope (node:async_hooks:206:9)
        Test.run (node:internal/test_runner/test:796:25)
        Suite.processPendingSubtests (node:internal/test_runner/test:526:18)
        Test.postRun (node:internal/test_runner/test:889:19)
        Test.run (node:internal/test_runner/test:835:12)
        async Suite.processPendingSubtests (node:internal/test_runner/test:526:7)
      ...
    # Subtest: proposal list --sort id sorts by proposal ID
    not ok 6 - proposal list --sort id sorts by proposal ID
      ---
      duration_ms: 19.34816
      location: '/data/code/AgentHive/src/test/cli-priority-filtering.test.ts:70:22'
      failureType: 'testCodeFailure'
      error: |-
        Expected values to be strictly equal:
        
        9 !== 0
        
      code: 'ERR_ASSERTION'
      name: 'AssertionError'
      expected: 0
      actual: 9
      operator: 'strictEqual'
      stack: |-
        TestContext.<anonymous> (file:///data/code/AgentHive/src/test/cli-priority-filtering.test.ts:72:25)
        Test.runInAsyncScope (node:async_hooks:206:9)
        Test.run (node:internal/test_runner/test:796:25)
        Suite.processPendingSubtests (node:internal/test_runner/test:526:18)
        Test.postRun (node:internal/test_runner/test:889:19)
        Test.run (node:internal/test_runner/test:835:12)
        async Suite.processPendingSubtests (node:internal/test_runner/test:526:7)
      ...
    # Subtest: proposal list --sort invalid shows error
    not ok 7 - proposal list --sort invalid shows error
      ---
      duration_ms: 35.81179
      location: '/data/code/AgentHive/src/test/cli-priority-filtering.test.ts:76:22'
      failureType: 'testCodeFailure'
      error: |-
        Expected values to be strictly equal:
        
        9 !== 1
        
      code: 'ERR_ASSERTION'
      name: 'AssertionError'
      expected: 1
      actual: 9
      operator: 'strictEqual'
      stack: |-
        TestContext.<anonymous> (file:///data/code/AgentHive/src/test/cli-priority-filtering.test.ts:78:25)
        Test.runInAsyncScope (node:async_hooks:206:9)
        Test.run (node:internal/test_runner/test:796:25)
        Suite.processPendingSubtests (node:internal/test_runner/test:526:18)
        Test.postRun (node:internal/test_runner/test:889:19)
        Test.run (node:internal/test_runner/test:835:12)
        async Suite.processPendingSubtests (node:internal/test_runner/test:526:7)
      ...
    # Subtest: proposal list combines priority filter with status filter
    not ok 8 - proposal list combines priority filter with status filter
      ---
      duration_ms: 21.887696
      location: '/data/code/AgentHive/src/test/cli-priority-filtering.test.ts:83:22'
      failureType: 'testCodeFailure'
      error: |-
        Expected values to be strictly equal:
        
        9 !== 0
        
      code: 'ERR_ASSERTION'
      name: 'AssertionError'
      expected: 0
      actual: 9
      operator: 'strictEqual'
      stack: |-
        TestContext.<anonymous> (file:///data/code/AgentHive/src/test/cli-priority-filtering.test.ts:85:25)
        Test.runInAsyncScope (node:async_hooks:206:9)
        Test.run (node:internal/test_runner/test:796:25)
        Suite.processPendingSubtests (node:internal/test_runner/test:526:18)
        Test.postRun (node:internal/test_runner/test:889:19)
        Test.run (node:internal/test_runner/test:835:12)
        async Suite.processPendingSubtests (node:internal/test_runner/test:526:7)
      ...
    # Subtest: proposal list combines priority filter with sort
    not ok 9 - proposal list combines priority filter with sort
      ---
      duration_ms: 16.457824
      location: '/data/code/AgentHive/src/test/cli-priority-filtering.test.ts:95:22'
      failureType: 'testCodeFailure'
      error: |-
        Expected values to be strictly equal:
        
        9 !== 0
        
      code: 'ERR_ASSERTION'
      name: 'AssertionError'
      expected: 0
      actual: 9
      operator: 'strictEqual'
      stack: |-
        TestContext.<anonymous> (file:///data/code/AgentHive/src/test/cli-priority-filtering.test.ts:97:25)
        Test.runInAsyncScope (node:async_hooks:206:9)
        Test.run (node:internal/test_runner/test:796:25)
        Suite.processPendingSubtests (node:internal/test_runner/test:526:18)
        Test.postRun (node:internal/test_runner/test:889:19)
        Test.run (node:internal/test_runner/test:835:12)
        async Suite.processPendingSubtests (node:internal/test_runner/test:526:7)
      ...
    # Subtest: plain output includes priority indicators
    not ok 10 - plain output includes priority indicators
      ---
      duration_ms: 18.36538
      location: '/data/code/AgentHive/src/test/cli-priority-filtering.test.ts:108:22'
      failureType: 'testCodeFailure'
      error: |-
        Expected values to be strictly equal:
        
        9 !== 0
        
      code: 'ERR_ASSERTION'
      name: 'AssertionError'
      expected: 0
      actual: 9
      operator: 'strictEqual'
      stack: |-
        TestContext.<anonymous> (file:///data/code/AgentHive/src/test/cli-priority-filtering.test.ts:110:25)
        Test.runInAsyncScope (node:async_hooks:206:9)
        Test.run (node:internal/test_runner/test:796:25)
        Suite.processPendingSubtests (node:internal/test_runner/test:526:18)
        Test.postRun (node:internal/test_runner/test:889:19)
        Test.run (node:internal/test_runner/test:835:12)
        async Suite.processPendingSubtests (node:internal/test_runner/test:526:7)
      ...
    # Subtest: case insensitive priority filtering
    not ok 11 - case insensitive priority filtering
      ---
      duration_ms: 64.022036
      location: '/data/code/AgentHive/src/test/cli-priority-filtering.test.ts:120:22'
      failureType: 'testCodeFailure'
      error: |-
        Expected values to be strictly equal:
        
        9 !== 0
        
      code: 'ERR_ASSERTION'
      name: 'AssertionError'
      expected: 0
      actual: 9
      operator: 'strictEqual'
      stack: |-
        TestContext.<anonymous> (file:///data/code/AgentHive/src/test/cli-priority-filtering.test.ts:125:25)
        Test.runInAsyncScope (node:async_hooks:206:9)
        Test.run (node:internal/test_runner/test:796:25)
        Suite.processPendingSubtests (node:internal/test_runner/test:526:18)
        Test.postRun (node:internal/test_runner/test:889:19)
        Test.run (node:internal/test_runner/test:835:12)
        async Suite.processPendingSubtests (node:internal/test_runner/test:526:7)
      ...
    1..11
not ok 73 - CLI Priority Filtering
  ---
  duration_ms: 262.066302
  type: 'suite'
  location: '/data/code/AgentHive/src/test/cli-priority-filtering.test.ts:5:24'
  failureType: 'subtestsFailed'
  error: '11 subtests failed'
  code: 'ERR_TEST_FAILURE'
  ...
# Subtest: CLI proposal list --compact
    # Subtest: prints one compact line per proposal
    not ok 1 - prints one compact line per proposal
      ---
      duration_ms: 246.468247
      location: '/data/code/AgentHive/src/test/cli-proposal-list-compact.test.ts:74:20'
      failureType: 'testCodeFailure'
      error: |-
        Expected values to be strictly equal:
        
        9 !== 0
        
      code: 'ERR_ASSERTION'
      name: 'AssertionError'
      expected: 0
      actual: 9
      operator: 'strictEqual'
      stack: |-
        TestContext.<anonymous> (file:///data/code/AgentHive/src/test/cli-proposal-list-compact.test.ts:76:25)
        Test.runInAsyncScope (node:async_hooks:206:9)
        Test.run (node:internal/test_runner/test:796:25)
        async Promise.all (index 0)
        async Suite.run (node:internal/test_runner/test:1135:7)
        async Test.processPendingSubtests (node:internal/test_runner/test:526:7)
      ...
    # Subtest: preserves existing filters in compact mode
    not ok 2 - preserves existing filters in compact mode
      ---
      duration_ms: 124.909169
      location: '/data/code/AgentHive/src/test/cli-proposal-list-compact.test.ts:89:20'
      failureType: 'testCodeFailure'
      error: |-
        Expected values to be strictly equal:
        
        9 !== 0
        
      code: 'ERR_ASSERTION'
      name: 'AssertionError'
      expected: 0
      actual: 9
      operator: 'strictEqual'
      stack: |-
        TestContext.<anonymous> (file:///data/code/AgentHive/src/test/cli-proposal-list-compact.test.ts:93:25)
        Test.runInAsyncScope (node:async_hooks:206:9)
        Test.run (node:internal/test_runner/test:796:25)
        async Suite.processPendingSubtests (node:internal/test_runner/test:526:7)
      ...
    1..2
not ok 74 - CLI proposal list --compact
  ---
  duration_ms: 375.289923
  type: 'suite'
  location: '/data/code/AgentHive/src/test/cli-proposal-list-compact.test.ts:12:24'
  failureType: 'subtestsFailed'
  error: '2 subtests failed'
  code: 'ERR_TEST_FAILURE'
  ...
# Subtest: CLI proposal wizard integration compatibility
    # Subtest: preserves non-interactive missing title error for proposal create
    not ok 1 - preserves non-interactive missing title error for proposal create
      ---
      duration_ms: 135.992895
      location: '/data/code/AgentHive/src/test/cli-proposal-wizard.test.ts:34:20'
      failureType: 'testCodeFailure'
      error: `Expected string to contain "error: missing required argument 'title'"`
      code: 'ERR_ASSERTION'
      name: 'AssertionError'
      actual: |-
        node: bad option: --experimental-strip-types
        
      operator: 'expect'
      stack: |-
        new AssertionError (node:internal/assert/assertion_error:454:5)
        pass (/data/code/AgentHive/src/test/test-utils.ts:287:469)
        Object.toContain (/data/code/AgentHive/src/test/test-utils.ts:287:1610)
        TestContext.<anonymous> (file:///data/code/AgentHive/src/test/cli-proposal-wizard.test.ts:37:54)
        Test.runInAsyncScope (node:async_hooks:206:9)
        Test.run (node:internal/test_runner/test:796:25)
        async Promise.all (index 0)
        async Suite.run (node:internal/test_runner/test:1135:7)
        async Test.processPendingSubtests (node:internal/test_runner/test:526:7)
      ...
    # Subtest: preserves non-interactive missing proposalId error for proposal edit
    not ok 2 - preserves non-interactive missing proposalId error for proposal edit
      ---
      duration_ms: 86.731371
      location: '/data/code/AgentHive/src/test/cli-proposal-wizard.test.ts:40:20'
      failureType: 'testCodeFailure'
      error: `Expected string to contain "error: missing required argument 'proposalId'"`
      code: 'ERR_ASSERTION'
      name: 'AssertionError'
      actual: |-
        node: bad option: --experimental-strip-types
        
      operator: 'expect'
      stack: |-
        new AssertionError (node:internal/assert/assertion_error:454:5)
        pass (/data/code/AgentHive/src/test/test-utils.ts:287:469)
        Object.toContain (/data/code/AgentHive/src/test/test-utils.ts:287:1610)
        TestContext.<anonymous> (file:///data/code/AgentHive/src/test/cli-proposal-wizard.test.ts:43:54)
        Test.runInAsyncScope (node:async_hooks:206:9)
        Test.run (node:internal/test_runner/test:796:25)
        async Suite.processPendingSubtests (node:internal/test_runner/test:526:7)
      ...
    # Subtest: keeps legacy non-interactive edit behavior when proposalId is provided
    not ok 3 - keeps legacy non-interactive edit behavior when proposalId is provided
      ---
      duration_ms: 105.107352
      location: '/data/code/AgentHive/src/test/cli-proposal-wizard.test.ts:46:20'
      failureType: 'testCodeFailure'
      error: |-
        Expected values to be strictly equal:
        
        9 !== 0
        
      code: 'ERR_ASSERTION'
      name: 'AssertionError'
      expected: 0
      actual: 9
      operator: 'strictEqual'
      stack: |-
        TestContext.<anonymous> (file:///data/code/AgentHive/src/test/cli-proposal-wizard.test.ts:49:25)
        Test.runInAsyncScope (node:async_hooks:206:9)
        Test.run (node:internal/test_runner/test:796:25)
        async Suite.processPendingSubtests (node:internal/test_runner/test:526:7)
      ...
    1..3
not ok 75 - CLI proposal wizard integration compatibility
  ---
  duration_ms: 331.33011
  type: 'suite'
  location: '/data/code/AgentHive/src/test/cli-proposal-wizard.test.ts:13:24'
  failureType: 'subtestsFailed'
  error: '3 subtests failed'
  code: 'ERR_TEST_FAILURE'
  ...
# Subtest: CLI --ref and --doc flags
    # Subtest: proposal create with --ref flag
        # Subtest: creates proposal with single reference
        not ok 1 - creates proposal with single reference
          ---
          duration_ms: 144.712567
          location: '/data/code/AgentHive/src/test/cli-refs-docs.test.ts:35:22'
          failureType: 'testCodeFailure'
          error: |-
            Expected values to be strictly equal:
            
            9 !== 0
            
          code: 'ERR_ASSERTION'
          name: 'AssertionError'
          expected: 0
          actual: 9
          operator: 'strictEqual'
          stack: |-
            TestContext.<anonymous> (file:///data/code/AgentHive/src/test/cli-refs-docs.test.ts:38:27)
            Test.runInAsyncScope (node:async_hooks:206:9)
            Test.run (node:internal/test_runner/test:796:25)
            async Promise.all (index 0)
            async Suite.run (node:internal/test_runner/test:1135:7)
            async Promise.all (index 0)
            async Suite.run (node:internal/test_runner/test:1135:7)
            async Test.processPendingSubtests (node:internal/test_runner/test:526:7)
          ...
        # Subtest: creates proposal with multiple references
        not ok 2 - creates proposal with multiple references
          ---
          duration_ms: 95.983952
          location: '/data/code/AgentHive/src/test/cli-refs-docs.test.ts:43:22'
          failureType: 'testCodeFailure'
          error: |-
            Expected values to be strictly equal:
            
            9 !== 0
            
          code: 'ERR_ASSERTION'
          name: 'AssertionError'
          expected: 0
          actual: 9
          operator: 'strictEqual'
          stack: |-
            TestContext.<anonymous> (file:///data/code/AgentHive/src/test/cli-refs-docs.test.ts:47:27)
            Test.runInAsyncScope (node:async_hooks:206:9)
            Test.run (node:internal/test_runner/test:796:25)
            async Suite.processPendingSubtests (node:internal/test_runner/test:526:7)
          ...
        # Subtest: creates proposal with comma-separated references
        not ok 3 - creates proposal with comma-separated references
          ---
          duration_ms: 110.268654
          location: '/data/code/AgentHive/src/test/cli-refs-docs.test.ts:52:22'
          failureType: 'testCodeFailure'
          error: |-
            Expected values to be strictly equal:
            
            9 !== 0
            
          code: 'ERR_ASSERTION'
          name: 'AssertionError'
          expected: 0
          actual: 9
          operator: 'strictEqual'
          stack: |-
            TestContext.<anonymous> (file:///data/code/AgentHive/src/test/cli-refs-docs.test.ts:55:27)
            Test.runInAsyncScope (node:async_hooks:206:9)
            Test.run (node:internal/test_runner/test:796:25)
            async Suite.processPendingSubtests (node:internal/test_runner/test:526:7)
          ...
        1..3
    not ok 1 - proposal create with --ref flag
      ---
      duration_ms: 353.668878
      type: 'suite'
      location: '/data/code/AgentHive/src/test/cli-refs-docs.test.ts:34:26'
      failureType: 'subtestsFailed'
      error: '3 subtests failed'
      code: 'ERR_TEST_FAILURE'
      stack: |-
        async Promise.all (index 0)
      ...
    # Subtest: proposal create with --doc flag
        # Subtest: creates proposal with single documentation
        not ok 1 - creates proposal with single documentation
          ---
          duration_ms: 111.835564
          location: '/data/code/AgentHive/src/test/cli-refs-docs.test.ts:62:22'
          failureType: 'testCodeFailure'
          error: |-
            Expected values to be strictly equal:
            
            9 !== 0
            
          code: 'ERR_ASSERTION'
          name: 'AssertionError'
          expected: 0
          actual: 9
          operator: 'strictEqual'
          stack: |-
            TestContext.<anonymous> (file:///data/code/AgentHive/src/test/cli-refs-docs.test.ts:65:27)
            Test.runInAsyncScope (node:async_hooks:206:9)
            Test.run (node:internal/test_runner/test:796:25)
            async Promise.all (index 0)
            async Suite.run (node:internal/test_runner/test:1135:7)
            async Suite.processPendingSubtests (node:internal/test_runner/test:526:7)
          ...
        # Subtest: creates proposal with multiple documentation entries
        not ok 2 - creates proposal with multiple documentation entries
          ---
          duration_ms: 153.682125
          location: '/data/code/AgentHive/src/test/cli-refs-docs.test.ts:70:22'
          failureType: 'testCodeFailure'
          error: |-
            Expected values to be strictly equal:
            
            9 !== 0
            
          code: 'ERR_ASSERTION'
          name: 'AssertionError'
          expected: 0
          actual: 9
          operator: 'strictEqual'
          stack: |-
            TestContext.<anonymous> (file:///data/code/AgentHive/src/test/cli-refs-docs.test.ts:74:27)
            Test.runInAsyncScope (node:async_hooks:206:9)
            Test.run (node:internal/test_runner/test:796:25)
            async Suite.processPendingSubtests (node:internal/test_runner/test:526:7)
          ...
        # Subtest: creates proposal with comma-separated documentation
        not ok 3 - creates proposal with comma-separated documentation
          ---
          duration_ms: 122.387716
          location: '/data/code/AgentHive/src/test/cli-refs-docs.test.ts:79:22'
          failureType: 'testCodeFailure'
          error: |-
            Expected values to be strictly equal:
            
            9 !== 0
            
          code: 'ERR_ASSERTION'
          name: 'AssertionError'
          expected: 0
          actual: 9
          operator: 'strictEqual'
          stack: |-
            TestContext.<anonymous> (file:///data/code/AgentHive/src/test/cli-refs-docs.test.ts:82:27)
            Test.runInAsyncScope (node:async_hooks:206:9)
            Test.run (node:internal/test_runner/test:796:25)
            async Suite.processPendingSubtests (node:internal/test_runner/test:526:7)
          ...
        1..3
    not ok 2 - proposal create with --doc flag
      ---
      duration_ms: 390.183101
      type: 'suite'
      location: '/data/code/AgentHive/src/test/cli-refs-docs.test.ts:61:26'
      failureType: 'subtestsFailed'
      error: '3 subtests failed'
      code: 'ERR_TEST_FAILURE'
      ...
    # Subtest: proposal create with both --ref and --doc flags
        # Subtest: creates proposal with both references and documentation
        not ok 1 - creates proposal with both references and documentation
          ---
          duration_ms: 144.537488
          location: '/data/code/AgentHive/src/test/cli-refs-docs.test.ts:89:22'
          failureType: 'testCodeFailure'
          error: |-
            Expected values to be strictly equal:
            
            9 !== 0
            
          code: 'ERR_ASSERTION'
          name: 'AssertionError'
          expected: 0
          actual: 9
          operator: 'strictEqual'
          stack: |-
            TestContext.<anonymous> (file:///data/code/AgentHive/src/test/cli-refs-docs.test.ts:93:27)
            Test.runInAsyncScope (node:async_hooks:206:9)
            Test.run (node:internal/test_runner/test:796:25)
            async Promise.all (index 0)
            async Suite.run (node:internal/test_runner/test:1135:7)
            async Suite.processPendingSubtests (node:internal/test_runner/test:526:7)
          ...
        1..1
    not ok 3 - proposal create with both --ref and --doc flags
      ---
      duration_ms: 145.430338
      type: 'suite'
      location: '/data/code/AgentHive/src/test/cli-refs-docs.test.ts:88:26'
      failureType: 'subtestsFailed'
      error: '1 subtest failed'
      code: 'ERR_TEST_FAILURE'
      ...
    # Subtest: proposal edit with --ref flag
        # Subtest: sets references on existing proposal
        not ok 1 - sets references on existing proposal
          ---
          duration_ms: 144.308877
          location: '/data/code/AgentHive/src/test/cli-refs-docs.test.ts:101:22'
          failureType: 'testCodeFailure'
          error: |-
            Expected values to be strictly equal:
            
            9 !== 0
            
          code: 'ERR_ASSERTION'
          name: 'AssertionError'
          expected: 0
          actual: 9
          operator: 'strictEqual'
          stack: |-
            TestContext.<anonymous> (file:///data/code/AgentHive/src/test/cli-refs-docs.test.ts:106:27)
            Test.runInAsyncScope (node:async_hooks:206:9)
            Test.run (node:internal/test_runner/test:796:25)
            async Promise.all (index 0)
            async Suite.run (node:internal/test_runner/test:1135:7)
            async Suite.processPendingSubtests (node:internal/test_runner/test:526:7)
          ...
        # Subtest: sets multiple references on existing proposal
        not ok 2 - sets multiple references on existing proposal
          ---
          duration_ms: 129.376733
          location: '/data/code/AgentHive/src/test/cli-refs-docs.test.ts:111:22'
          failureType: 'testCodeFailure'
          error: |-
            Expected values to be strictly equal:
            
            9 !== 0
            
          code: 'ERR_ASSERTION'
          name: 'AssertionError'
          expected: 0
          actual: 9
          operator: 'strictEqual'
          stack: |-
            TestContext.<anonymous> (file:///data/code/AgentHive/src/test/cli-refs-docs.test.ts:116:27)
            Test.runInAsyncScope (node:async_hooks:206:9)
            Test.run (node:internal/test_runner/test:796:25)
            async Suite.processPendingSubtests (node:internal/test_runner/test:526:7)
          ...
        1..2
    not ok 4 - proposal edit with --ref flag
      ---
      duration_ms: 274.753084
      type: 'suite'
      location: '/data/code/AgentHive/src/test/cli-refs-docs.test.ts:100:26'
      failureType: 'subtestsFailed'
      error: '2 subtests failed'
      code: 'ERR_TEST_FAILURE'
      ...
    # Subtest: proposal edit with --doc flag
        # Subtest: sets documentation on existing proposal
        not ok 1 - sets documentation on existing proposal
          ---
          duration_ms: 104.996135
          location: '/data/code/AgentHive/src/test/cli-refs-docs.test.ts:123:22'
          failureType: 'testCodeFailure'
          error: |-
            Expected values to be strictly equal:
            
            9 !== 0
            
          code: 'ERR_ASSERTION'
          name: 'AssertionError'
          expected: 0
          actual: 9
          operator: 'strictEqual'
          stack: |-
            TestContext.<anonymous> (file:///data/code/AgentHive/src/test/cli-refs-docs.test.ts:128:27)
            Test.runInAsyncScope (node:async_hooks:206:9)
            Test.run (node:internal/test_runner/test:796:25)
            async Promise.all (index 0)
            async Suite.run (node:internal/test_runner/test:1135:7)
            async Suite.processPendingSubtests (node:internal/test_runner/test:526:7)
          ...
        # Subtest: sets multiple documentation entries on existing proposal
        not ok 2 - sets multiple documentation entries on existing proposal
          ---
          duration_ms: 170.440865
          location: '/data/code/AgentHive/src/test/cli-refs-docs.test.ts:133:22'
          failureType: 'testCodeFailure'
          error: |-
            Expected values to be strictly equal:
            
            9 !== 0
            
          code: 'ERR_ASSERTION'
          name: 'AssertionError'
          expected: 0
          actual: 9
          operator: 'strictEqual'
          stack: |-
            TestContext.<anonymous> (file:///data/code/AgentHive/src/test/cli-refs-docs.test.ts:138:27)
            Test.runInAsyncScope (node:async_hooks:206:9)
            Test.run (node:internal/test_runner/test:796:25)
            async Suite.processPendingSubtests (node:internal/test_runner/test:526:7)
          ...
        1..2
    not ok 5 - proposal edit with --doc flag
      ---
      duration_ms: 277.462951
      type: 'suite'
      location: '/data/code/AgentHive/src/test/cli-refs-docs.test.ts:122:26'
      failureType: 'subtestsFailed'
      error: '2 subtests failed'
      code: 'ERR_TEST_FAILURE'
      ...
    # Subtest: persistence in markdown files
        # Subtest: persists references in proposal markdown file
        not ok 1 - persists references in proposal markdown file
          ---
          duration_ms: 152.890154
          location: '/data/code/AgentHive/src/test/cli-refs-docs.test.ts:145:22'
          failureType: 'testCodeFailure'
          error: "ENOENT: no such file or directory, open '/data/code/AgentHive/tmp/test-cli-refs-docs-mnn4di7l-4j8m-970304e4/roadmap/proposals/proposal-1 - Feature.md'"
          code: 'ENOENT'
          stack: |-
            async open (node:internal/fs/promises:634:25)
            async readFile (node:internal/fs/promises:1236:14)
            async TestContext.<anonymous> (file:///data/code/AgentHive/src/test/cli-refs-docs.test.ts:148:34)
            async Test.run (node:internal/test_runner/test:797:9)
            async Promise.all (index 0)
            async Suite.run (node:internal/test_runner/test:1135:7)
            async Suite.processPendingSubtests (node:internal/test_runner/test:526:7)
          ...
        # Subtest: persists documentation in proposal markdown file
        not ok 2 - persists documentation in proposal markdown file
          ---
          duration_ms: 128.659999
          location: '/data/code/AgentHive/src/test/cli-refs-docs.test.ts:154:22'
          failureType: 'testCodeFailure'
          error: "ENOENT: no such file or directory, open '/data/code/AgentHive/tmp/test-cli-refs-docs-mnn4dibu-4j8m-9087a83d/roadmap/proposals/proposal-1 - Feature.md'"
          code: 'ENOENT'
          stack: |-
            async open (node:internal/fs/promises:634:25)
            async readFile (node:internal/fs/promises:1236:14)
            async TestContext.<anonymous> (file:///data/code/AgentHive/src/test/cli-refs-docs.test.ts:157:34)
            async Test.run (node:internal/test_runner/test:797:9)
            async Suite.processPendingSubtests (node:internal/test_runner/test:526:7)
          ...
        1..2
    not ok 6 - persistence in markdown files
      ---
      duration_ms: 283.500445
      type: 'suite'
      location: '/data/code/AgentHive/src/test/cli-refs-docs.test.ts:144:26'
      failureType: 'subtestsFailed'
      error: '2 subtests failed'
      code: 'ERR_TEST_FAILURE'
      ...
    1..6
not ok 76 - CLI --ref and --doc flags
  ---
  duration_ms: 1728.643271
  type: 'suite'
  location: '/data/code/AgentHive/src/test/cli-refs-docs.test.ts:10:24'
  failureType: 'subtestsFailed'
  error: '6 subtests failed'
  code: 'ERR_TEST_FAILURE'
  ...
# Subtest: CLI search command
    # Subtest: returns matching proposals, documents, and decisions in plain output
    not ok 1 - returns matching proposals, documents, and decisions in plain output
      ---
      duration_ms: 250.229145
      location: '/data/code/AgentHive/src/test/cli-search-command.test.ts:81:20'
      failureType: 'testCodeFailure'
      error: |-
        Expected values to be strictly equal:
        
        9 !== 0
        
      code: 'ERR_ASSERTION'
      name: 'AssertionError'
      expected: 0
      actual: 9
      operator: 'strictEqual'
      stack: |-
        TestContext.<anonymous> (file:///data/code/AgentHive/src/test/cli-search-command.test.ts:84:25)
        Test.runInAsyncScope (node:async_hooks:206:9)
        Test.run (node:internal/test_runner/test:796:25)
        async Promise.all (index 0)
        async Suite.run (node:internal/test_runner/test:1135:7)
        async Test.processPendingSubtests (node:internal/test_runner/test:526:7)
      ...
    # Subtest: honors status and priority filters for proposal results
    not ok 2 - honors status and priority filters for proposal results
      ---
      duration_ms: 168.220486
      location: '/data/code/AgentHive/src/test/cli-search-command.test.ts:94:20'
      failureType: 'testCodeFailure'
      error: |-
        Expected values to be strictly equal:
        
        9 !== 0
        
      code: 'ERR_ASSERTION'
      name: 'AssertionError'
      expected: 0
      actual: 9
      operator: 'strictEqual'
      stack: |-
        TestContext.<anonymous> (file:///data/code/AgentHive/src/test/cli-search-command.test.ts:96:25)
        Test.runInAsyncScope (node:async_hooks:206:9)
        Test.run (node:internal/test_runner/test:796:25)
        async Suite.processPendingSubtests (node:internal/test_runner/test:526:7)
      ...
    # Subtest: applies result limit
    not ok 3 - applies result limit
      ---
      duration_ms: 154.871583
      location: '/data/code/AgentHive/src/test/cli-search-command.test.ts:107:20'
      failureType: 'testCodeFailure'
      error: |-
        Expected values to be strictly equal:
        
        9 !== 0
        
      code: 'ERR_ASSERTION'
      name: 'AssertionError'
      expected: 0
      actual: 9
      operator: 'strictEqual'
      stack: |-
        TestContext.<anonymous> (file:///data/code/AgentHive/src/test/cli-search-command.test.ts:109:25)
        Test.runInAsyncScope (node:async_hooks:206:9)
        Test.run (node:internal/test_runner/test:796:25)
        async Suite.processPendingSubtests (node:internal/test_runner/test:526:7)
      ...
    1..3
not ok 77 - CLI search command
  ---
  duration_ms: 576.744199
  type: 'suite'
  location: '/data/code/AgentHive/src/test/cli-search-command.test.ts:12:24'
  failureType: 'subtestsFailed'
  error: '3 subtests failed'
  code: 'ERR_TEST_FAILURE'
  ...
# Subtest: CLI Splash (bare run)
    # Subtest: prints minimal splash in non-initialized repo (non-TTY)
    not ok 1 - prints minimal splash in non-initialized repo (non-TTY)
      ---
      duration_ms: 60.142526
      location: '/data/code/AgentHive/src/test/cli-splash.test.ts:22:20'
      failureType: 'testCodeFailure'
      error: |-
        Expected values to be strictly equal:
        
        9 !== 0
        
      code: 'ERR_ASSERTION'
      name: 'AssertionError'
      expected: 0
      actual: 9
      operator: 'strictEqual'
      stack: |-
        TestContext.<anonymous> (file:///data/code/AgentHive/src/test/cli-splash.test.ts:25:25)
        Test.runInAsyncScope (node:async_hooks:206:9)
        Test.run (node:internal/test_runner/test:796:25)
        async Promise.all (index 0)
        async Suite.run (node:internal/test_runner/test:1135:7)
        async Test.processPendingSubtests (node:internal/test_runner/test:526:7)
      ...
    # Subtest: prints quickstart (initialized repo)
    not ok 2 - prints quickstart (initialized repo)
      ---
      duration_ms: 212.383284
      location: '/data/code/AgentHive/src/test/cli-splash.test.ts:31:20'
      failureType: 'testCodeFailure'
      error: |-
        Expected values to be strictly equal:
        
        9 !== 0
        
      code: 'ERR_ASSERTION'
      name: 'AssertionError'
      expected: 0
      actual: 9
      operator: 'strictEqual'
      stack: |-
        TestContext.<anonymous> (file:///data/code/AgentHive/src/test/cli-splash.test.ts:41:25)
        async Test.run (node:internal/test_runner/test:797:9)
        async Suite.processPendingSubtests (node:internal/test_runner/test:526:7)
      ...
    # Subtest: --help shows commander help, not splash
    not ok 3 - --help shows commander help, not splash
      ---
      duration_ms: 43.783568
      location: '/data/code/AgentHive/src/test/cli-splash.test.ts:48:20'
      failureType: 'testCodeFailure'
      error: |-
        Expected values to be strictly equal:
        
        9 !== 0
        
      code: 'ERR_ASSERTION'
      name: 'AssertionError'
      expected: 0
      actual: 9
      operator: 'strictEqual'
      stack: |-
        TestContext.<anonymous> (file:///data/code/AgentHive/src/test/cli-splash.test.ts:51:25)
        Test.runInAsyncScope (node:async_hooks:206:9)
        Test.run (node:internal/test_runner/test:796:25)
        async Suite.processPendingSubtests (node:internal/test_runner/test:526:7)
      ...
    # Subtest: --plain forces minimal splash
    not ok 4 - --plain forces minimal splash
      ---
      duration_ms: 31.980124
      location: '/data/code/AgentHive/src/test/cli-splash.test.ts:55:20'
      failureType: 'testCodeFailure'
      error: |-
        Expected values to be strictly equal:
        
        9 !== 0
        
      code: 'ERR_ASSERTION'
      name: 'AssertionError'
      expected: 0
      actual: 9
      operator: 'strictEqual'
      stack: |-
        TestContext.<anonymous> (file:///data/code/AgentHive/src/test/cli-splash.test.ts:58:25)
        Test.runInAsyncScope (node:async_hooks:206:9)
        Test.run (node:internal/test_runner/test:796:25)
        async Suite.processPendingSubtests (node:internal/test_runner/test:526:7)
      ...
    1..4
not ok 78 - CLI Splash (bare run)
  ---
  duration_ms: 358.992957
  type: 'suite'
  location: '/data/code/AgentHive/src/test/cli-splash.test.ts:12:24'
  failureType: 'subtestsFailed'
  error: '4 subtests failed'
  code: 'ERR_TEST_FAILURE'
  ...
# Subtest: CLI wrapper launch config
    # Subtest: prefers the local TypeScript source when available
    not ok 1 - prefers the local TypeScript source when available
      ---
      duration_ms: 1.953013
      location: '/data/code/AgentHive/src/test/cli-wrapper.test.ts:9:20'
      failureType: 'testCodeFailure'
      error: 'resolveLaunchConfig is not a function'
      code: 'ERR_TEST_FAILURE'
      name: 'TypeError'
      stack: |-
        TestContext.<anonymous> (file:///data/code/AgentHive/src/test/cli-wrapper.test.ts:10:20)
        Test.runInAsyncScope (node:async_hooks:206:9)
        Test.run (node:internal/test_runner/test:796:25)
        Test.start (node:internal/test_runner/test:702:17)
        node:internal/test_runner/test:1133:71
        node:internal/per_context/primordials:482:82
        new Promise (<anonymous>)
        new SafePromise (node:internal/per_context/primordials:450:29)
        node:internal/per_context/primordials:482:9
        Array.map (<anonymous>)
      ...
    # Subtest: uses the bundled binary when source is unavailable
    not ok 2 - uses the bundled binary when source is unavailable
      ---
      duration_ms: 0.43544
      location: '/data/code/AgentHive/src/test/cli-wrapper.test.ts:26:20'
      failureType: 'testCodeFailure'
      error: 'resolveLaunchConfig is not a function'
      code: 'ERR_TEST_FAILURE'
      name: 'TypeError'
      stack: |-
        TestContext.<anonymous> (file:///data/code/AgentHive/src/test/cli-wrapper.test.ts:27:20)
        Test.runInAsyncScope (node:async_hooks:206:9)
        Test.run (node:internal/test_runner/test:796:25)
        Suite.processPendingSubtests (node:internal/test_runner/test:526:18)
        Test.postRun (node:internal/test_runner/test:889:19)
        Test.run (node:internal/test_runner/test:835:12)
        async Promise.all (index 0)
        async Suite.run (node:internal/test_runner/test:1135:7)
        async Test.processPendingSubtests (node:internal/test_runner/test:526:7)
      ...
    # Subtest: falls back to the platform binary when neither source nor bundled binary exists
    not ok 3 - falls back to the platform binary when neither source nor bundled binary exists
      ---
      duration_ms: 0.419295
      location: '/data/code/AgentHive/src/test/cli-wrapper.test.ts:43:20'
      failureType: 'testCodeFailure'
      error: 'resolveLaunchConfig is not a function'
      code: 'ERR_TEST_FAILURE'
      name: 'TypeError'
      stack: |-
        TestContext.<anonymous> (file:///data/code/AgentHive/src/test/cli-wrapper.test.ts:44:20)
        Test.runInAsyncScope (node:async_hooks:206:9)
        Test.run (node:internal/test_runner/test:796:25)
        Suite.processPendingSubtests (node:internal/test_runner/test:526:18)
        Test.postRun (node:internal/test_runner/test:889:19)
        Test.run (node:internal/test_runner/test:835:12)
        async Suite.processPendingSubtests (node:internal/test_runner/test:526:7)
      ...
    1..3
not ok 79 - CLI wrapper launch config
  ---
  duration_ms: 5.292522
  type: 'suite'
  location: '/data/code/AgentHive/src/test/cli-wrapper.test.ts:8:24'
  failureType: 'subtestsFailed'
  error: '3 subtests failed'
  code: 'ERR_TEST_FAILURE'
  ...
# file:///data/code/AgentHive/scripts/cli.cjs.js:11834
# import { glob } from "node:fs/promises";
#          ^^^^
# SyntaxError: The requested module 'node:fs/promises' does not provide an export named 'glob'
#     at ModuleJob._instantiate (node:internal/modules/esm/module_job:213:21)
#     at async ModuleJob.run (node:internal/modules/esm/module_job:320:5)
#     at async ModuleLoader.import (node:internal/modules/esm/loader:606:24)
# Subtest: CLI Zero Padded IDs Feature
    # Subtest: should create a proposal with a zero-padded ID
    not ok 1 - should create a proposal with a zero-padded ID
      ---
      duration_ms: 180.556103
      location: '/data/code/AgentHive/src/test/cli-zero-padded-ids.test.ts:49:22'
      failureType: 'testCodeFailure'
      error: |-
        Expected values to be strictly equal:
        
        9 !== 0
        
      code: 'ERR_ASSERTION'
      name: 'AssertionError'
      expected: 0
      actual: 9
      operator: 'strictEqual'
      stack: |-
        TestContext.<anonymous> (file:///data/code/AgentHive/src/test/cli-zero-padded-ids.test.ts:51:25)
        Test.runInAsyncScope (node:async_hooks:206:9)
        Test.run (node:internal/test_runner/test:796:25)
        async Promise.all (index 0)
        async Suite.run (node:internal/test_runner/test:1135:7)
        async Test.processPendingSubtests (node:internal/test_runner/test:526:7)
      ...
    # Subtest: should create a document with a zero-padded ID
    not ok 2 - should create a document with a zero-padded ID
      ---
      duration_ms: 148.576901
      location: '/data/code/AgentHive/src/test/cli-zero-padded-ids.test.ts:59:22'
      failureType: 'testCodeFailure'
      error: |-
        Expected values to be strictly equal:
        
        9 !== 0
        
      code: 'ERR_ASSERTION'
      name: 'AssertionError'
      expected: 0
      actual: 9
      operator: 'strictEqual'
      stack: |-
        TestContext.<anonymous> (file:///data/code/AgentHive/src/test/cli-zero-padded-ids.test.ts:61:25)
        Test.runInAsyncScope (node:async_hooks:206:9)
        Test.run (node:internal/test_runner/test:796:25)
        async Suite.processPendingSubtests (node:internal/test_runner/test:526:7)
      ...
    # Subtest: should create a decision with a zero-padded ID
    not ok 3 - should create a decision with a zero-padded ID
      ---
      duration_ms: 104.421242
      location: '/data/code/AgentHive/src/test/cli-zero-padded-ids.test.ts:69:22'
      failureType: 'testCodeFailure'
      error: |-
        Expected values to be strictly equal:
        
        9 !== 0
        
      code: 'ERR_ASSERTION'
      name: 'AssertionError'
      expected: 0
      actual: 9
      operator: 'strictEqual'
      stack: |-
        TestContext.<anonymous> (file:///data/code/AgentHive/src/test/cli-zero-padded-ids.test.ts:71:25)
        Test.runInAsyncScope (node:async_hooks:206:9)
        Test.run (node:internal/test_runner/test:796:25)
        async Suite.processPendingSubtests (node:internal/test_runner/test:526:7)
      ...
    # Subtest: should correctly increment a padded proposal ID
    not ok 4 - should correctly increment a padded proposal ID
      ---
      duration_ms: 142.544573
      location: '/data/code/AgentHive/src/test/cli-zero-padded-ids.test.ts:79:22'
      failureType: 'testCodeFailure'
      error: |-
        Expected values to be strictly equal:
        
        9 !== 0
        
      code: 'ERR_ASSERTION'
      name: 'AssertionError'
      expected: 0
      actual: 9
      operator: 'strictEqual'
      stack: |-
        TestContext.<anonymous> (file:///data/code/AgentHive/src/test/cli-zero-padded-ids.test.ts:82:25)
        Test.runInAsyncScope (node:async_hooks:206:9)
        Test.run (node:internal/test_runner/test:796:25)
        async Suite.processPendingSubtests (node:internal/test_runner/test:526:7)
      ...
    # Subtest: should create a sub-proposal with a zero-padded ID
    not ok 5 - should create a sub-proposal with a zero-padded ID
      ---
      duration_ms: 176.073152
      location: '/data/code/AgentHive/src/test/cli-zero-padded-ids.test.ts:90:22'
      failureType: 'testCodeFailure'
      error: |-
        Expected values to be strictly equal:
        
        9 !== 0
        
      code: 'ERR_ASSERTION'
      name: 'AssertionError'
      expected: 0
      actual: 9
      operator: 'strictEqual'
      stack: |-
        TestContext.<anonymous> (file:///data/code/AgentHive/src/test/cli-zero-padded-ids.test.ts:96:25)
        Test.runInAsyncScope (node:async_hooks:206:9)
        Test.run (node:internal/test_runner/test:796:25)
        async Suite.processPendingSubtests (node:internal/test_runner/test:526:7)
      ...
    1..5
not ok 80 - CLI Zero Padded IDs Feature
  ---
  duration_ms: 757.303624
  type: 'suite'
  location: '/data/code/AgentHive/src/test/cli-zero-padded-ids.test.ts:14:24'
  failureType: 'subtestsFailed'
  error: '5 subtests failed'
  code: 'ERR_TEST_FAILURE'
  ...
# Subtest: CLI Integration
    # Subtest: roadmap init command
        # Subtest: should initialize roadmap project in existing git repo
        not ok 1 - should initialize roadmap project in existing git repo
          ---
          duration_ms: 275.525821
          location: '/data/code/AgentHive/src/test/cli.test.ts:37:22'
          failureType: 'testCodeFailure'
          error: |-
            Expected values to be strictly deep-equal:
            + actual - expected
            
              [
            +   'Draft',
            +   'Review',
            +   'Building',
            +   'Accepted',
            +   'Complete',
            +   'Rejected',
            +   'Abandoned',
            +   'Replaced'
            -   'Potential',
            -   'Active',
            -   'Accepted',
            -   'Complete',
            -   'Abandoned'
              ]
          code: 'ERR_ASSERTION'
          name: 'AssertionError'
          expected:
            0: 'Potential'
            1: 'Active'
            2: 'Accepted'
            3: 'Complete'
            4: 'Abandoned'
          actual:
            0: 'Draft'
            1: 'Review'
            2: 'Building'
            3: 'Accepted'
            4: 'Complete'
            5: 'Rejected'
            6: 'Abandoned'
            7: 'Replaced'
          operator: 'deepStrictEqual'
          stack: |-
            TestContext.<anonymous> (file:///data/code/AgentHive/src/test/cli.test.ts:54:27)
            async Test.run (node:internal/test_runner/test:797:9)
            async Promise.all (index 0)
            async Suite.run (node:internal/test_runner/test:1135:7)
            async Promise.all (index 0)
            async Suite.run (node:internal/test_runner/test:1135:7)
            async Test.processPendingSubtests (node:internal/test_runner/test:526:7)
          ...
        # Subtest: should create all required directories
        ok 2 - should create all required directories
          ---
          duration_ms: 122.583152
          ...
        # Subtest: should handle project names with special characters
        ok 3 - should handle project names with special characters
          ---
          duration_ms: 127.035658
          ...
        # Subtest: should work when git repo exists
        ok 4 - should work when git repo exists
          ---
          duration_ms: 148.722095
          ...
        # Subtest: should accept optional project name parameter
        ok 5 - should accept optional project name parameter
          ---
          duration_ms: 111.987466
          ...
        # Subtest: should create agent instruction files when requested
        ok 6 - should create agent instruction files when requested
          ---
          duration_ms: 155.282146
          ...
        # Subtest: should allow skipping agent instructions with 'none' selection
        not ok 7 - should allow skipping agent instructions with 'none' selection
          ---
          duration_ms: 95.269932
          location: '/data/code/AgentHive/src/test/cli.test.ts:176:22'
          failureType: 'testCodeFailure'
          error: |-
            The expression evaluated to a falsy value:
            
              output.includes("AI Integration: CLI commands (legacy)")
            
          code: 'ERR_ASSERTION'
          name: 'AssertionError'
          expected: true
          actual: false
          operator: '=='
          stack: |-
            TestContext.<anonymous> (file:///data/code/AgentHive/src/test/cli.test.ts:187:27)
            async Test.run (node:internal/test_runner/test:797:9)
            async Suite.processPendingSubtests (node:internal/test_runner/test:526:7)
          ...
        # Subtest: should print minimal summary when advanced settings are skipped
        not ok 8 - should print minimal summary when advanced settings are skipped
          ---
          duration_ms: 132.190956
          location: '/data/code/AgentHive/src/test/cli.test.ts:191:22'
          failureType: 'testCodeFailure'
          error: |-
            The expression evaluated to a falsy value:
            
              output.includes("Initialization Summary")
            
          code: 'ERR_ASSERTION'
          name: 'AssertionError'
          expected: true
          actual: false
          operator: '=='
          stack: |-
            TestContext.<anonymous> (file:///data/code/AgentHive/src/test/cli.test.ts:199:27)
            Test.runInAsyncScope (node:async_hooks:206:9)
            Test.run (node:internal/test_runner/test:796:25)
            async Suite.processPendingSubtests (node:internal/test_runner/test:526:7)
          ...
        # Subtest: should support MCP integration mode via flag
        not ok 9 - should support MCP integration mode via flag
          ---
          duration_ms: 69.121824
          location: '/data/code/AgentHive/src/test/cli.test.ts:207:22'
          failureType: 'testCodeFailure'
          error: |-
            The expression evaluated to a falsy value:
            
              output.includes("AI Integration: MCP connector")
            
          code: 'ERR_ASSERTION'
          name: 'AssertionError'
          expected: true
          actual: false
          operator: '=='
          stack: |-
            TestContext.<anonymous> (file:///data/code/AgentHive/src/test/cli.test.ts:214:27)
            Test.runInAsyncScope (node:async_hooks:206:9)
            Test.run (node:internal/test_runner/test:796:25)
            async Suite.processPendingSubtests (node:internal/test_runner/test:526:7)
          ...
        # Subtest: should default to MCP integration when no mode is specified
        not ok 10 - should default to MCP integration when no mode is specified
          ---
          duration_ms: 108.445301
          location: '/data/code/AgentHive/src/test/cli.test.ts:224:22'
          failureType: 'testCodeFailure'
          error: |-
            The expression evaluated to a falsy value:
            
              output.includes("AI Integration: MCP connector")
            
          code: 'ERR_ASSERTION'
          name: 'AssertionError'
          expected: true
          actual: false
          operator: '=='
          stack: |-
            TestContext.<anonymous> (file:///data/code/AgentHive/src/test/cli.test.ts:231:27)
            Test.runInAsyncScope (node:async_hooks:206:9)
            Test.run (node:internal/test_runner/test:796:25)
            async Suite.processPendingSubtests (node:internal/test_runner/test:526:7)
          ...
        # Subtest: should allow skipping AI integration via flag
        not ok 11 - should allow skipping AI integration via flag
          ---
          duration_ms: 117.897555
          location: '/data/code/AgentHive/src/test/cli.test.ts:236:22'
          failureType: 'testCodeFailure'
          error: |-
            The expression evaluated to a falsy value:
            
              output.includes("AI integration: skipped")
            
          code: 'ERR_ASSERTION'
          name: 'AssertionError'
          expected: true
          actual: false
          operator: '=='
          stack: |-
            TestContext.<anonymous> (file:///data/code/AgentHive/src/test/cli.test.ts:244:27)
            Test.runInAsyncScope (node:async_hooks:206:9)
            Test.run (node:internal/test_runner/test:796:25)
            async Suite.processPendingSubtests (node:internal/test_runner/test:526:7)
          ...
        # Subtest: should reject MCP integration when agent instruction flags are provided
        not ok 12 - should reject MCP integration when agent instruction flags are provided
          ---
          duration_ms: 104.029692
          location: '/data/code/AgentHive/src/test/cli.test.ts:251:22'
          failureType: 'testCodeFailure'
          error: |-
            Expected values to be strictly equal:
            
            false !== true
            
          code: 'ERR_ASSERTION'
          name: 'AssertionError'
          expected: true
          actual: false
          operator: 'strictEqual'
          stack: |-
            TestContext.<anonymous> (file:///data/code/AgentHive/src/test/cli.test.ts:267:27)
            Test.runInAsyncScope (node:async_hooks:206:9)
            Test.run (node:internal/test_runner/test:796:25)
            async Suite.processPendingSubtests (node:internal/test_runner/test:526:7)
          ...
        # Subtest: should ignore 'none' when other agent instructions are provided
        not ok 13 - should ignore 'none' when other agent instructions are provided
          ---
          duration_ms: 95.760163
          location: '/data/code/AgentHive/src/test/cli.test.ts:271:22'
          failureType: 'testCodeFailure'
          error: |-
            Expected values to be strictly equal:
            
            false !== true
            
          code: 'ERR_ASSERTION'
          name: 'AssertionError'
          expected: true
          actual: false
          operator: 'strictEqual'
          stack: |-
            TestContext.<anonymous> (file:///data/code/AgentHive/src/test/cli.test.ts:279:27)
            async Test.run (node:internal/test_runner/test:797:9)
            async Suite.processPendingSubtests (node:internal/test_runner/test:526:7)
          ...
        # Subtest: should error on invalid agent instruction value
        not ok 14 - should error on invalid agent instruction value
          ---
          duration_ms: 85.4083
          location: '/data/code/AgentHive/src/test/cli.test.ts:282:22'
          failureType: 'testCodeFailure'
          error: |-
            Expected values to be strictly equal:
            
            false !== true
            
          code: 'ERR_ASSERTION'
          name: 'AssertionError'
          expected: true
          actual: false
          operator: 'strictEqual'
          stack: |-
            TestContext.<anonymous> (file:///data/code/AgentHive/src/test/cli.test.ts:298:27)
            Test.runInAsyncScope (node:async_hooks:206:9)
            Test.run (node:internal/test_runner/test:796:25)
            async Suite.processPendingSubtests (node:internal/test_runner/test:526:7)
          ...
        1..14
    not ok 1 - roadmap init command
      ---
      duration_ms: 1757.993073
      type: 'suite'
      location: '/data/code/AgentHive/src/test/cli.test.ts:36:26'
      failureType: 'subtestsFailed'
      error: '9 subtests failed'
      code: 'ERR_TEST_FAILURE'
      stack: |-
        async Promise.all (index 0)
      ...
    # Subtest: git integration
        # Subtest: should create initial commit with roadmap structure
        ok 1 - should create initial commit with roadmap structure
          ---
          duration_ms: 243.543527
          ...
        1..1
    ok 2 - git integration
      ---
      duration_ms: 244.116108
      type: 'suite'
      ...
    # Subtest: proposal list command
        # Subtest: should show 'No proposals found' when no proposals exist
        ok 1 - should show 'No proposals found' when no proposals exist
          ---
          duration_ms: 195.462804
          ...
        # Subtest: should list proposals grouped by status
        ok 2 - should list proposals grouped by status
          ---
          duration_ms: 254.122136
          ...
        # Subtest: should respect config status order
        not ok 3 - should respect config status order
          ---
          duration_ms: 144.806722
          location: '/data/code/AgentHive/src/test/cli.test.ts:399:22'
          failureType: 'testCodeFailure'
          error: |-
            Expected values to be strictly deep-equal:
            + actual - expected
            
              [
            +   'Draft',
            +   'Review',
            +   'Building',
            +   'Accepted',
            +   'Complete',
            +   'Rejected',
            +   'Abandoned',
            +   'Replaced'
            -   'Potential',
            -   'Active',
            -   'Accepted',
            -   'Complete',
            -   'Abandoned'
              ]
          code: 'ERR_ASSERTION'
          name: 'AssertionError'
          expected:
            0: 'Potential'
            1: 'Active'
            2: 'Accepted'
            3: 'Complete'
            4: 'Abandoned'
          actual:
            0: 'Draft'
            1: 'Review'
            2: 'Building'
            3: 'Accepted'
            4: 'Complete'
            5: 'Rejected'
            6: 'Abandoned'
            7: 'Replaced'
          operator: 'deepStrictEqual'
          stack: |-
            TestContext.<anonymous> (file:///data/code/AgentHive/src/test/cli.test.ts:404:27)
            async Test.run (node:internal/test_runner/test:797:9)
            async Suite.processPendingSubtests (node:internal/test_runner/test:526:7)
          ...
        # Subtest: should filter proposals by status
        not ok 4 - should filter proposals by status
          ---
          duration_ms: 236.316943
          location: '/data/code/AgentHive/src/test/cli.test.ts:407:22'
          failureType: 'testCodeFailure'
          error: |-
            The expression evaluated to a falsy value:
            
              out.includes("Complete:")
            
          code: 'ERR_ASSERTION'
          name: 'AssertionError'
          expected: true
          actual: false
          operator: '=='
          stack: |-
            TestContext.<anonymous> (file:///data/code/AgentHive/src/test/cli.test.ts:439:27)
            async Test.run (node:internal/test_runner/test:797:9)
            async Suite.processPendingSubtests (node:internal/test_runner/test:526:7)
          ...
        # Subtest: should filter proposals by status case-insensitively
        not ok 5 - should filter proposals by status case-insensitively
          ---
          duration_ms: 347.705163
          location: '/data/code/AgentHive/src/test/cli.test.ts:444:22'
          failureType: 'testCodeFailure'
          error: |-
            The expression evaluated to a falsy value:
            
              out.includes("Complete:")
            
          code: 'ERR_ASSERTION'
          name: 'AssertionError'
          expected: true
          actual: false
          operator: '=='
          stack: |-
            TestContext.<anonymous> (file:///data/code/AgentHive/src/test/cli.test.ts:479:29)
            process.processTicksAndRejections (node:internal/process/task_queues:95:5)
            async Test.run (node:internal/test_runner/test:797:9)
            async Suite.processPendingSubtests (node:internal/test_runner/test:526:7)
          ...
        # Subtest: should filter proposals by assignee
        not ok 6 - should filter proposals by assignee
          ---
          duration_ms: 208.385402
          location: '/data/code/AgentHive/src/test/cli.test.ts:492:22'
          failureType: 'testCodeFailure'
          error: |-
            The expression evaluated to a falsy value:
            
              out.includes("proposal-1 - Assigned Proposal")
            
          code: 'ERR_ASSERTION'
          name: 'AssertionError'
          expected: true
          actual: false
          operator: '=='
          stack: |-
            TestContext.<anonymous> (file:///data/code/AgentHive/src/test/cli.test.ts:524:27)
            async Test.run (node:internal/test_runner/test:797:9)
            async Suite.processPendingSubtests (node:internal/test_runner/test:526:7)
          ...
        1..6
    not ok 3 - proposal list command
      ---
      duration_ms: 1391.041128
      type: 'suite'
      location: '/data/code/AgentHive/src/test/cli.test.ts:323:26'
      failureType: 'subtestsFailed'
      error: '4 subtests failed'
      code: 'ERR_TEST_FAILURE'
      ...
    # Subtest: proposal view command
        # Subtest: should display proposal details with markdown formatting
        not ok 1 - should display proposal details with markdown formatting
          ---
          duration_ms: 104.250545
          location: '/data/code/AgentHive/src/test/cli.test.ts:540:22'
          failureType: 'testCodeFailure'
          error: 'Expected "actual" to be strictly unequal to: null'
          code: 'ERR_ASSERTION'
          name: 'AssertionError'
          expected: ~
          actual: ~
          operator: 'notStrictEqual'
          stack: |-
            TestContext.<anonymous> (file:///data/code/AgentHive/src/test/cli.test.ts:559:27)
            async Test.run (node:internal/test_runner/test:797:9)
            async Promise.all (index 0)
            async Suite.run (node:internal/test_runner/test:1135:7)
            async Suite.processPendingSubtests (node:internal/test_runner/test:526:7)
          ...
        # Subtest: should handle proposal IDs with and without 'proposal-' prefix
        not ok 2 - should handle proposal IDs with and without 'proposal-' prefix
          ---
          duration_ms: 107.811103
          location: '/data/code/AgentHive/src/test/cli.test.ts:568:22'
          failureType: 'testCodeFailure'
          error: |-
            Expected values to be strictly equal:
            + actual - expected
            
            + undefined
            - 'proposal-5'
          code: 'ERR_ASSERTION'
          name: 'AssertionError'
          expected: 'proposal-5'
          operator: 'strictEqual'
          stack: |-
            TestContext.<anonymous> (file:///data/code/AgentHive/src/test/cli.test.ts:588:27)
            async Test.run (node:internal/test_runner/test:797:9)
            async Suite.processPendingSubtests (node:internal/test_runner/test:526:7)
          ...
        # Subtest: should return null for non-existent proposals
        ok 3 - should return null for non-existent proposals
          ---
          duration_ms: 118.5098
          ...
        # Subtest: should not modify proposal files (read-only operation)
        not ok 4 - should not modify proposal files (read-only operation)
          ---
          duration_ms: 80.404986
          location: '/data/code/AgentHive/src/test/cli.test.ts:603:22'
          failureType: 'testCodeFailure'
          error: |-
            Expected values to be strictly equal:
            + actual - expected
            
            + undefined
            - 'Read Only Test'
          code: 'ERR_ASSERTION'
          name: 'AssertionError'
          expected: 'Read Only Test'
          operator: 'strictEqual'
          stack: |-
            TestContext.<anonymous> (file:///data/code/AgentHive/src/test/cli.test.ts:627:27)
            async Test.run (node:internal/test_runner/test:797:9)
            async Suite.processPendingSubtests (node:internal/test_runner/test:526:7)
          ...
        1..4
    not ok 4 - proposal view command
      ---
      duration_ms: 412.954086
      type: 'suite'
      location: '/data/code/AgentHive/src/test/cli.test.ts:529:26'
      failureType: 'subtestsFailed'
      error: '3 subtests failed'
      code: 'ERR_TEST_FAILURE'
      ...
    # Subtest: proposal shortcut command
        # Subtest: should display formatted proposal details like the view command
        not ok 1 - should display formatted proposal details like the view command
          ---
          duration_ms: 99.175983
          location: '/data/code/AgentHive/src/test/cli.test.ts:642:22'
          failureType: 'testCodeFailure'
          error: |-
            The expression evaluated to a falsy value:
            
              outShortcut.includes("Proposal proposal-1 - Shortcut Proposal")
            
          code: 'ERR_ASSERTION'
          name: 'AssertionError'
          expected: true
          actual: false
          operator: '=='
          stack: |-
            TestContext.<anonymous> (file:///data/code/AgentHive/src/test/cli.test.ts:666:27)
            async Test.run (node:internal/test_runner/test:797:9)
            async Promise.all (index 0)
            async Suite.run (node:internal/test_runner/test:1135:7)
            async Suite.processPendingSubtests (node:internal/test_runner/test:526:7)
          ...
        1..1
    not ok 5 - proposal shortcut command
      ---
      duration_ms: 99.962558
      type: 'suite'
      location: '/data/code/AgentHive/src/test/cli.test.ts:632:26'
      failureType: 'subtestsFailed'
      error: '1 subtest failed'
      code: 'ERR_TEST_FAILURE'
      ...
    # Subtest: proposal edit command
        # Subtest: should update proposal title, description, and status
        not ok 1 - should update proposal title, description, and status
          ---
          duration_ms: 199.143023
          location: '/data/code/AgentHive/src/test/cli.test.ts:681:22'
          failureType: 'testCodeFailure'
          error: 'Expected "actual" to be strictly unequal to: null'
          code: 'ERR_ASSERTION'
          name: 'AssertionError'
          expected: ~
          actual: ~
          operator: 'notStrictEqual'
          stack: |-
            TestContext.<anonymous> (file:///data/code/AgentHive/src/test/cli.test.ts:701:27)
            async Test.run (node:internal/test_runner/test:797:9)
            async Promise.all (index 0)
            async Suite.run (node:internal/test_runner/test:1135:7)
            async Suite.processPendingSubtests (node:internal/test_runner/test:526:7)
          ...
        # Subtest: should update assignee
        not ok 2 - should update assignee
          ---
          duration_ms: 242.914623
          location: '/data/code/AgentHive/src/test/cli.test.ts:722:22'
          failureType: 'testCodeFailure'
          error: 'Proposal not found: proposal-2'
          code: 'ERR_TEST_FAILURE'
          stack: |-
            Core.updateProposalFromInput (/data/code/AgentHive/src/core/roadmap.ts:2285:13)
            async TestContext.<anonymous> (file:///data/code/AgentHive/src/test/cli.test.ts:741:7)
            async Test.run (node:internal/test_runner/test:797:9)
            async Suite.processPendingSubtests (node:internal/test_runner/test:526:7)
          ...
        # Subtest: should replace all labels with new labels
        not ok 3 - should replace all labels with new labels
          ---
          duration_ms: 217.102725
          location: '/data/code/AgentHive/src/test/cli.test.ts:748:22'
          failureType: 'testCodeFailure'
          error: 'Proposal not found: proposal-3'
          code: 'ERR_TEST_FAILURE'
          stack: |-
            Core.updateProposalFromInput (/data/code/AgentHive/src/core/roadmap.ts:2285:13)
            async TestContext.<anonymous> (file:///data/code/AgentHive/src/test/cli.test.ts:767:7)
            async Test.run (node:internal/test_runner/test:797:9)
            async Suite.processPendingSubtests (node:internal/test_runner/test:526:7)
          ...
        # Subtest: should add labels without replacing existing ones
        not ok 4 - should add labels without replacing existing ones
          ---
          duration_ms: 155.909415
          location: '/data/code/AgentHive/src/test/cli.test.ts:774:22'
          failureType: 'testCodeFailure'
          error: 'Proposal not found: proposal-4'
          code: 'ERR_TEST_FAILURE'
          stack: |-
            Core.updateProposalFromInput (/data/code/AgentHive/src/core/roadmap.ts:2285:13)
            async TestContext.<anonymous> (file:///data/code/AgentHive/src/test/cli.test.ts:793:7)
            async Test.run (node:internal/test_runner/test:797:9)
            async Suite.processPendingSubtests (node:internal/test_runner/test:526:7)
          ...
        # Subtest: should remove specific labels
        not ok 5 - should remove specific labels
          ---
          duration_ms: 148.361255
          location: '/data/code/AgentHive/src/test/cli.test.ts:800:22'
          failureType: 'testCodeFailure'
          error: 'Proposal not found: proposal-5'
          code: 'ERR_TEST_FAILURE'
          stack: |-
            Core.updateProposalFromInput (/data/code/AgentHive/src/core/roadmap.ts:2285:13)
            async TestContext.<anonymous> (file:///data/code/AgentHive/src/test/cli.test.ts:819:7)
            async Test.run (node:internal/test_runner/test:797:9)
            async Suite.processPendingSubtests (node:internal/test_runner/test:526:7)
          ...
        # Subtest: should handle non-existent proposal gracefully
        ok 6 - should handle non-existent proposal gracefully
          ---
          duration_ms: 135.246122
          ...
        # Subtest: should automatically set updated_date field when editing
        not ok 7 - should automatically set updated_date field when editing
          ---
          duration_ms: 198.758591
          location: '/data/code/AgentHive/src/test/cli.test.ts:833:22'
          failureType: 'testCodeFailure'
          error: 'Proposal not found: proposal-6'
          code: 'ERR_TEST_FAILURE'
          stack: |-
            Core.updateProposalFromInput (/data/code/AgentHive/src/core/roadmap.ts:2285:13)
            async TestContext.<anonymous> (file:///data/code/AgentHive/src/test/cli.test.ts:852:7)
            async Test.run (node:internal/test_runner/test:797:9)
            async Suite.processPendingSubtests (node:internal/test_runner/test:526:7)
          ...
        # Subtest: should commit changes automatically
        not ok 8 - should commit changes automatically
          ---
          duration_ms: 139.155508
          location: '/data/code/AgentHive/src/test/cli.test.ts:861:22'
          failureType: 'testCodeFailure'
          error: 'Proposal not found: proposal-7'
          code: 'ERR_TEST_FAILURE'
          stack: |-
            Core.updateProposalFromInput (/data/code/AgentHive/src/core/roadmap.ts:2285:13)
            async TestContext.<anonymous> (file:///data/code/AgentHive/src/test/cli.test.ts:880:7)
            async Test.run (node:internal/test_runner/test:797:9)
            async Suite.processPendingSubtests (node:internal/test_runner/test:526:7)
          ...
        # Subtest: should preserve YAML frontmatter formatting
        not ok 9 - should preserve YAML frontmatter formatting
          ---
          duration_ms: 222.756534
          location: '/data/code/AgentHive/src/test/cli.test.ts:890:22'
          failureType: 'testCodeFailure'
          error: 'Proposal not found: proposal-8'
          code: 'ERR_TEST_FAILURE'
          stack: |-
            Core.updateProposalFromInput (/data/code/AgentHive/src/core/roadmap.ts:2285:13)
            async TestContext.<anonymous> (file:///data/code/AgentHive/src/test/cli.test.ts:909:7)
            async Test.run (node:internal/test_runner/test:797:9)
            async Suite.processPendingSubtests (node:internal/test_runner/test:526:7)
          ...
        1..9
    not ok 6 - proposal edit command
      ---
      duration_ms: 1661.315956
      type: 'suite'
      location: '/data/code/AgentHive/src/test/cli.test.ts:670:26'
      failureType: 'subtestsFailed'
      error: '8 subtests failed'
      code: 'ERR_TEST_FAILURE'
      ...
    # Subtest: proposal archive and proposal transition commands
        # Subtest: should archive a proposal
        not ok 1 - should archive a proposal
          ---
          duration_ms: 101.58456
          location: '/data/code/AgentHive/src/test/cli.test.ts:944:22'
          failureType: 'testCodeFailure'
          error: |-
            Expected values to be strictly equal:
            
            false !== true
            
          code: 'ERR_ASSERTION'
          name: 'AssertionError'
          expected: true
          actual: false
          operator: 'strictEqual'
          stack: |-
            TestContext.<anonymous> (file:///data/code/AgentHive/src/test/cli.test.ts:964:27)
            async Test.run (node:internal/test_runner/test:797:9)
            async Promise.all (index 0)
            async Suite.run (node:internal/test_runner/test:1135:7)
            async Suite.processPendingSubtests (node:internal/test_runner/test:526:7)
          ...
        # Subtest: should handle archiving non-existent proposal
        ok 2 - should handle archiving non-existent proposal
          ---
          duration_ms: 53.400208
          ...
        # Subtest: should demote proposal to drafts
        not ok 3 - should demote proposal to drafts
          ---
          duration_ms: 56.019934
          location: '/data/code/AgentHive/src/test/cli.test.ts:983:22'
          failureType: 'testCodeFailure'
          error: |-
            Expected values to be strictly equal:
            
            false !== true
            
          code: 'ERR_ASSERTION'
          name: 'AssertionError'
          expected: true
          actual: false
          operator: 'strictEqual'
          stack: |-
            TestContext.<anonymous> (file:///data/code/AgentHive/src/test/cli.test.ts:1003:27)
            async Test.run (node:internal/test_runner/test:797:9)
            async Suite.processPendingSubtests (node:internal/test_runner/test:526:7)
          ...
        # Subtest: should promote draft to proposals
        not ok 4 - should promote draft to proposals
          ---
          duration_ms: 90.220128
          location: '/data/code/AgentHive/src/test/cli.test.ts:1019:22'
          failureType: 'testCodeFailure'
          error: |-
            Expected values to be strictly equal:
            + actual - expected
            
            + undefined
            - 'Promote Test Draft'
          code: 'ERR_ASSERTION'
          name: 'AssertionError'
          expected: 'Promote Test Draft'
          operator: 'strictEqual'
          stack: |-
            TestContext.<anonymous> (file:///data/code/AgentHive/src/test/cli.test.ts:1052:27)
            async Test.run (node:internal/test_runner/test:797:9)
            async Suite.processPendingSubtests (node:internal/test_runner/test:526:7)
          ...
        # Subtest: should archive a draft
        ok 5 - should archive a draft
          ---
          duration_ms: 72.994309
          ...
        # Subtest: should handle promoting non-existent draft
        ok 6 - should handle promoting non-existent draft
          ---
          duration_ms: 77.378167
          ...
        # Subtest: should handle demoting non-existent proposal
        ok 7 - should handle demoting non-existent proposal
          ---
          duration_ms: 77.570728
          ...
        # Subtest: should handle archiving non-existent draft
        ok 8 - should handle archiving non-existent draft
          ---
          duration_ms: 62.198179
          ...
        # Subtest: should commit archive operations automatically
        not ok 9 - should commit archive operations automatically
          ---
          duration_ms: 65.214684
          location: '/data/code/AgentHive/src/test/cli.test.ts:1108:22'
          failureType: 'testCodeFailure'
          error: |-
            Expected values to be strictly equal:
            
            false !== true
            
          code: 'ERR_ASSERTION'
          name: 'AssertionError'
          expected: true
          actual: false
          operator: 'strictEqual'
          stack: |-
            TestContext.<anonymous> (file:///data/code/AgentHive/src/test/cli.test.ts:1127:27)
            async Test.run (node:internal/test_runner/test:797:9)
            async Suite.processPendingSubtests (node:internal/test_runner/test:526:7)
          ...
        # Subtest: should preserve proposal content through proposal transitions
        not ok 10 - should preserve proposal content through proposal transitions
          ---
          duration_ms: 63.736906
          location: '/data/code/AgentHive/src/test/cli.test.ts:1134:22'
          failureType: 'testCodeFailure'
          error: |-
            Expected values to be strictly equal:
            + actual - expected
            
            + undefined
            - 'Content Preservation Test'
          code: 'ERR_ASSERTION'
          name: 'AssertionError'
          expected: 'Content Preservation Test'
          operator: 'strictEqual'
          stack: |-
            TestContext.<anonymous> (file:///data/code/AgentHive/src/test/cli.test.ts:1158:27)
            async Test.run (node:internal/test_runner/test:797:9)
            async Suite.processPendingSubtests (node:internal/test_runner/test:526:7)
          ...
        1..10
    not ok 7 - proposal archive and proposal transition commands
      ---
      duration_ms: 722.745782
      type: 'suite'
      location: '/data/code/AgentHive/src/test/cli.test.ts:933:26'
      failureType: 'subtestsFailed'
      error: '5 subtests failed'
      code: 'ERR_TEST_FAILURE'
      ...
    # Subtest: doc and decision commands
        # Subtest: should create and list documents
        ok 1 - should create and list documents
          ---
          duration_ms: 81.735826
          ...
        # Subtest: should create and list decisions
        ok 2 - should create and list decisions
          ---
          duration_ms: 149.657367
          ...
        1..2
    ok 8 - doc and decision commands
      ---
      duration_ms: 232.076447
      type: 'suite'
      ...
    # Subtest: board view command
        # Subtest: should display kanban board with proposals grouped by status
        not ok 1 - should display kanban board with proposals grouped by status
          ---
          duration_ms: 145.594062
          location: '/data/code/AgentHive/src/test/cli.test.ts:1238:22'
          failureType: 'testCodeFailure'
          error: |-
            Expected values to be strictly deep-equal:
            + actual - expected
            
              [
            +   'Draft',
            +   'Review',
            +   'Building',
            +   'Accepted',
            +   'Complete',
            +   'Rejected',
            +   'Abandoned',
            +   'Replaced'
            -   'Potential',
            -   'Active',
            -   'Accepted',
            -   'Complete',
            -   'Abandoned'
              ]
          code: 'ERR_ASSERTION'
          name: 'AssertionError'
          expected:
            0: 'Potential'
            1: 'Active'
            2: 'Accepted'
            3: 'Complete'
            4: 'Abandoned'
          actual:
            0: 'Draft'
            1: 'Review'
            2: 'Building'
            3: 'Accepted'
            4: 'Complete'
            5: 'Rejected'
            6: 'Abandoned'
            7: 'Replaced'
          operator: 'deepStrictEqual'
          stack: |-
            TestContext.<anonymous> (file:///data/code/AgentHive/src/test/cli.test.ts:1289:27)
            async Test.run (node:internal/test_runner/test:797:9)
            async Promise.all (index 0)
            async Suite.run (node:internal/test_runner/test:1135:7)
            async Suite.processPendingSubtests (node:internal/test_runner/test:526:7)
          ...
        # Subtest: should handle empty project with default statuses
        not ok 2 - should handle empty project with default statuses
          ---
          duration_ms: 117.62242
          location: '/data/code/AgentHive/src/test/cli.test.ts:1316:22'
          failureType: 'testCodeFailure'
          error: |-
            The expression evaluated to a falsy value:
            
              board.includes("| Potential | Active | Complete |")
            
          code: 'ERR_ASSERTION'
          name: 'AssertionError'
          expected: true
          actual: false
          operator: '=='
          stack: |-
            TestContext.<anonymous> (file:///data/code/AgentHive/src/test/cli.test.ts:1330:27)
            async Test.run (node:internal/test_runner/test:797:9)
            async Suite.processPendingSubtests (node:internal/test_runner/test:526:7)
          ...
        # Subtest: should support vertical layout option
        not ok 3 - should support vertical layout option
          ---
          duration_ms: 154.620697
          location: '/data/code/AgentHive/src/test/cli.test.ts:1334:22'
          failureType: 'testCodeFailure'
          error: |-
            The expression evaluated to a falsy value:
            
              board.includes("proposal-1")
            
          code: 'ERR_ASSERTION'
          name: 'AssertionError'
          expected: true
          actual: false
          operator: '=='
          stack: |-
            TestContext.<anonymous> (file:///data/code/AgentHive/src/test/cli.test.ts:1361:27)
            async Test.run (node:internal/test_runner/test:797:9)
            async Suite.processPendingSubtests (node:internal/test_runner/test:526:7)
          ...
        # Subtest: should support --vertical shortcut flag
        not ok 4 - should support --vertical shortcut flag
          ---
          duration_ms: 118.122964
          location: '/data/code/AgentHive/src/test/cli.test.ts:1365:22'
          failureType: 'testCodeFailure'
          error: |-
            The expression evaluated to a falsy value:
            
              board.includes("proposal-1")
            
          code: 'ERR_ASSERTION'
          name: 'AssertionError'
          expected: true
          actual: false
          operator: '=='
          stack: |-
            TestContext.<anonymous> (file:///data/code/AgentHive/src/test/cli.test.ts:1393:27)
            async Test.run (node:internal/test_runner/test:797:9)
            async Suite.processPendingSubtests (node:internal/test_runner/test:526:7)
          ...
        # Subtest: should merge proposal status from remote branches
        not ok 5 - should merge proposal status from remote branches
          ---
          duration_ms: 513.406248
          location: '/data/code/AgentHive/src/test/cli.test.ts:1397:22'
          failureType: 'testCodeFailure'
          error: 'Proposal not found: proposal-1'
          code: 'ERR_TEST_FAILURE'
          stack: |-
            Core.updateProposalFromInput (/data/code/AgentHive/src/core/roadmap.ts:2285:13)
            async TestContext.<anonymous> (file:///data/code/AgentHive/src/test/cli.test.ts:1421:7)
            async Test.run (node:internal/test_runner/test:797:9)
            async Suite.processPendingSubtests (node:internal/test_runner/test:526:7)
          ...
        # Subtest: should default to view when no subcommand is provided
        ok 6 - should default to view when no subcommand is provided
          ---
          duration_ms: 176.204537
          ...
        # Subtest: should export kanban board to file
        not ok 7 - should export kanban board to file
          ---
          duration_ms: 161.654044
          location: '/data/code/AgentHive/src/test/cli.test.ts:1480:22'
          failureType: 'testCodeFailure'
          error: |-
            The expression evaluated to a falsy value:
            
              content.includes("proposal-1")
            
          code: 'ERR_ASSERTION'
          name: 'AssertionError'
          expected: true
          actual: false
          operator: '=='
          stack: |-
            TestContext.<anonymous> (file:///data/code/AgentHive/src/test/cli.test.ts:1509:27)
            async Test.run (node:internal/test_runner/test:797:9)
            async Suite.processPendingSubtests (node:internal/test_runner/test:526:7)
          ...
        1..7
    not ok 9 - board view command
      ---
      duration_ms: 1390.049295
      type: 'suite'
      location: '/data/code/AgentHive/src/test/cli.test.ts:1228:26'
      failureType: 'subtestsFailed'
      error: '6 subtests failed'
      code: 'ERR_TEST_FAILURE'
      ...
    1..9
not ok 81 - CLI Integration
  ---
  duration_ms: 7917.877018
  type: 'suite'
  location: '/data/code/AgentHive/src/test/cli.test.ts:17:24'
  failureType: 'subtestsFailed'
  error: '7 subtests failed'
  code: 'ERR_TEST_FAILURE'
  ...
# Subtest: Code path utilities
    # Subtest: CODE_PATH_PATTERNS
        # Subtest: should match backticked file paths
        ok 1 - should match backticked file paths
          ---
          duration_ms: 2.602642
          ...
        # Subtest: should not match non-path backticks
        ok 2 - should not match non-path backticks
          ---
          duration_ms: 1.049639
          ...
        1..2
    ok 1 - CODE_PATH_PATTERNS
      ---
      duration_ms: 7.879817
      type: 'suite'
      ...
    # Subtest: isCodePath
        # Subtest: should detect file paths with extensions
        ok 1 - should detect file paths with extensions
          ---
          duration_ms: 0.562745
          ...
        # Subtest: should detect paths with separators
        ok 2 - should detect paths with separators
          ---
          duration_ms: 0.382219
          ...
        # Subtest: should not detect non-paths
        ok 3 - should not detect non-paths
          ---
          duration_ms: 0.32904
          ...
        1..3
    ok 2 - isCodePath
      ---
      duration_ms: 1.939624
      type: 'suite'
      ...
    # Subtest: extractCodePaths
        # Subtest: should extract file paths from text
        ok 1 - should extract file paths from text
          ---
          duration_ms: 1.710412
          ...
        # Subtest: should ignore non-path backticks
        ok 2 - should ignore non-path backticks
          ---
          duration_ms: 0.335752
          ...
        # Subtest: should handle empty or no matches
        ok 3 - should handle empty or no matches
          ---
          duration_ms: 0.46242
          ...
        # Subtest: should handle complex paths
        ok 4 - should handle complex paths
          ---
          duration_ms: 0.540238
          ...
        1..4
    ok 3 - extractCodePaths
      ---
      duration_ms: 3.81886
      type: 'suite'
      ...
    # Subtest: styleCodePath
        # Subtest: should wrap path in gray styling tags
        ok 1 - should wrap path in gray styling tags
          ---
          duration_ms: 0.597545
          ...
        # Subtest: should handle paths with special characters
        ok 2 - should handle paths with special characters
          ---
          duration_ms: 0.321799
          ...
        1..2
    ok 4 - styleCodePath
      ---
      duration_ms: 1.248537
      type: 'suite'
      ...
    # Subtest: transformCodePaths
        # Subtest: should style isolated code paths
        ok 1 - should style isolated code paths
          ---
          duration_ms: 1.447368
          ...
        # Subtest: should extract and separate multiple paths in prose
        ok 2 - should extract and separate multiple paths in prose
          ---
          duration_ms: 0.366255
          ...
        # Subtest: should preserve line breaks
        ok 3 - should preserve line breaks
          ---
          duration_ms: 0.451471
          ...
        # Subtest: should handle text without code paths
        ok 4 - should handle text without code paths
          ---
          duration_ms: 0.314401
          ...
        # Subtest: should handle empty input
        ok 5 - should handle empty input
          ---
          duration_ms: 0.337204
          ...
        # Subtest: should handle only a path on a line
        ok 6 - should handle only a path on a line
          ---
          duration_ms: 0.299361
          ...
        1..6
    ok 5 - transformCodePaths
      ---
      duration_ms: 3.947295
      type: 'suite'
      ...
    # Subtest: transformCodePathsPlain
        # Subtest: should preserve code paths in plain text
        ok 1 - should preserve code paths in plain text
          ---
          duration_ms: 0.719498
          ...
        # Subtest: should ignore non-path backticks
        ok 2 - should ignore non-path backticks
          ---
          duration_ms: 0.328727
          ...
        # Subtest: should handle empty input
        ok 3 - should handle empty input
          ---
          duration_ms: 0.366369
          ...
        1..3
    ok 6 - transformCodePathsPlain
      ---
      duration_ms: 1.772864
      type: 'suite'
      ...
    # Subtest: comprehensive path detection
        # Subtest: should capture 100% of code paths in test fixture
        ok 1 - should capture 100% of code paths in test fixture
          ---
          duration_ms: 0.432479
          ...
        1..1
    ok 7 - comprehensive path detection
      ---
      duration_ms: 0.648771
      type: 'suite'
      ...
    1..7
ok 82 - Code path utilities
  ---
  duration_ms: 23.347847
  type: 'suite'
  ...
# Subtest: Config commands
    # Subtest: configureAdvancedSettings keeps defaults when no changes requested
    ok 1 - configureAdvancedSettings keeps defaults when no changes requested
      ---
      duration_ms: 172.998268
      ...
    # Subtest: configureAdvancedSettings applies wizard selections
    ok 2 - configureAdvancedSettings applies wizard selections
      ---
      duration_ms: 75.668706
      ...
    # Subtest: exposes config list/get/set subcommands
    not ok 3 - exposes config list/get/set subcommands
      ---
      duration_ms: 116.388951
      location: '/data/code/AgentHive/src/test/config-commands.test.ts:115:20'
      failureType: 'testCodeFailure'
      error: |-
        The expression evaluated to a falsy value:
        
          listOutput.includes("Configuration:")
        
      code: 'ERR_ASSERTION'
      name: 'AssertionError'
      expected: true
      actual: false
      operator: '=='
      stack: |-
        TestContext.<anonymous> (file:///data/code/AgentHive/src/test/config-commands.test.ts:117:25)
        Test.runInAsyncScope (node:async_hooks:206:9)
        Test.run (node:internal/test_runner/test:796:25)
        async Suite.processPendingSubtests (node:internal/test_runner/test:526:7)
      ...
    # Subtest: surfaces directives in config get/list from directive files
    not ok 4 - surfaces directives in config get/list from directive files
      ---
      duration_ms: 145.053871
      location: '/data/code/AgentHive/src/test/config-commands.test.ts:125:20'
      failureType: 'testCodeFailure'
      error: 'Expected "" to be "m-0"'
      code: 'ERR_ASSERTION'
      name: 'AssertionError'
      actual: ''
      operator: 'expect'
      stack: |-
        new AssertionError (node:internal/assert/assertion_error:454:5)
        pass (/data/code/AgentHive/src/test/test-utils.ts:287:469)
        Object.toBe (/data/code/AgentHive/src/test/test-utils.ts:287:626)
        TestContext.<anonymous> (file:///data/code/AgentHive/src/test/config-commands.test.ts:129:53)
        async Test.run (node:internal/test_runner/test:797:9)
        async Suite.processPendingSubtests (node:internal/test_runner/test:526:7)
      ...
    # Subtest: should save and load defaultEditor config
    ok 5 - should save and load defaultEditor config
      ---
      duration_ms: 148.278042
      ...
    # Subtest: should handle config with and without defaultEditor
    ok 6 - should handle config with and without defaultEditor
      ---
      duration_ms: 85.137653
      ...
    # Subtest: should preserve other config values when setting defaultEditor
    ok 7 - should preserve other config values when setting defaultEditor
      ---
      duration_ms: 101.611014
      ...
    1..7
not ok 83 - Config commands
  ---
  duration_ms: 852.83511
  type: 'suite'
  location: '/data/code/AgentHive/src/test/config-commands.test.ts:15:24'
  failureType: 'subtestsFailed'
  error: '2 subtests failed'
  code: 'ERR_TEST_FAILURE'
  ...
# Subtest: Config Loading & Migration
    # Subtest: should load config from standard roadmap directory
    ok 1 - should load config from standard roadmap directory
      ---
      duration_ms: 61.846422
      ...
    # Subtest: should migrate legacy .roadmap directory to roadmap
    not ok 2 - should migrate legacy .roadmap directory to roadmap
      ---
      duration_ms: 45.450712
      location: '/data/code/AgentHive/src/test/config-hang-repro.test.ts:49:20'
      failureType: 'testCodeFailure'
      error: |-
        Expected values to be strictly equal:
        + actual - expected
        
        + Promise {
        +   <pending>,
        +   [Symbol(async_id_symbol)]: 886,
        +   [Symbol(trigger_async_id_symbol)]: 885
        + }
        - true
      code: 'ERR_TEST_FAILURE'
      ...
    # Subtest: migrates legacy config directives into directive files and removes config directives key
    not ok 3 - migrates legacy config directives into directive files and removes config directives key
      ---
      duration_ms: 214.158375
      location: '/data/code/AgentHive/src/test/config-hang-repro.test.ts:83:20'
      failureType: 'testCodeFailure'
      error: |-
        The expression evaluated to a falsy value:
        
          rewrittenConfig.includes("directives:")
        
      code: 'ERR_ASSERTION'
      name: 'AssertionError'
      expected: true
      actual: false
      operator: '=='
      stack: |-
        TestContext.<anonymous> (file:///data/code/AgentHive/src/test/config-hang-repro.test.ts:101:25)
        async Test.run (node:internal/test_runner/test:797:9)
        async Suite.processPendingSubtests (node:internal/test_runner/test:526:7)
      ...
    # Subtest: migrates quoted legacy directive names containing commas
    ok 4 - migrates quoted legacy directive names containing commas
      ---
      duration_ms: 32.873847
      ...
    # Subtest: migrates multiline legacy directive list values with comments
    not ok 5 - migrates multiline legacy directive list values with comments
      ---
      duration_ms: 56.096275
      location: '/data/code/AgentHive/src/test/config-hang-repro.test.ts:122:20'
      failureType: 'testCodeFailure'
      error: |-
        The expression evaluated to a falsy value:
        
          rewrittenConfig.includes("directives:")
        
      code: 'ERR_ASSERTION'
      name: 'AssertionError'
      expected: true
      actual: false
      operator: '=='
      stack: |-
        TestContext.<anonymous> (file:///data/code/AgentHive/src/test/config-hang-repro.test.ts:147:25)
        async Test.run (node:internal/test_runner/test:797:9)
        async Suite.processPendingSubtests (node:internal/test_runner/test:526:7)
      ...
    # Subtest: migrates multiline bracketed legacy directive arrays
    ok 6 - migrates multiline bracketed legacy directive arrays
      ---
      duration_ms: 29.74012
      ...
    # Subtest: migrates single-quoted legacy directives with escaped apostrophes
    ok 7 - migrates single-quoted legacy directives with escaped apostrophes
      ---
      duration_ms: 12.750255
      ...
    1..7
not ok 84 - Config Loading & Migration
  ---
  duration_ms: 459.522906
  type: 'suite'
  location: '/data/code/AgentHive/src/test/config-hang-repro.test.ts:10:24'
  failureType: 'subtestsFailed'
  error: '3 subtests failed'
  code: 'ERR_TEST_FAILURE'
  ...
# Subtest: ContentStore
    # Subtest: loads proposals, documents, and decisions during initialization
    ok 1 - loads proposals, documents, and decisions during initialization
      ---
      duration_ms: 117.120728
      ...
    # Subtest: emits proposal updates when underlying files change
    not ok 2 - emits proposal updates when underlying files change
      ---
      duration_ms: 5057.713796
      location: '/data/code/AgentHive/src/test/content-store.test.ts:78:20'
      failureType: 'unhandledRejection'
      error: 'Timed out waiting for content store event'
      code: 'ERR_TEST_FAILURE'
      stack: |-
        file:///data/code/AgentHive/src/test/content-store.test.ts:195:11
      ...
    # Subtest: updates documents when new files are added
    ok 3 - updates documents when new files are added
      ---
      duration_ms: 72.127949
      ...
    # Subtest: preserves cross-branch proposals from the proposal loader during refresh
    ok 4 - preserves cross-branch proposals from the proposal loader during refresh
      ---
      duration_ms: 79.387143
      ...
    # Subtest: removes decisions when files are deleted
    not ok 5 - removes decisions when files are deleted
      ---
      duration_ms: 33.102761
      location: '/data/code/AgentHive/src/test/content-store.test.ts:149:20'
      failureType: 'testCodeFailure'
      error: '(0 , _nodeFs.globSync)(...) is not a function or its return value is not async iterable'
      code: 'ERR_TEST_FAILURE'
      name: 'TypeError'
      stack: |-
        TestContext.<anonymous> (file:///data/code/AgentHive/src/test/content-store.test.ts:157:51)
        async Test.run (node:internal/test_runner/test:797:9)
        async Suite.processPendingSubtests (node:internal/test_runner/test:526:7)
      ...
    1..5
not ok 85 - ContentStore
  ---
  duration_ms: 5363.612854
  type: 'suite'
  location: '/data/code/AgentHive/src/test/content-store.test.ts:15:24'
  failureType: 'subtestsFailed'
  error: '2 subtests failed'
  code: 'ERR_TEST_FAILURE'
  ...
# Subtest: Core
    # Subtest: initialization
        # Subtest: should have filesystem and git operations available
        ok 1 - should have filesystem and git operations available
          ---
          duration_ms: 114.213693
          ...
        # Subtest: should initialize project with default config
        not ok 2 - should initialize project with default config
          ---
          duration_ms: 180.422955
          location: '/data/code/AgentHive/src/test/core.test.ts:39:22'
          failureType: 'testCodeFailure'
          error: |-
            Expected values to be strictly deep-equal:
            + actual - expected
            
              [
            +   'Draft',
            +   'Review',
            +   'Building',
            +   'Accepted',
            +   'Complete',
            +   'Rejected',
            +   'Abandoned',
            +   'Replaced'
            -   'Potential',
            -   'Active',
            -   'Accepted',
            -   'Complete',
            -   'Abandoned'
              ]
          code: 'ERR_ASSERTION'
          name: 'AssertionError'
          expected:
            0: 'Potential'
            1: 'Active'
            2: 'Accepted'
            3: 'Complete'
            4: 'Abandoned'
          actual:
            0: 'Draft'
            1: 'Review'
            2: 'Building'
            3: 'Accepted'
            4: 'Complete'
            5: 'Rejected'
            6: 'Abandoned'
            7: 'Replaced'
          operator: 'deepStrictEqual'
          stack: |-
            TestContext.<anonymous> (file:///data/code/AgentHive/src/test/core.test.ts:44:27)
            process.processTicksAndRejections (node:internal/process/task_queues:95:5)
            async Test.run (node:internal/test_runner/test:797:9)
            async Suite.processPendingSubtests (node:internal/test_runner/test:526:7)
          ...
        1..2
    not ok 1 - initialization
      ---
      duration_ms: 298.69818
      type: 'suite'
      location: '/data/code/AgentHive/src/test/core.test.ts:33:26'
      failureType: 'subtestsFailed'
      error: '1 subtest failed'
      code: 'ERR_TEST_FAILURE'
      stack: |-
        async Promise.all (index 0)
      ...
    # Subtest: proposal operations
        # Subtest: should create proposal without auto-commit
        not ok 1 - should create proposal without auto-commit
          ---
          duration_ms: 207.159415
          location: '/data/code/AgentHive/src/test/core.test.ts:65:22'
          failureType: 'testCodeFailure'
          error: |-
            Expected values to be strictly equal:
            + actual - expected
            
            + undefined
            - 'proposal-1'
          code: 'ERR_ASSERTION'
          name: 'AssertionError'
          expected: 'proposal-1'
          operator: 'strictEqual'
          stack: |-
            TestContext.<anonymous> (file:///data/code/AgentHive/src/test/core.test.ts:69:27)
            async Test.run (node:internal/test_runner/test:797:9)
            async Promise.all (index 0)
            async Suite.run (node:internal/test_runner/test:1135:7)
            async Suite.processPendingSubtests (node:internal/test_runner/test:526:7)
          ...
        # Subtest: should create proposal with auto-commit
        not ok 2 - should create proposal with auto-commit
          ---
          duration_ms: 291.13973
          location: '/data/code/AgentHive/src/test/core.test.ts:73:22'
          failureType: 'testCodeFailure'
          error: |-
            Expected values to be strictly equal:
            + actual - expected
            
            + undefined
            - 'proposal-1'
          code: 'ERR_ASSERTION'
          name: 'AssertionError'
          expected: 'proposal-1'
          operator: 'strictEqual'
          stack: |-
            TestContext.<anonymous> (file:///data/code/AgentHive/src/test/core.test.ts:78:27)
            async Test.run (node:internal/test_runner/test:797:9)
            async Suite.processPendingSubtests (node:internal/test_runner/test:526:7)
          ...
        # Subtest: should update proposal with auto-commit
        not ok 3 - should update proposal with auto-commit
          ---
          duration_ms: 296.732405
          location: '/data/code/AgentHive/src/test/core.test.ts:89:22'
          failureType: 'testCodeFailure'
          error: |-
            Expected values to be strictly equal:
            + actual - expected
            
            + undefined
            - 'Test Proposal'
          code: 'ERR_ASSERTION'
          name: 'AssertionError'
          expected: 'Test Proposal'
          operator: 'strictEqual'
          stack: |-
            TestContext.<anonymous> (file:///data/code/AgentHive/src/test/core.test.ts:94:27)
            async Test.run (node:internal/test_runner/test:797:9)
            async Suite.processPendingSubtests (node:internal/test_runner/test:526:7)
          ...
        # Subtest: should archive proposal with auto-commit
        not ok 4 - should archive proposal with auto-commit
          ---
          duration_ms: 334.792844
          location: '/data/code/AgentHive/src/test/core.test.ts:108:22'
          failureType: 'testCodeFailure'
          error: |-
            Expected values to be strictly equal:
            
            false !== true
            
          code: 'ERR_ASSERTION'
          name: 'AssertionError'
          expected: true
          actual: false
          operator: 'strictEqual'
          stack: |-
            TestContext.<anonymous> (file:///data/code/AgentHive/src/test/core.test.ts:112:27)
            async Test.run (node:internal/test_runner/test:797:9)
            async Suite.processPendingSubtests (node:internal/test_runner/test:526:7)
          ...
        # Subtest: should demote proposal with auto-commit
        not ok 5 - should demote proposal with auto-commit
          ---
          duration_ms: 293.065683
          location: '/data/code/AgentHive/src/test/core.test.ts:118:22'
          failureType: 'testCodeFailure'
          error: |-
            Expected values to be strictly equal:
            
            false !== true
            
          code: 'ERR_ASSERTION'
          name: 'AssertionError'
          expected: true
          actual: false
          operator: 'strictEqual'
          stack: |-
            TestContext.<anonymous> (file:///data/code/AgentHive/src/test/core.test.ts:122:27)
            async Test.run (node:internal/test_runner/test:797:9)
            async Suite.processPendingSubtests (node:internal/test_runner/test:526:7)
          ...
        # Subtest: should resolve proposals using flexible ID formats
        ok 6 - should resolve proposals using flexible ID formats
          ---
          duration_ms: 318.386587
          ...
        # Subtest: should resolve numeric-only IDs with custom prefix (BACK-364)
        not ok 7 - should resolve numeric-only IDs with custom prefix (BACK-364)
          ---
          duration_ms: 218.004571
          location: '/data/code/AgentHive/src/test/core.test.ts:147:22'
          failureType: 'testCodeFailure'
          error: |-
            Expected values to be strictly equal:
            + actual - expected
            
            + 'back-358'
            - 'BACK-358'
          code: 'ERR_ASSERTION'
          name: 'AssertionError'
          expected: 'BACK-358'
          actual: 'back-358'
          operator: 'strictEqual'
          stack: |-
            TestContext.<anonymous> (file:///data/code/AgentHive/src/test/core.test.ts:166:27)
            process.processTicksAndRejections (node:internal/process/task_queues:95:5)
            async Test.run (node:internal/test_runner/test:797:9)
            async Suite.processPendingSubtests (node:internal/test_runner/test:526:7)
          ...
        # Subtest: should NOT match numeric ID with typos when using custom prefix (BACK-364)
        ok 8 - should NOT match numeric ID with typos when using custom prefix (BACK-364)
          ---
          duration_ms: 197.078178
          ...
        # Subtest: should return false when archiving non-existent proposal
        ok 9 - should return false when archiving non-existent proposal
          ---
          duration_ms: 164.283326
          ...
        # Subtest: should apply default status when proposal has empty status
        not ok 10 - should apply default status when proposal has empty status
          ---
          duration_ms: 164.887193
          location: '/data/code/AgentHive/src/test/core.test.ts:210:22'
          failureType: 'testCodeFailure'
          error: |-
            Expected values to be strictly equal:
            + actual - expected
            
            + undefined
            - 'Potential'
          code: 'ERR_ASSERTION'
          name: 'AssertionError'
          expected: 'Potential'
          operator: 'strictEqual'
          stack: |-
            TestContext.<anonymous> (file:///data/code/AgentHive/src/test/core.test.ts:219:27)
            async Test.run (node:internal/test_runner/test:797:9)
            async Suite.processPendingSubtests (node:internal/test_runner/test:526:7)
          ...
        # Subtest: should not override existing status
        not ok 11 - should not override existing status
          ---
          duration_ms: 168.154052
          location: '/data/code/AgentHive/src/test/core.test.ts:222:22'
          failureType: 'testCodeFailure'
          error: |-
            Expected values to be strictly equal:
            + actual - expected
            
            + undefined
            - 'Active'
          code: 'ERR_ASSERTION'
          name: 'AssertionError'
          expected: 'Active'
          operator: 'strictEqual'
          stack: |-
            TestContext.<anonymous> (file:///data/code/AgentHive/src/test/core.test.ts:231:27)
            async Test.run (node:internal/test_runner/test:797:9)
            async Suite.processPendingSubtests (node:internal/test_runner/test:526:7)
          ...
        # Subtest: should preserve description text when saving without header markers
        not ok 12 - should preserve description text when saving without header markers
          ---
          duration_ms: 135.871777
          location: '/data/code/AgentHive/src/test/core.test.ts:234:22'
          failureType: 'testCodeFailure'
          error: |-
            Expected values to be strictly equal:
            + actual - expected
            
            + undefined
            - 'Just text'
          code: 'ERR_ASSERTION'
          name: 'AssertionError'
          expected: 'Just text'
          operator: 'strictEqual'
          stack: |-
            TestContext.<anonymous> (file:///data/code/AgentHive/src/test/core.test.ts:243:27)
            async Test.run (node:internal/test_runner/test:797:9)
            async Suite.processPendingSubtests (node:internal/test_runner/test:526:7)
          ...
        # Subtest: should not duplicate description header in saved content
        not ok 13 - should not duplicate description header in saved content
          ---
          duration_ms: 155.53516
          location: '/data/code/AgentHive/src/test/core.test.ts:249:22'
          failureType: 'testCodeFailure'
          error: |-
            Expected values to be strictly equal:
            
            0 !== 1
            
          code: 'ERR_ASSERTION'
          name: 'AssertionError'
          expected: 1
          actual: 0
          operator: 'strictEqual'
          stack: |-
            TestContext.<anonymous> (file:///data/code/AgentHive/src/test/core.test.ts:259:27)
            async Test.run (node:internal/test_runner/test:797:9)
            async Suite.processPendingSubtests (node:internal/test_runner/test:526:7)
          ...
        # Subtest: should handle proposal creation without auto-commit when git fails
        not ok 14 - should handle proposal creation without auto-commit when git fails
          ---
          duration_ms: 226.934688
          location: '/data/code/AgentHive/src/test/core.test.ts:262:22'
          failureType: 'testCodeFailure'
          error: |-
            Expected values to be strictly equal:
            + actual - expected
            
            + undefined
            - 'proposal-1'
          code: 'ERR_ASSERTION'
          name: 'AssertionError'
          expected: 'proposal-1'
          operator: 'strictEqual'
          stack: |-
            TestContext.<anonymous> (file:///data/code/AgentHive/src/test/core.test.ts:271:27)
            async Test.run (node:internal/test_runner/test:797:9)
            async Suite.processPendingSubtests (node:internal/test_runner/test:526:7)
          ...
        # Subtest: should normalize assignee for string and array inputs
        not ok 15 - should normalize assignee for string and array inputs
          ---
          duration_ms: 157.522196
          location: '/data/code/AgentHive/src/test/core.test.ts:274:22'
          failureType: 'testCodeFailure'
          error: |-
            Expected values to be strictly deep-equal:
            + actual - expected
            
            + undefined
            - [
            -   '@alice'
            - ]
          code: 'ERR_ASSERTION'
          name: 'AssertionError'
          expected:
            0: '@alice'
          operator: 'deepStrictEqual'
          stack: |-
            TestContext.<anonymous> (file:///data/code/AgentHive/src/test/core.test.ts:283:27)
            async Test.run (node:internal/test_runner/test:797:9)
            async Suite.processPendingSubtests (node:internal/test_runner/test:526:7)
          ...
        # Subtest: should normalize assignee when updating proposals
        not ok 16 - should normalize assignee when updating proposals
          ---
          duration_ms: 150.511067
          location: '/data/code/AgentHive/src/test/core.test.ts:296:22'
          failureType: 'testCodeFailure'
          error: 'Proposal not found: proposal-1'
          code: 'ERR_TEST_FAILURE'
          stack: |-
            Core.updateProposalFromInput (/data/code/AgentHive/src/core/roadmap.ts:2285:13)
            async TestContext.<anonymous> (file:///data/code/AgentHive/src/test/core.test.ts:299:7)
            async Test.run (node:internal/test_runner/test:797:9)
            async Suite.processPendingSubtests (node:internal/test_runner/test:526:7)
          ...
        # Subtest: should create sub-proposals with proper hierarchical IDs
        not ok 17 - should create sub-proposals with proper hierarchical IDs
          ---
          duration_ms: 184.1261
          location: '/data/code/AgentHive/src/test/core.test.ts:308:22'
          failureType: 'testCodeFailure'
          error: 'Invalid status: Potential. Valid statuses are: Draft, Review, Building, Accepted, Complete, Rejected, Abandoned, Replaced'
          code: 'ERR_TEST_FAILURE'
          stack: |-
            Core.requireCanonicalStatus (/data/code/AgentHive/src/core/roadmap.ts:416:11)
            process.processTicksAndRejections (node:internal/process/task_queues:95:5)
            async Core.createProposalFromInput (/data/code/AgentHive/src/core/roadmap.ts:1356:18)
            async TestContext.<anonymous> (file:///data/code/AgentHive/src/test/core.test.ts:312:36)
            async Test.run (node:internal/test_runner/test:797:9)
            async Suite.processPendingSubtests (node:internal/test_runner/test:526:7)
          ...
        1..17
    not ok 2 - proposal operations
      ---
      duration_ms: 3671.175333
      type: 'suite'
      location: '/data/code/AgentHive/src/test/core.test.ts:49:26'
      failureType: 'subtestsFailed'
      error: '14 subtests failed'
      code: 'ERR_TEST_FAILURE'
      ...
    # Subtest: document operations
        # Subtest: updates a document title without leaving the previous file behind
        not ok 1 - updates a document title without leaving the previous file behind
          ---
          duration_ms: 80.831468
          location: '/data/code/AgentHive/src/test/core.test.ts:358:22'
          failureType: 'testCodeFailure'
          error: '(0 , _nodeFs.globSync) is not a function'
          code: 'ERR_TEST_FAILURE'
          name: 'TypeError'
          stack: |-
            TestContext.<anonymous> (file:///data/code/AgentHive/src/test/core.test.ts:362:30)
            async Test.run (node:internal/test_runner/test:797:9)
            async Promise.all (index 0)
            async Suite.run (node:internal/test_runner/test:1135:7)
            async Suite.processPendingSubtests (node:internal/test_runner/test:526:7)
          ...
        # Subtest: shows a git rename when the document title changes
        ok 2 - shows a git rename when the document title changes
          ---
          duration_ms: 163.980173
          ...
        1..2
    not ok 3 - document operations
      ---
      duration_ms: 245.477652
      type: 'suite'
      location: '/data/code/AgentHive/src/test/core.test.ts:345:26'
      failureType: 'subtestsFailed'
      error: '1 subtest failed'
      code: 'ERR_TEST_FAILURE'
      ...
    # Subtest: draft operations
        # Subtest: should create draft without auto-commit
        ok 1 - should create draft without auto-commit
          ---
          duration_ms: 161.119551
          ...
        # Subtest: should create draft with auto-commit
        ok 2 - should create draft with auto-commit
          ---
          duration_ms: 232.699259
          ...
        # Subtest: should promote draft with auto-commit
        not ok 3 - should promote draft with auto-commit
          ---
          duration_ms: 219.723232
          location: '/data/code/AgentHive/src/test/core.test.ts:445:22'
          failureType: 'testCodeFailure'
          error: |-
            The expression evaluated to a falsy value:
            
              lastCommit.includes("roadmap: Promote draft draft-1")
            
          code: 'ERR_ASSERTION'
          name: 'AssertionError'
          expected: true
          actual: false
          operator: '=='
          stack: |-
            TestContext.<anonymous> (file:///data/code/AgentHive/src/test/core.test.ts:452:27)
            async Test.run (node:internal/test_runner/test:797:9)
            async Suite.processPendingSubtests (node:internal/test_runner/test:526:7)
          ...
        # Subtest: should archive draft with auto-commit
        not ok 4 - should archive draft with auto-commit
          ---
          duration_ms: 312.187577
          location: '/data/code/AgentHive/src/test/core.test.ts:455:22'
          failureType: 'testCodeFailure'
          error: |-
            The expression evaluated to a falsy value:
            
              lastCommit.includes("roadmap: Archive draft draft-1")
            
          code: 'ERR_ASSERTION'
          name: 'AssertionError'
          expected: true
          actual: false
          operator: '=='
          stack: |-
            TestContext.<anonymous> (file:///data/code/AgentHive/src/test/core.test.ts:462:27)
            process.processTicksAndRejections (node:internal/process/task_queues:95:5)
            async Test.run (node:internal/test_runner/test:797:9)
            async Suite.processPendingSubtests (node:internal/test_runner/test:526:7)
          ...
        # Subtest: should normalize assignee for string and array inputs
        ok 5 - should normalize assignee for string and array inputs
          ---
          duration_ms: 148.44009
          ...
        1..5
    not ok 4 - draft operations
      ---
      duration_ms: 1075.362274
      type: 'suite'
      location: '/data/code/AgentHive/src/test/core.test.ts:410:26'
      failureType: 'subtestsFailed'
      error: '2 subtests failed'
      code: 'ERR_TEST_FAILURE'
      ...
    # Subtest: integration with config
        # Subtest: should use custom default status from config
        not ok 1 - should use custom default status from config
          ---
          duration_ms: 88.529413
          location: '/data/code/AgentHive/src/test/core.test.ts:489:22'
          failureType: 'testCodeFailure'
          error: |-
            Expected values to be strictly equal:
            + actual - expected
            
            + undefined
            - 'Custom Status'
          code: 'ERR_ASSERTION'
          name: 'AssertionError'
          expected: 'Custom Status'
          operator: 'strictEqual'
          stack: |-
            TestContext.<anonymous> (file:///data/code/AgentHive/src/test/core.test.ts:514:27)
            async Test.run (node:internal/test_runner/test:797:9)
            async Promise.all (index 0)
            async Suite.run (node:internal/test_runner/test:1135:7)
            async Suite.processPendingSubtests (node:internal/test_runner/test:526:7)
          ...
        # Subtest: should fall back to Potential when config has no default status
        not ok 2 - should fall back to Potential when config has no default status
          ---
          duration_ms: 113.476975
          location: '/data/code/AgentHive/src/test/core.test.ts:517:22'
          failureType: 'testCodeFailure'
          error: |-
            Expected values to be strictly equal:
            + actual - expected
            
            + undefined
            - 'Potential'
          code: 'ERR_ASSERTION'
          name: 'AssertionError'
          expected: 'Potential'
          operator: 'strictEqual'
          stack: |-
            TestContext.<anonymous> (file:///data/code/AgentHive/src/test/core.test.ts:542:27)
            async Test.run (node:internal/test_runner/test:797:9)
            async Suite.processPendingSubtests (node:internal/test_runner/test:526:7)
          ...
        1..2
    not ok 5 - integration with config
      ---
      duration_ms: 202.779332
      type: 'suite'
      location: '/data/code/AgentHive/src/test/core.test.ts:488:26'
      failureType: 'subtestsFailed'
      error: '2 subtests failed'
      code: 'ERR_TEST_FAILURE'
      ...
    # Subtest: directory accessor integration
        # Subtest: should use FileSystem directory accessors for git operations
        not ok 1 - should use FileSystem directory accessors for git operations
          ---
          duration_ms: 136.958557
          location: '/data/code/AgentHive/src/test/core.test.ts:547:22'
          failureType: 'testCodeFailure'
          error: |-
            Expected "actual" to be strictly unequal to:
            
            undefined
          code: 'ERR_ASSERTION'
          name: 'AssertionError'
          operator: 'notStrictEqual'
          stack: |-
            TestContext.<anonymous> (file:///data/code/AgentHive/src/test/core.test.ts:572:27)
            async Test.run (node:internal/test_runner/test:797:9)
            async Promise.all (index 0)
            async Suite.run (node:internal/test_runner/test:1135:7)
            async Suite.processPendingSubtests (node:internal/test_runner/test:526:7)
          ...
        1..1
    not ok 6 - directory accessor integration
      ---
      duration_ms: 137.634447
      type: 'suite'
      location: '/data/code/AgentHive/src/test/core.test.ts:546:26'
      failureType: 'subtestsFailed'
      error: '1 subtest failed'
      code: 'ERR_TEST_FAILURE'
      ...
    1..6
not ok 86 - Core
  ---
  duration_ms: 5633.550553
  type: 'suite'
  location: '/data/code/AgentHive/src/test/core.test.ts:11:24'
  failureType: 'subtestsFailed'
  error: '6 subtests failed'
  code: 'ERR_TEST_FAILURE'
  ...
# Subtest: DaemonClient
    # Subtest: healthCheck
        # Subtest: returns health status when daemon is available
        ok 1 - returns health status when daemon is available
          ---
          duration_ms: 55.290226
          ...
        # Subtest: returns null when daemon is unavailable
        ok 2 - returns null when daemon is unavailable
          ---
          duration_ms: 1.02951
          ...
        1..2
    ok 1 - healthCheck
      ---
      duration_ms: 57.528435
      type: 'suite'
      ...
    # Subtest: isAvailable
        # Subtest: returns true when daemon responds
        ok 1 - returns true when daemon responds
          ---
          duration_ms: 1.382321
          ...
        # Subtest: returns false when daemon does not respond
        ok 2 - returns false when daemon does not respond
          ---
          duration_ms: 0.633394
          ...
        1..2
    ok 2 - isAvailable
      ---
      duration_ms: 2.572642
      type: 'suite'
      ...
    # Subtest: listProposals
        # Subtest: lists proposals without filters
        ok 1 - lists proposals without filters
          ---
          duration_ms: 1.971672
          ...
        # Subtest: lists proposals with filters
        ok 2 - lists proposals with filters
          ---
          duration_ms: 1.600763
          ...
        1..2
    ok 3 - listProposals
      ---
      duration_ms: 4.087288
      type: 'suite'
      ...
    # Subtest: getProposal
        # Subtest: returns proposal when found
        ok 1 - returns proposal when found
          ---
          duration_ms: 1.508497
          ...
        # Subtest: returns null when proposal not found (404)
        ok 2 - returns null when proposal not found (404)
          ---
          duration_ms: 1.675338
          ...
        1..2
    ok 4 - getProposal
      ---
      duration_ms: 3.774219
      type: 'suite'
      ...
    # Subtest: createProposal
        # Subtest: sends correct payload to daemon
        ok 1 - sends correct payload to daemon
          ---
          duration_ms: 3.022021
          ...
        1..1
    ok 5 - createProposal
      ---
      duration_ms: 3.342008
      type: 'suite'
      ...
    # Subtest: updateProposal
        # Subtest: sends correct update payload
        ok 1 - sends correct update payload
          ---
          duration_ms: 6.303532
          ...
        1..1
    ok 6 - updateProposal
      ---
      duration_ms: 6.648197
      type: 'suite'
      ...
    # Subtest: deleteProposal
        # Subtest: returns true on successful delete
        ok 1 - returns true on successful delete
          ---
          duration_ms: 1.852536
          ...
        # Subtest: returns false on 404
        ok 2 - returns false on 404
          ---
          duration_ms: 1.613416
          ...
        1..2
    ok 7 - deleteProposal
      ---
      duration_ms: 4.046076
      type: 'suite'
      ...
    # Subtest: search
        # Subtest: searches with query and filters
        ok 1 - searches with query and filters
          ---
          duration_ms: 5.783977
          ...
        1..1
    ok 8 - search
      ---
      duration_ms: 6.076064
      type: 'suite'
      ...
    # Subtest: getVersion
        # Subtest: returns version string
        ok 1 - returns version string
          ---
          duration_ms: 1.556207
          ...
        1..1
    ok 9 - getVersion
      ---
      duration_ms: 1.929331
      type: 'suite'
      ...
    1..9
ok 87 - DaemonClient
  ---
  duration_ms: 94.822779
  type: 'suite'
  ...
# Subtest: resolveDaemonUrl
    # Subtest: returns env URL when set
    ok 1 - returns env URL when set
      ---
      duration_ms: 1.935139
      ...
    # Subtest: returns config URL when no env
    ok 2 - returns config URL when no env
      ---
      duration_ms: 0.536012
      ...
    # Subtest: returns null when neither is set
    ok 3 - returns null when neither is set
      ---
      duration_ms: 0.389287
      ...
    # Subtest: env takes priority over config
    ok 4 - env takes priority over config
      ---
      duration_ms: 0.309171
      ...
    1..4
ok 88 - resolveDaemonUrl
  ---
  duration_ms: 4.009001
  type: 'suite'
  ...
# node:internal/modules/esm/translators:391
#     throw new ERR_UNKNOWN_BUILTIN_MODULE(url);
#           ^
# Error [ERR_UNKNOWN_BUILTIN_MODULE]: No such built-in module: node:sqlite
#     at ModuleLoader.builtinStrategy (node:internal/modules/esm/translators:391:11)
#     at \#translate (node:internal/modules/esm/loader:497:12)
#     at ModuleLoader.loadAndTranslate (node:internal/modules/esm/loader:544:27)
#     at async ModuleJob._link (node:internal/modules/esm/module_job:148:19) {
#   code: 'ERR_UNKNOWN_BUILTIN_MODULE'
# }
# Node.js v20.20.1
# Subtest: /data/code/AgentHive/src/test/db-security.test.ts
not ok 61 - /data/code/AgentHive/src/test/db-security.test.ts
  ---
  duration_ms: 576.968526
  location: '/data/code/AgentHive/src/test/db-security.test.ts:1:1'
  failureType: 'testCodeFailure'
  exitCode: 1
  signal: ~
  error: 'test failed'
  code: 'ERR_TEST_FAILURE'
  ...
# Subtest: Proposal Dependencies
    # Subtest: should create proposal with dependencies
    not ok 1 - should create proposal with dependencies
      ---
      duration_ms: 328.487704
      location: '/data/code/AgentHive/src/test/dependency.test.ts:34:22'
      failureType: 'testCodeFailure'
      error: 'Expected "actual" to be strictly unequal to: null'
      code: 'ERR_ASSERTION'
      name: 'AssertionError'
      expected: ~
      actual: ~
      operator: 'notStrictEqual'
      stack: |-
        TestContext.<anonymous> (file:///data/code/AgentHive/src/test/dependency.test.ts:77:25)
        async Test.run (node:internal/test_runner/test:797:9)
        async Promise.all (index 0)
        async Suite.run (node:internal/test_runner/test:1135:7)
        async Test.processPendingSubtests (node:internal/test_runner/test:526:7)
      ...
    # Subtest: should update proposal dependencies
    not ok 2 - should update proposal dependencies
      ---
      duration_ms: 235.014933
      location: '/data/code/AgentHive/src/test/dependency.test.ts:81:22'
      failureType: 'testCodeFailure'
      error: 'Proposal not found: proposal-3'
      code: 'ERR_TEST_FAILURE'
      stack: |-
        Core.updateProposalFromInput (/data/code/AgentHive/src/core/roadmap.ts:2285:13)
        async TestContext.<anonymous> (file:///data/code/AgentHive/src/test/dependency.test.ts:121:5)
        async Test.run (node:internal/test_runner/test:797:9)
        async Suite.processPendingSubtests (node:internal/test_runner/test:526:7)
      ...
    # Subtest: should handle proposals with dependencies in drafts
    not ok 3 - should handle proposals with dependencies in drafts
      ---
      duration_ms: 65.683159
      location: '/data/code/AgentHive/src/test/dependency.test.ts:129:22'
      failureType: 'testCodeFailure'
      error: 'Expected "actual" to be strictly unequal to: null'
      code: 'ERR_ASSERTION'
      name: 'AssertionError'
      expected: ~
      actual: ~
      operator: 'notStrictEqual'
      stack: |-
        TestContext.<anonymous> (file:///data/code/AgentHive/src/test/dependency.test.ts:160:25)
        async Test.run (node:internal/test_runner/test:797:9)
        async Suite.processPendingSubtests (node:internal/test_runner/test:526:7)
      ...
    # Subtest: should serialize and deserialize dependencies correctly
    not ok 4 - should serialize and deserialize dependencies correctly
      ---
      duration_ms: 192.155032
      location: '/data/code/AgentHive/src/test/dependency.test.ts:164:22'
      failureType: 'testCodeFailure'
      error: 'Expected "actual" to be strictly unequal to: null'
      code: 'ERR_ASSERTION'
      name: 'AssertionError'
      expected: ~
      actual: ~
      operator: 'notStrictEqual'
      stack: |-
        TestContext.<anonymous> (file:///data/code/AgentHive/src/test/dependency.test.ts:195:25)
        async Test.run (node:internal/test_runner/test:797:9)
        async Suite.processPendingSubtests (node:internal/test_runner/test:526:7)
      ...
    # Subtest: should handle empty dependencies array
    not ok 5 - should handle empty dependencies array
      ---
      duration_ms: 128.123287
      location: '/data/code/AgentHive/src/test/dependency.test.ts:204:22'
      failureType: 'testCodeFailure'
      error: 'Expected "actual" to be strictly unequal to: null'
      code: 'ERR_ASSERTION'
      name: 'AssertionError'
      expected: ~
      actual: ~
      operator: 'notStrictEqual'
      stack: |-
        TestContext.<anonymous> (file:///data/code/AgentHive/src/test/dependency.test.ts:219:25)
        async Test.run (node:internal/test_runner/test:797:9)
        async Suite.processPendingSubtests (node:internal/test_runner/test:526:7)
      ...
    # Subtest: should sanitize archived proposal dependencies on active proposals only
    not ok 6 - should sanitize archived proposal dependencies on active proposals only
      ---
      duration_ms: 131.318561
      location: '/data/code/AgentHive/src/test/dependency.test.ts:223:22'
      failureType: 'testCodeFailure'
      error: |-
        Expected values to be strictly equal:
        
        false !== true
        
      code: 'ERR_ASSERTION'
      name: 'AssertionError'
      expected: true
      actual: false
      operator: 'strictEqual'
      stack: |-
        TestContext.<anonymous> (file:///data/code/AgentHive/src/test/dependency.test.ts:276:25)
        async Test.run (node:internal/test_runner/test:797:9)
        async Suite.processPendingSubtests (node:internal/test_runner/test:526:7)
      ...
    # Subtest: should sanitize archive links when archiving by numeric id with custom proposal prefix
    not ok 7 - should sanitize archive links when archiving by numeric id with custom proposal prefix
      ---
      duration_ms: 330.140672
      location: '/data/code/AgentHive/src/test/dependency.test.ts:289:22'
      failureType: 'testCodeFailure'
      error: |-
        Expected values to be strictly equal:
        
        false !== true
        
      code: 'ERR_ASSERTION'
      name: 'AssertionError'
      expected: true
      actual: false
      operator: 'strictEqual'
      stack: |-
        TestContext.<anonymous> (file:///data/code/AgentHive/src/test/dependency.test.ts:307:25)
        async Test.run (node:internal/test_runner/test:797:9)
        async Suite.processPendingSubtests (node:internal/test_runner/test:526:7)
      ...
    # Subtest: should not sanitize draft dependencies when archiving
    ok 8 - should not sanitize draft dependencies when archiving
      ---
      duration_ms: 110.027721
      ...
    1..8
not ok 90 - Proposal Dependencies
  ---
  duration_ms: 1527.073283
  type: 'suite'
  location: '/data/code/AgentHive/src/test/dependency.test.ts:10:24'
  failureType: 'subtestsFailed'
  error: '7 subtests failed'
  code: 'ERR_TEST_FAILURE'
  ...
# Subtest: --desc alias functionality
    # Subtest: should create proposal with --desc alias
    not ok 1 - should create proposal with --desc alias
      ---
      duration_ms: 231.380695
      location: '/data/code/AgentHive/src/test/desc-alias.test.ts:40:20'
      failureType: 'testCodeFailure'
      error: |-
        The expression evaluated to a falsy value:
        
          output.includes("Test --desc alias")
        
      code: 'ERR_ASSERTION'
      name: 'AssertionError'
      expected: true
      actual: false
      operator: '=='
      stack: |-
        TestContext.<anonymous> (file:///data/code/AgentHive/src/test/desc-alias.test.ts:45:25)
        Test.runInAsyncScope (node:async_hooks:206:9)
        Test.run (node:internal/test_runner/test:796:25)
        async Promise.all (index 0)
        async Suite.run (node:internal/test_runner/test:1135:7)
        async Test.processPendingSubtests (node:internal/test_runner/test:526:7)
      ...
    # Subtest: should verify proposal created with --desc has correct description
    not ok 2 - should verify proposal created with --desc has correct description
      ---
      duration_ms: 123.88015
      location: '/data/code/AgentHive/src/test/desc-alias.test.ts:49:20'
      failureType: 'testCodeFailure'
      error: 'Expected "actual" to be strictly unequal to: null'
      code: 'ERR_ASSERTION'
      name: 'AssertionError'
      expected: ~
      actual: ~
      operator: 'notStrictEqual'
      stack: |-
        TestContext.<anonymous> (file:///data/code/AgentHive/src/test/desc-alias.test.ts:57:25)
        async Test.run (node:internal/test_runner/test:797:9)
        async Suite.processPendingSubtests (node:internal/test_runner/test:526:7)
      ...
    # Subtest: should edit proposal description with --desc alias
    not ok 3 - should edit proposal description with --desc alias
      ---
      duration_ms: 221.131186
      location: '/data/code/AgentHive/src/test/desc-alias.test.ts:61:20'
      failureType: 'testCodeFailure'
      error: |-
        The expression evaluated to a falsy value:
        
          updatedProposal?.description?.includes("Updated via --desc")
        
      code: 'ERR_ASSERTION'
      name: 'AssertionError'
      expected: true
      operator: '=='
      stack: |-
        TestContext.<anonymous> (file:///data/code/AgentHive/src/test/desc-alias.test.ts:85:25)
        async Test.run (node:internal/test_runner/test:797:9)
        async Suite.processPendingSubtests (node:internal/test_runner/test:526:7)
      ...
    # Subtest: should create draft with --desc alias
    ok 4 - should create draft with --desc alias
      ---
      duration_ms: 149.888625
      ...
    # Subtest: should verify draft created with --desc has correct description
    not ok 5 - should verify draft created with --desc has correct description
      ---
      duration_ms: 118.678259
      location: '/data/code/AgentHive/src/test/desc-alias.test.ts:94:20'
      failureType: 'testCodeFailure'
      error: 'Expected "actual" to be strictly unequal to: null'
      code: 'ERR_ASSERTION'
      name: 'AssertionError'
      expected: ~
      actual: ~
      operator: 'notStrictEqual'
      stack: |-
        TestContext.<anonymous> (file:///data/code/AgentHive/src/test/desc-alias.test.ts:102:25)
        async Test.run (node:internal/test_runner/test:797:9)
        async Suite.processPendingSubtests (node:internal/test_runner/test:526:7)
      ...
    # Subtest: should show --desc in help text
    not ok 6 - should show --desc in help text
      ---
      duration_ms: 119.441261
      location: '/data/code/AgentHive/src/test/desc-alias.test.ts:106:20'
      failureType: 'testCodeFailure'
      error: |-
        The expression evaluated to a falsy value:
        
          result.includes("-d, --description <text>")
        
      code: 'ERR_ASSERTION'
      name: 'AssertionError'
      expected: true
      actual: false
      operator: '=='
      stack: |-
        TestContext.<anonymous> (file:///data/code/AgentHive/src/test/desc-alias.test.ts:109:25)
        Test.runInAsyncScope (node:async_hooks:206:9)
        Test.run (node:internal/test_runner/test:796:25)
        async Suite.processPendingSubtests (node:internal/test_runner/test:526:7)
      ...
    1..6
not ok 91 - --desc alias functionality
  ---
  duration_ms: 968.170486
  type: 'suite'
  location: '/data/code/AgentHive/src/test/desc-alias.test.ts:10:24'
  failureType: 'subtestsFailed'
  error: '5 subtests failed'
  code: 'ERR_TEST_FAILURE'
  ...
# Subtest: CLI description newline handling
    # Subtest: should preserve literal newlines when creating proposal
    not ok 1 - should preserve literal newlines when creating proposal
      ---
      duration_ms: 247.775774
      location: '/data/code/AgentHive/src/test/description-newlines.test.ts:34:20'
      failureType: 'testCodeFailure'
      error: |-
        The expression evaluated to a falsy value:
        
          body?.includes(desc)
        
      code: 'ERR_ASSERTION'
      name: 'AssertionError'
      expected: true
      operator: '=='
      stack: |-
        TestContext.<anonymous> (file:///data/code/AgentHive/src/test/description-newlines.test.ts:40:25)
        async Test.run (node:internal/test_runner/test:797:9)
        async Promise.all (index 0)
        async Suite.run (node:internal/test_runner/test:1135:7)
        async Test.processPendingSubtests (node:internal/test_runner/test:526:7)
      ...
    # Subtest: should preserve literal newlines when editing proposal
    not ok 2 - should preserve literal newlines when editing proposal
      ---
      duration_ms: 176.257156
      location: '/data/code/AgentHive/src/test/description-newlines.test.ts:43:20'
      failureType: 'testCodeFailure'
      error: |-
        The expression evaluated to a falsy value:
        
          updatedBody?.includes(desc)
        
      code: 'ERR_ASSERTION'
      name: 'AssertionError'
      expected: true
      operator: '=='
      stack: |-
        TestContext.<anonymous> (file:///data/code/AgentHive/src/test/description-newlines.test.ts:63:25)
        async Test.run (node:internal/test_runner/test:797:9)
        async Suite.processPendingSubtests (node:internal/test_runner/test:526:7)
      ...
    # Subtest: should not interpret \\n sequences as newlines
    not ok 3 - should not interpret \\n sequences as newlines
      ---
      duration_ms: 138.504521
      location: '/data/code/AgentHive/src/test/description-newlines.test.ts:66:20'
      failureType: 'testCodeFailure'
      error: |-
        The expression evaluated to a falsy value:
        
          body?.includes("First line\\nSecond line")
        
      code: 'ERR_ASSERTION'
      name: 'AssertionError'
      expected: true
      operator: '=='
      stack: |-
        TestContext.<anonymous> (file:///data/code/AgentHive/src/test/description-newlines.test.ts:72:25)
        async Test.run (node:internal/test_runner/test:797:9)
        async Suite.processPendingSubtests (node:internal/test_runner/test:526:7)
      ...
    1..3
not ok 92 - CLI description newline handling
  ---
  duration_ms: 566.396019
  type: 'suite'
  location: '/data/code/AgentHive/src/test/description-newlines.test.ts:10:24'
  failureType: 'subtestsFailed'
  error: '3 subtests failed'
  code: 'ERR_TEST_FAILURE'
  ...
# Subtest: Docs recursive listing and ID generation
    # Subtest: lists and views documents from subdirectories and generates unique IDs
    ok 1 - lists and views documents from subdirectories and generates unique IDs
      ---
      duration_ms: 239.341593
      ...
    # Subtest: includes documents from symlinked subdirectories
    ok 2 - includes documents from symlinked subdirectories
      ---
      duration_ms: 20.111673
      ...
    1..2
ok 93 - Docs recursive listing and ID generation
  ---
  duration_ms: 261.769288
  type: 'suite'
  ...
# Subtest: Proposal Documentation
    # Subtest: Create proposal with documentation
        # Subtest: should create a proposal with documentation
        not ok 1 - should create a proposal with documentation
          ---
          duration_ms: 445.51319
          location: '/data/code/AgentHive/src/test/documentation.test.ts:34:22'
          failureType: 'testCodeFailure'
          error: |-
            Expected values to be strictly deep-equal:
            + actual - expected
            
            + undefined
            - [
            -   'https://docs.example.com/api',
            -   'docs/architecture.md'
            - ]
          code: 'ERR_ASSERTION'
          name: 'AssertionError'
          expected:
            0: 'https://docs.example.com/api'
            1: 'docs/architecture.md'
          operator: 'deepStrictEqual'
          stack: |-
            TestContext.<anonymous> (file:///data/code/AgentHive/src/test/documentation.test.ts:44:27)
            async Test.run (node:internal/test_runner/test:797:9)
            async Promise.all (index 0)
            async Suite.run (node:internal/test_runner/test:1135:7)
            async Promise.all (index 0)
            async Suite.run (node:internal/test_runner/test:1135:7)
            async Test.processPendingSubtests (node:internal/test_runner/test:526:7)
          ...
        # Subtest: should create a proposal without documentation
        ok 2 - should create a proposal without documentation
          ---
          duration_ms: 188.742895
          ...
        # Subtest: should handle empty documentation array
        ok 3 - should handle empty documentation array
          ---
          duration_ms: 233.709687
          ...
        1..3
    not ok 1 - Create proposal with documentation
      ---
      duration_ms: 875.613452
      type: 'suite'
      location: '/data/code/AgentHive/src/test/documentation.test.ts:33:26'
      failureType: 'subtestsFailed'
      error: '1 subtest failed'
      code: 'ERR_TEST_FAILURE'
      stack: |-
        async Promise.all (index 0)
      ...
    # Subtest: Update proposal documentation
        # Subtest: should set documentation on existing proposal
        not ok 1 - should set documentation on existing proposal
          ---
          duration_ms: 354.740819
          location: '/data/code/AgentHive/src/test/documentation.test.ts:66:22'
          failureType: 'testCodeFailure'
          error: 'Proposal not found: PROPOSAL-1'
          code: 'ERR_TEST_FAILURE'
          stack: |-
            Core.updateProposalFromInput (/data/code/AgentHive/src/core/roadmap.ts:2285:13)
            async TestContext.<anonymous> (file:///data/code/AgentHive/src/test/documentation.test.ts:71:23)
            async Test.run (node:internal/test_runner/test:797:9)
            async Promise.all (index 0)
            async Suite.run (node:internal/test_runner/test:1135:7)
            async Suite.processPendingSubtests (node:internal/test_runner/test:526:7)
          ...
        # Subtest: should add documentation to existing proposal
        not ok 2 - should add documentation to existing proposal
          ---
          duration_ms: 262.126551
          location: '/data/code/AgentHive/src/test/documentation.test.ts:78:22'
          failureType: 'testCodeFailure'
          error: 'Proposal not found: PROPOSAL-1'
          code: 'ERR_TEST_FAILURE'
          stack: |-
            Core.updateProposalFromInput (/data/code/AgentHive/src/core/roadmap.ts:2285:13)
            async TestContext.<anonymous> (file:///data/code/AgentHive/src/test/documentation.test.ts:84:23)
            async Test.run (node:internal/test_runner/test:797:9)
            async Suite.processPendingSubtests (node:internal/test_runner/test:526:7)
          ...
        # Subtest: should not add duplicate documentation
        not ok 3 - should not add duplicate documentation
          ---
          duration_ms: 230.589127
          location: '/data/code/AgentHive/src/test/documentation.test.ts:91:22'
          failureType: 'testCodeFailure'
          error: 'Proposal not found: PROPOSAL-1'
          code: 'ERR_TEST_FAILURE'
          stack: |-
            Core.updateProposalFromInput (/data/code/AgentHive/src/core/roadmap.ts:2285:13)
            async TestContext.<anonymous> (file:///data/code/AgentHive/src/test/documentation.test.ts:97:23)
            async Test.run (node:internal/test_runner/test:797:9)
            async Suite.processPendingSubtests (node:internal/test_runner/test:526:7)
          ...
        # Subtest: should remove documentation from existing proposal
        not ok 4 - should remove documentation from existing proposal
          ---
          duration_ms: 202.676344
          location: '/data/code/AgentHive/src/test/documentation.test.ts:104:22'
          failureType: 'testCodeFailure'
          error: 'Proposal not found: PROPOSAL-1'
          code: 'ERR_TEST_FAILURE'
          stack: |-
            Core.updateProposalFromInput (/data/code/AgentHive/src/core/roadmap.ts:2285:13)
            async TestContext.<anonymous> (file:///data/code/AgentHive/src/test/documentation.test.ts:110:23)
            async Test.run (node:internal/test_runner/test:797:9)
            async Suite.processPendingSubtests (node:internal/test_runner/test:526:7)
          ...
        # Subtest: should replace documentation when setting directly
        not ok 5 - should replace documentation when setting directly
          ---
          duration_ms: 239.095105
          location: '/data/code/AgentHive/src/test/documentation.test.ts:117:22'
          failureType: 'testCodeFailure'
          error: 'Proposal not found: PROPOSAL-1'
          code: 'ERR_TEST_FAILURE'
          stack: |-
            Core.updateProposalFromInput (/data/code/AgentHive/src/core/roadmap.ts:2285:13)
            async TestContext.<anonymous> (file:///data/code/AgentHive/src/test/documentation.test.ts:123:23)
            async Test.run (node:internal/test_runner/test:797:9)
            async Suite.processPendingSubtests (node:internal/test_runner/test:526:7)
          ...
        1..5
    not ok 2 - Update proposal documentation
      ---
      duration_ms: 1293.852037
      type: 'suite'
      location: '/data/code/AgentHive/src/test/documentation.test.ts:65:26'
      failureType: 'subtestsFailed'
      error: '5 subtests failed'
      code: 'ERR_TEST_FAILURE'
      ...
    # Subtest: Documentation in markdown
        # Subtest: should persist documentation in markdown frontmatter
        ok 1 - should persist documentation in markdown frontmatter
          ---
          duration_ms: 166.053013
          ...
        # Subtest: should not include empty documentation in frontmatter
        ok 2 - should not include empty documentation in frontmatter
          ---
          duration_ms: 110.108995
          ...
        1..2
    ok 3 - Documentation in markdown
      ---
      duration_ms: 277.513373
      type: 'suite'
      ...
    1..3
not ok 94 - Proposal Documentation
  ---
  duration_ms: 2448.5519
  type: 'suite'
  location: '/data/code/AgentHive/src/test/documentation.test.ts:9:24'
  failureType: 'subtestsFailed'
  error: '2 subtests failed'
  code: 'ERR_TEST_FAILURE'
  ...
# Subtest: Draft creation consistency
    # Subtest: keeps IDs and filenames consistent between draft create and proposal create --draft
    not ok 1 - keeps IDs and filenames consistent between draft create and proposal create --draft
      ---
      duration_ms: 218.70704
      location: '/data/code/AgentHive/src/test/draft-create-consistency.test.ts:39:20'
      failureType: 'testCodeFailure'
      error: 'Expected string to contain "Created draft draft-1"'
      code: 'ERR_ASSERTION'
      name: 'AssertionError'
      actual: |-
        node: bad option: --experimental-strip-types
        
      operator: 'expect'
      stack: |-
        new AssertionError (node:internal/assert/assertion_error:454:5)
        pass (/data/code/AgentHive/src/test/test-utils.ts:287:469)
        Object.toContain (/data/code/AgentHive/src/test/test-utils.ts:287:1610)
        TestContext.<anonymous> (file:///data/code/AgentHive/src/test/draft-create-consistency.test.ts:43:44)
        Test.runInAsyncScope (node:async_hooks:206:9)
        Test.run (node:internal/test_runner/test:796:25)
        async Promise.all (index 0)
        async Suite.run (node:internal/test_runner/test:1135:7)
        async Test.processPendingSubtests (node:internal/test_runner/test:526:7)
      ...
    # Subtest: uses DRAFT IDs in plain output for proposal create --draft
    not ok 2 - uses DRAFT IDs in plain output for proposal create --draft
      ---
      duration_ms: 179.207543
      location: '/data/code/AgentHive/src/test/draft-create-consistency.test.ts:59:20'
      failureType: 'testCodeFailure'
      error: |-
        The expression evaluated to a falsy value:
        
          output.includes("draft-1 - Plain-sample.md")
        
      code: 'ERR_ASSERTION'
      name: 'AssertionError'
      expected: true
      actual: false
      operator: '=='
      stack: |-
        TestContext.<anonymous> (file:///data/code/AgentHive/src/test/draft-create-consistency.test.ts:63:25)
        Test.runInAsyncScope (node:async_hooks:206:9)
        Test.run (node:internal/test_runner/test:796:25)
        async Suite.processPendingSubtests (node:internal/test_runner/test:526:7)
      ...
    1..2
not ok 95 - Draft creation consistency
  ---
  duration_ms: 402.597946
  type: 'suite'
  location: '/data/code/AgentHive/src/test/draft-create-consistency.test.ts:13:24'
  failureType: 'subtestsFailed'
  error: '2 subtests failed'
  code: 'ERR_TEST_FAILURE'
  ...
# Subtest: Editor Utils
    # Subtest: should resolve editor from env var
    ok 1 - should resolve editor from env var
      ---
      duration_ms: 2.824903
      ...
    # Subtest: should resolve editor from config
    ok 2 - should resolve editor from config
      ---
      duration_ms: 3.971054
      ...
    # Subtest: should fallback to platform default
    ok 3 - should fallback to platform default
      ---
      duration_ms: 1.008504
      ...
    # Subtest: should check if editor is available
    ok 4 - should check if editor is available
      ---
      duration_ms: 23.514192
      ...
    1..4
ok 96 - Editor Utils
  ---
  duration_ms: 34.826696
  type: 'suite'
  ...
# Subtest: Enhanced init command
    # Subtest: should detect existing project and preserve config during re-initialization
    ok 1 - should detect existing project and preserve config during re-initialization
      ---
      duration_ms: 138.060002
      ...
    # Subtest: should create default config for new project initialization
    not ok 2 - should create default config for new project initialization
      ---
      duration_ms: 33.519616
      location: '/data/code/AgentHive/src/test/enhanced-init.test.ts:61:22'
      failureType: 'testCodeFailure'
      error: |-
        Expected values to be strictly deep-equal:
        + actual - expected
        
          [
        +   'Draft',
        +   'Review',
        +   'Building',
        +   'Accepted',
        +   'Complete',
        +   'Rejected',
        +   'Abandoned',
        +   'Replaced'
        -   'Potential',
        -   'Active',
        -   'Accepted',
        -   'Complete',
        -   'Abandoned'
          ]
      code: 'ERR_ASSERTION'
      name: 'AssertionError'
      expected:
        0: 'Potential'
        1: 'Active'
        2: 'Accepted'
        3: 'Complete'
        4: 'Abandoned'
      actual:
        0: 'Draft'
        1: 'Review'
        2: 'Building'
        3: 'Accepted'
        4: 'Complete'
        5: 'Rejected'
        6: 'Abandoned'
        7: 'Replaced'
      operator: 'deepStrictEqual'
      stack: |-
        TestContext.<anonymous> (file:///data/code/AgentHive/src/test/enhanced-init.test.ts:76:25)
        async Test.run (node:internal/test_runner/test:797:9)
        async Suite.processPendingSubtests (node:internal/test_runner/test:526:7)
      ...
    # Subtest: should handle editor configuration in init flow
    ok 3 - should handle editor configuration in init flow
      ---
      duration_ms: 20.316254
      ...
    # Subtest: should handle config with missing fields by filling defaults
    ok 4 - should handle config with missing fields by filling defaults
      ---
      duration_ms: 25.753633
      ...
    # Subtest: should preserve existing statuses and labels during re-initialization
    ok 5 - should preserve existing statuses and labels during re-initialization
      ---
      duration_ms: 31.315573
      ...
    # Subtest: should preserve non-init-managed config fields during re-initialization
    ok 6 - should preserve non-init-managed config fields during re-initialization
      ---
      duration_ms: 31.756898
      ...
    # Subtest: should handle zero-padding configuration in init flow
    ok 7 - should handle zero-padding configuration in init flow
      ---
      duration_ms: 27.597521
      ...
    # Subtest: should handle zero-padding disabled configuration
    ok 8 - should handle zero-padding disabled configuration
      ---
      duration_ms: 27.342859
      ...
    # Subtest: should preserve existing zero-padding config during re-initialization
    ok 9 - should preserve existing zero-padding config during re-initialization
      ---
      duration_ms: 47.445858
      ...
    # Subtest: should create default proposal prefix when not specified
    ok 10 - should create default proposal prefix when not specified
      ---
      duration_ms: 50.86771
      ...
    # Subtest: should handle custom proposal prefix in config
    ok 11 - should handle custom proposal prefix in config
      ---
      duration_ms: 28.283098
      ...
    # Subtest: should preserve existing prefix during re-initialization
    ok 12 - should preserve existing prefix during re-initialization
      ---
      duration_ms: 22.436868
      ...
    # Subtest: initializeProject should use custom proposalPrefix from advancedConfig
    ok 13 - initializeProject should use custom proposalPrefix from advancedConfig
      ---
      duration_ms: 195.716921
      ...
    # Subtest: initializeProject should preserve existing prefix on re-init
    ok 14 - initializeProject should preserve existing prefix on re-init
      ---
      duration_ms: 218.361949
      ...
    # Subtest: initializeProject should use default prefix when not specified
    ok 15 - initializeProject should use default prefix when not specified
      ---
      duration_ms: 187.054347
      ...
    # Subtest: prefixes should persist to disk and reload correctly with new Core instance
    not ok 16 - prefixes should persist to disk and reload correctly with new Core instance
      ---
      duration_ms: 182.877368
      location: '/data/code/AgentHive/src/test/enhanced-init.test.ts:420:22'
      failureType: 'testCodeFailure'
      error: |-
        Expected values to be strictly equal:
        + actual - expected
        
        + undefined
        - 'PERSIST'
      code: 'ERR_ASSERTION'
      name: 'AssertionError'
      expected: 'PERSIST'
      operator: 'strictEqual'
      stack: |-
        TestContext.<anonymous> (file:///data/code/AgentHive/src/test/enhanced-init.test.ts:438:25)
        async Test.run (node:internal/test_runner/test:797:9)
        async Suite.processPendingSubtests (node:internal/test_runner/test:526:7)
      ...
    1..16
not ok 97 - Enhanced init command
  ---
  duration_ms: 1281.865997
  type: 'suite'
  location: '/data/code/AgentHive/src/test/enhanced-init.test.ts:10:24'
  failureType: 'subtestsFailed'
  error: '2 subtests failed'
  code: 'ERR_TEST_FAILURE'
  ...
# Subtest: Test Discovery
    # Subtest: categorizeTestFile
        # Subtest: categorizes regression tests
        ok 1 - categorizes regression tests
          ---
          duration_ms: 2.118774
          ...
        # Subtest: categorizes e2e tests
        ok 2 - categorizes e2e tests
          ---
          duration_ms: 0.42783
          ...
        # Subtest: categorizes cli tests as integration
        ok 3 - categorizes cli tests as integration
          ---
          duration_ms: 0.467201
          ...
        # Subtest: categorizes mcp tests as integration
        ok 4 - categorizes mcp tests as integration
          ---
          duration_ms: 0.354055
          ...
        # Subtest: categorizes board tests as integration
        ok 5 - categorizes board tests as integration
          ---
          duration_ms: 0.287268
          ...
        # Subtest: categorizes plain tests as unit
        ok 6 - categorizes plain tests as unit
          ---
          duration_ms: 0.262833
          ...
        # Subtest: handles paths with directories
        ok 7 - handles paths with directories
          ---
          duration_ms: 0.393201
          ...
        1..7
    ok 1 - categorizeTestFile
      ---
      duration_ms: 6.325669
      type: 'suite'
      ...
    # Subtest: scanTestDirectory
        # Subtest: finds test files in directory
        ok 1 - finds test files in directory
          ---
          duration_ms: 49.573085
          ...
        # Subtest: categorizes discovered files
        ok 2 - categorizes discovered files
          ---
          duration_ms: 52.774994
          ...
        # Subtest: scans subdirectories recursively
        ok 3 - scans subdirectories recursively
          ---
          duration_ms: 12.28921
          ...
        # Subtest: skips node_modules
        ok 4 - skips node_modules
          ---
          duration_ms: 8.074048
          ...
        # Subtest: returns empty for non-existent directory
        ok 5 - returns empty for non-existent directory
          ---
          duration_ms: 9.523283
          ...
        1..5
    ok 2 - scanTestDirectory
      ---
      duration_ms: 134.743128
      type: 'suite'
      ...
    # Subtest: discoverTests
        # Subtest: groups tests by category
        ok 1 - groups tests by category
          ---
          duration_ms: 10.059629
          ...
        # Subtest: includes discovery timestamp
        ok 2 - includes discovery timestamp
          ---
          duration_ms: 3.55653
          ...
        1..2
    ok 3 - discoverTests
      ---
      duration_ms: 14.175121
      type: 'suite'
      ...
    # Subtest: filterByCategory
        # Subtest: filters tests by category
        ok 1 - filters tests by category
          ---
          duration_ms: 7.615282
          ...
        1..1
    ok 4 - filterByCategory
      ---
      duration_ms: 8.207268
      type: 'suite'
      ...
    # Subtest: getTestStats
        # Subtest: returns formatted statistics
        ok 1 - returns formatted statistics
          ---
          duration_ms: 9.397879
          ...
        1..1
    ok 5 - getTestStats
      ---
      duration_ms: 9.985799
      type: 'suite'
      ...
    1..5
ok 98 - Test Discovery
  ---
  duration_ms: 175.356566
  type: 'suite'
  ...
# Subtest: Test Runner
    # Subtest: runTestFile
        # Subtest: runs a passing test file
        ok 1 - runs a passing test file
          ---
          duration_ms: 470.655323
          ...
        # Subtest: does not treat successful output containing 'fail 0' as a failure
        ok 2 - does not treat successful output containing 'fail 0' as a failure
          ---
          duration_ms: 283.818399
          ...
        # Subtest: returns valid result structure
        ok 3 - returns valid result structure
          ---
          duration_ms: 318.997286
          ...
        1..3
    ok 1 - runTestFile
      ---
      duration_ms: 1074.206896
      type: 'suite'
      ...
    # Subtest: formatTestReport
        # Subtest: formats passing report
        ok 1 - formats passing report
          ---
          duration_ms: 0.851215
          ...
        # Subtest: formats failing report with details
        ok 2 - formats failing report with details
          ---
          duration_ms: 0.33211
          ...
        1..2
    ok 2 - formatTestReport
      ---
      duration_ms: 1.462366
      type: 'suite'
      ...
    # Subtest: allTestsPassed
        # Subtest: returns true when all pass
        ok 1 - returns true when all pass
          ---
          duration_ms: 0.385349
          ...
        # Subtest: returns false when any fail
        ok 2 - returns false when any fail
          ---
          duration_ms: 0.377108
          ...
        1..2
    ok 3 - allTestsPassed
      ---
      duration_ms: 1.077599
      type: 'suite'
      ...
    1..3
ok 99 - Test Runner
  ---
  duration_ms: 1077.525319
  type: 'suite'
  ...
# Subtest: Complete issue enforcement
    # Subtest: blocks transitioning a proposal to Complete when blocking issues exist
    not ok 1 - blocks transitioning a proposal to Complete when blocking issues exist
      ---
      duration_ms: 140.089747
      location: '/data/code/AgentHive/src/test/exhaustive-testing.test.ts:367:20'
      failureType: 'testCodeFailure'
      error: |-
        The input did not match the regular expression /blocking issue/i. Input:
        
        'Error: Proposal not found: proposal-1'
        
      code: 'ERR_ASSERTION'
      name: 'AssertionError'
      expected:
      actual:
      error: 'Proposal not found: proposal-1'
      stack: |-
        Core.editProposalOrDraft (/data/code/AgentHive/src/core/roadmap.ts:2381:13)
        async waitForActual (node:assert:533:5)
        async Function.rejects (node:assert:654:25)
        async TestContext.<anonymous> (file:///data/code/AgentHive/src/test/exhaustive-testing.test.ts:386:5)
        async Test.run (node:internal/test_runner/test:797:9)
        async Promise.all (index 0)
        async Suite.run (node:internal/test_runner/test:1135:7)
        async Test.processPendingSubtests (node:internal/test_runner/test:526:7)
      operator: 'rejects'
      stack: |-
        async TestContext.<anonymous> (file:///data/code/AgentHive/src/test/exhaustive-testing.test.ts:386:5)
        async Test.run (node:internal/test_runner/test:797:9)
        async Promise.all (index 0)
        async Suite.run (node:internal/test_runner/test:1135:7)
        async Test.processPendingSubtests (node:internal/test_runner/test:526:7)
      ...
    # Subtest: blocks completing a Complete proposal when blocking issues exist
    not ok 2 - blocks completing a Complete proposal when blocking issues exist
      ---
      duration_ms: 131.324931
      location: '/data/code/AgentHive/src/test/exhaustive-testing.test.ts:401:20'
      failureType: 'testCodeFailure'
      error: 'Missing expected rejection.'
      code: 'ERR_ASSERTION'
      name: 'AssertionError'
      expected:
      operator: 'rejects'
      stack: |-
        async TestContext.<anonymous> (file:///data/code/AgentHive/src/test/exhaustive-testing.test.ts:423:5)
        async Test.run (node:internal/test_runner/test:797:9)
        async Suite.processPendingSubtests (node:internal/test_runner/test:526:7)
      ...
    1..2
not ok 100 - Complete issue enforcement
  ---
  duration_ms: 272.477483
  type: 'suite'
  location: '/data/code/AgentHive/src/test/exhaustive-testing.test.ts:347:24'
  failureType: 'subtestsFailed'
  error: '2 subtests failed'
  code: 'ERR_TEST_FAILURE'
  ...
# Subtest: Issue Tracker
    # Subtest: loadIssues / saveIssues
        # Subtest: returns empty store for new project
        ok 1 - returns empty store for new project
          ---
          duration_ms: 1.42583
          ...
        # Subtest: persists issues to disk
        ok 2 - persists issues to disk
          ---
          duration_ms: 1.418449
          ...
        1..2
    ok 1 - loadIssues / saveIssues
      ---
      duration_ms: 3.138236
      type: 'suite'
      ...
    # Subtest: addIssue
        # Subtest: assigns unique IDs
        ok 1 - assigns unique IDs
          ---
          duration_ms: 1.710137
          ...
        # Subtest: sets initial status to open
        ok 2 - sets initial status to open
          ---
          duration_ms: 1.038284
          ...
        1..2
    ok 2 - addIssue
      ---
      duration_ms: 3.189978
      type: 'suite'
      ...
    # Subtest: resolveIssue
        # Subtest: marks issue as resolved
        ok 1 - marks issue as resolved
          ---
          duration_ms: 1.651487
          ...
        1..1
    ok 3 - resolveIssue
      ---
      duration_ms: 1.824715
      type: 'suite'
      ...
    # Subtest: wontFixIssue
        # Subtest: marks issue as wontfix
        ok 1 - marks issue as wontfix
          ---
          duration_ms: 0.911084
          ...
        1..1
    ok 4 - wontFixIssue
      ---
      duration_ms: 1.036731
      type: 'suite'
      ...
    # Subtest: getProposalIssues
        # Subtest: filters by proposal and open status
        ok 1 - filters by proposal and open status
          ---
          duration_ms: 1.001438
          ...
        1..1
    ok 5 - getProposalIssues
      ---
      duration_ms: 1.189893
      type: 'suite'
      ...
    # Subtest: getBlockingIssues
        # Subtest: returns only critical and major open issues
        ok 1 - returns only critical and major open issues
          ---
          duration_ms: 1.189847
          ...
        # Subtest: excludes resolved issues
        ok 2 - excludes resolved issues
          ---
          duration_ms: 1.438853
          ...
        1..2
    ok 6 - getBlockingIssues
      ---
      duration_ms: 5.982227
      type: 'suite'
      ...
    # Subtest: isBlockedByIssues
        # Subtest: returns true when critical issues exist
        ok 1 - returns true when critical issues exist
          ---
          duration_ms: 1.255932
          ...
        # Subtest: returns false when no blocking issues
        ok 2 - returns false when no blocking issues
          ---
          duration_ms: 0.790802
          ...
        1..2
    ok 7 - isBlockedByIssues
      ---
      duration_ms: 2.342829
      type: 'suite'
      ...
    # Subtest: formatIssues
        # Subtest: formats issues with severity icons
        ok 1 - formats issues with severity icons
          ---
          duration_ms: 3.182862
          ...
        # Subtest: returns message for empty list
        ok 2 - returns message for empty list
          ---
          duration_ms: 3.75872
          ...
        1..2
    ok 8 - formatIssues
      ---
      duration_ms: 7.260511
      type: 'suite'
      ...
    1..8
ok 101 - Issue Tracker
  ---
  duration_ms: 27.171358
  type: 'suite'
  ...
# Subtest: Acceptance Integration
    # Subtest: validateNoBlockingIssues
        # Subtest: returns not blocked when no issues
        ok 1 - returns not blocked when no issues
          ---
          duration_ms: 1.01063
          ...
        # Subtest: returns blocked when critical issues exist
        ok 2 - returns blocked when critical issues exist
          ---
          duration_ms: 0.324402
          ...
        1..2
    ok 1 - validateNoBlockingIssues
      ---
      duration_ms: 1.595758
      type: 'suite'
      ...
    # Subtest: validateReachedTransition
        # Subtest: allows complete when all checks pass
        ok 1 - allows complete when all checks pass
          ---
          duration_ms: 0.671356
          ...
        # Subtest: blocks complete when issues exist
        ok 2 - blocks complete when issues exist
          ---
          duration_ms: 2.220884
          ...
        1..2
    ok 2 - validateReachedTransition
      ---
      duration_ms: 3.16675
      type: 'suite'
      ...
    1..2
ok 102 - Acceptance Integration
  ---
  duration_ms: 5.089644
  type: 'suite'
  ...
# Subtest: FileSystem
    # Subtest: ensureRoadmapStructure
        # Subtest: should create all required directories
        ok 1 - should create all required directories
          ---
          duration_ms: 75.843973
          ...
        1..1
    ok 1 - ensureRoadmapStructure
      ---
      duration_ms: 77.582795
      type: 'suite'
      ...
    # Subtest: proposal operations
        # Subtest: should save and load a proposal
        not ok 1 - should save and load a proposal
          ---
          duration_ms: 86.227397
          location: '/data/code/AgentHive/src/test/filesystem.test.ts:65:22'
          failureType: 'testCodeFailure'
          error: |-
            Expected values to be strictly equal:
            + actual - expected
            
            + undefined
            - 'proposal-1'
          code: 'ERR_ASSERTION'
          name: 'AssertionError'
          expected: 'proposal-1'
          operator: 'strictEqual'
          stack: |-
            TestContext.<anonymous> (file:///data/code/AgentHive/src/test/filesystem.test.ts:69:27)
            async Test.run (node:internal/test_runner/test:797:9)
            async Promise.all (index 0)
            async Suite.run (node:internal/test_runner/test:1135:7)
            async Suite.processPendingSubtests (node:internal/test_runner/test:526:7)
          ...
        # Subtest: should return null for non-existent proposal
        ok 2 - should return null for non-existent proposal
          ---
          duration_ms: 18.815405
          ...
        # Subtest: should list all proposals
        ok 3 - should list all proposals
          ---
          duration_ms: 58.244063
          ...
        # Subtest: should list proposals even when one file has invalid frontmatter
        ok 4 - should list proposals even when one file has invalid frontmatter
          ---
          duration_ms: 47.392218
          ...
        # Subtest: should include RFC-style proposal files and ignore non-proposal markdown
        ok 5 - should include RFC-style proposal files and ignore non-proposal markdown
          ---
          duration_ms: 54.128784
          ...
        # Subtest: should sort proposals numerically by ID
        ok 6 - should sort proposals numerically by ID
          ---
          duration_ms: 125.103011
          ...
        # Subtest: should sort proposals with decimal IDs correctly
        ok 7 - should sort proposals with decimal IDs correctly
          ---
          duration_ms: 99.677855
          ...
        # Subtest: should filter proposals by status and assignee
        ok 8 - should filter proposals by status and assignee
          ---
          duration_ms: 136.804425
          ...
        # Subtest: should archive a proposal
        not ok 9 - should archive a proposal
          ---
          duration_ms: 39.662951
          location: '/data/code/AgentHive/src/test/filesystem.test.ts:210:22'
          failureType: 'testCodeFailure'
          error: |-
            Expected values to be strictly equal:
            
            false !== true
            
          code: 'ERR_ASSERTION'
          name: 'AssertionError'
          expected: true
          actual: false
          operator: 'strictEqual'
          stack: |-
            TestContext.<anonymous> (file:///data/code/AgentHive/src/test/filesystem.test.ts:214:27)
            async Test.run (node:internal/test_runner/test:797:9)
            async Suite.processPendingSubtests (node:internal/test_runner/test:526:7)
          ...
        # Subtest: should archive RFC-style proposals without title suffix filenames
        not ok 10 - should archive RFC-style proposals without title suffix filenames
          ---
          duration_ms: 46.263122
          location: '/data/code/AgentHive/src/test/filesystem.test.ts:224:22'
          failureType: 'testCodeFailure'
          error: |-
            Expected values to be strictly equal:
            
            false !== true
            
          code: 'ERR_ASSERTION'
          name: 'AssertionError'
          expected: true
          actual: false
          operator: 'strictEqual'
          stack: |-
            TestContext.<anonymous> (file:///data/code/AgentHive/src/test/filesystem.test.ts:243:27)
            async Test.run (node:internal/test_runner/test:797:9)
            async Suite.processPendingSubtests (node:internal/test_runner/test:526:7)
          ...
        # Subtest: should demote a proposal to drafts with new draft- ID
        not ok 11 - should demote a proposal to drafts with new draft- ID
          ---
          duration_ms: 46.746985
          location: '/data/code/AgentHive/src/test/filesystem.test.ts:249:22'
          failureType: 'testCodeFailure'
          error: |-
            Expected values to be strictly equal:
            
            false !== true
            
          code: 'ERR_ASSERTION'
          name: 'AssertionError'
          expected: true
          actual: false
          operator: 'strictEqual'
          stack: |-
            TestContext.<anonymous> (file:///data/code/AgentHive/src/test/filesystem.test.ts:253:27)
            async Test.run (node:internal/test_runner/test:797:9)
            async Suite.processPendingSubtests (node:internal/test_runner/test:526:7)
          ...
        1..11
    not ok 2 - proposal operations
      ---
      duration_ms: 763.10112
      type: 'suite'
      location: '/data/code/AgentHive/src/test/filesystem.test.ts:51:26'
      failureType: 'subtestsFailed'
      error: '4 subtests failed'
      code: 'ERR_TEST_FAILURE'
      ...
    # Subtest: draft operations
        # Subtest: should save and load a draft
        ok 1 - should save and load a draft
          ---
          duration_ms: 74.149948
          ...
        # Subtest: should list all drafts
        ok 2 - should list all drafts
          ---
          duration_ms: 117.102972
          ...
        # Subtest: should promote a draft to proposals with new proposal- ID
        not ok 3 - should promote a draft to proposals with new proposal- ID
          ---
          duration_ms: 58.030383
          location: '/data/code/AgentHive/src/test/filesystem.test.ts:299:22'
          failureType: 'testCodeFailure'
          error: |-
            Expected values to be strictly equal:
            + actual - expected
            
            + undefined
            - 'proposal-1'
          code: 'ERR_ASSERTION'
          name: 'AssertionError'
          expected: 'proposal-1'
          operator: 'strictEqual'
          stack: |-
            TestContext.<anonymous> (file:///data/code/AgentHive/src/test/filesystem.test.ts:315:27)
            async Test.run (node:internal/test_runner/test:797:9)
            async Suite.processPendingSubtests (node:internal/test_runner/test:526:7)
          ...
        # Subtest: should promote draft with custom proposal prefix
        not ok 4 - should promote draft with custom proposal prefix
          ---
          duration_ms: 63.481228
          location: '/data/code/AgentHive/src/test/filesystem.test.ts:319:22'
          failureType: 'testCodeFailure'
          error: |-
            Expected values to be strictly equal:
            + actual - expected
            
            + undefined
            - 'JIRA-1'
          code: 'ERR_ASSERTION'
          name: 'AssertionError'
          expected: 'JIRA-1'
          operator: 'strictEqual'
          stack: |-
            TestContext.<anonymous> (file:///data/code/AgentHive/src/test/filesystem.test.ts:347:27)
            async Test.run (node:internal/test_runner/test:797:9)
            async Suite.processPendingSubtests (node:internal/test_runner/test:526:7)
          ...
        # Subtest: should not reuse completed proposal IDs when promoting draft
        not ok 5 - should not reuse completed proposal IDs when promoting draft
          ---
          duration_ms: 74.614344
          location: '/data/code/AgentHive/src/test/filesystem.test.ts:351:22'
          failureType: 'testCodeFailure'
          error: |-
            Expected values to be strictly equal:
            + actual - expected
            
            + undefined
            - 'proposal-2'
          code: 'ERR_ASSERTION'
          name: 'AssertionError'
          expected: 'proposal-2'
          operator: 'strictEqual'
          stack: |-
            TestContext.<anonymous> (file:///data/code/AgentHive/src/test/filesystem.test.ts:386:27)
            async Test.run (node:internal/test_runner/test:797:9)
            async Suite.processPendingSubtests (node:internal/test_runner/test:526:7)
          ...
        # Subtest: should archive a draft
        ok 6 - should archive a draft
          ---
          duration_ms: 73.665094
          ...
        1..6
    not ok 3 - draft operations
      ---
      duration_ms: 462.627744
      type: 'suite'
      location: '/data/code/AgentHive/src/test/filesystem.test.ts:270:26'
      failureType: 'subtestsFailed'
      error: '3 subtests failed'
      code: 'ERR_TEST_FAILURE'
      ...
    # Subtest: config operations
        # Subtest: should save and load config
        ok 1 - should save and load config
          ---
          duration_ms: 31.998303
          ...
        # Subtest: should return null for missing config
        ok 2 - should return null for missing config
          ---
          duration_ms: 22.544093
          ...
        # Subtest: should handle defaultReporter field
        ok 3 - should handle defaultReporter field
          ---
          duration_ms: 19.794103
          ...
        1..3
    ok 4 - config operations
      ---
      duration_ms: 75.027339
      type: 'suite'
      ...
    # Subtest: user config operations
        # Subtest: should save and load local and global user settings
        ok 1 - should save and load local and global user settings
          ---
          duration_ms: 38.783689
          ...
        1..1
    ok 5 - user config operations
      ---
      duration_ms: 39.369644
      type: 'suite'
      ...
    # Subtest: directory accessors
        # Subtest: should provide correct directory paths
        ok 1 - should provide correct directory paths
          ---
          duration_ms: 20.468646
          ...
        1..1
    ok 6 - directory accessors
      ---
      duration_ms: 20.777769
      type: 'suite'
      ...
    # Subtest: decision log operations
        # Subtest: should save and load a decision log
        ok 1 - should save and load a decision log
          ---
          duration_ms: 35.38973
          ...
        # Subtest: should return null for non-existent decision log
        ok 2 - should return null for non-existent decision log
          ---
          duration_ms: 24.822489
          ...
        # Subtest: should sanitize decision filenames
        ok 3 - should sanitize decision filenames
          ---
          duration_ms: 39.938098
          ...
        # Subtest: should save decision log with alternatives
        ok 4 - should save decision log with alternatives
          ---
          duration_ms: 33.455908
          ...
        # Subtest: should remove legacy decision filenames when resaving
        ok 5 - should remove legacy decision filenames when resaving
          ---
          duration_ms: 48.426776
          ...
        # Subtest: should list decision logs
        ok 6 - should list decision logs
          ---
          duration_ms: 45.755625
          ...
        1..6
    ok 7 - decision log operations
      ---
      duration_ms: 229.288795
      type: 'suite'
      ...
    # Subtest: document operations
        # Subtest: should save a document
        ok 1 - should save a document
          ---
          duration_ms: 41.883004
          ...
        # Subtest: should save document without optional fields
        ok 2 - should save document without optional fields
          ---
          duration_ms: 26.98146
          ...
        # Subtest: should sanitize document filenames
        ok 3 - should sanitize document filenames
          ---
          duration_ms: 32.63704
          ...
        # Subtest: removes the previous document file when the title changes
        not ok 4 - removes the previous document file when the title changes
          ---
          duration_ms: 61.199101
          location: '/data/code/AgentHive/src/test/filesystem.test.ts:598:22'
          failureType: 'testCodeFailure'
          error: '(0 , _nodeFs.globSync) is not a function'
          code: 'ERR_TEST_FAILURE'
          name: 'TypeError'
          stack: |-
            TestContext.<anonymous> (file:///data/code/AgentHive/src/test/filesystem.test.ts:608:30)
            async Test.run (node:internal/test_runner/test:797:9)
            async Suite.processPendingSubtests (node:internal/test_runner/test:526:7)
          ...
        # Subtest: should list documents
        ok 5 - should list documents
          ---
          duration_ms: 45.219661
          ...
        # Subtest: should include relative path metadata when listing documents
        ok 6 - should include relative path metadata when listing documents
          ---
          duration_ms: 19.603662
          ...
        # Subtest: should load documents using flexible ID formats
        not ok 7 - should load documents using flexible ID formats
          ---
          duration_ms: 36.514521
          location: '/data/code/AgentHive/src/test/filesystem.test.ts:637:22'
          failureType: 'testCodeFailure'
          error: '(0 , _nodeFs.globSync) is not a function'
          code: 'ERR_TEST_FAILURE'
          name: 'TypeError'
          stack: |-
            TestContext.<anonymous> (file:///data/code/AgentHive/src/test/filesystem.test.ts:659:30)
            async Test.run (node:internal/test_runner/test:797:9)
            async Suite.processPendingSubtests (node:internal/test_runner/test:526:7)
          ...
        1..7
    not ok 8 - document operations
      ---
      duration_ms: 266.047018
      type: 'suite'
      location: '/data/code/AgentHive/src/test/filesystem.test.ts:553:26'
      failureType: 'subtestsFailed'
      error: '2 subtests failed'
      code: 'ERR_TEST_FAILURE'
      ...
    # Subtest: edge cases
        # Subtest: should handle proposal with proposal- prefix in id
        not ok 1 - should handle proposal with proposal- prefix in id
          ---
          duration_ms: 53.472636
          location: '/data/code/AgentHive/src/test/filesystem.test.ts:667:22'
          failureType: 'testCodeFailure'
          error: |-
            Expected values to be strictly equal:
            + actual - expected
            
            + undefined
            - 'proposal-prefixed'
          code: 'ERR_ASSERTION'
          name: 'AssertionError'
          expected: 'proposal-prefixed'
          operator: 'strictEqual'
          stack: |-
            TestContext.<anonymous> (file:///data/code/AgentHive/src/test/filesystem.test.ts:682:27)
            async Test.run (node:internal/test_runner/test:797:9)
            async Promise.all (index 0)
            async Suite.run (node:internal/test_runner/test:1135:7)
            async Suite.processPendingSubtests (node:internal/test_runner/test:526:7)
          ...
        # Subtest: should handle proposal without proposal- prefix in id
        not ok 2 - should handle proposal without proposal- prefix in id
          ---
          duration_ms: 30.802257
          location: '/data/code/AgentHive/src/test/filesystem.test.ts:685:22'
          failureType: 'testCodeFailure'
          error: |-
            Expected values to be strictly equal:
            + actual - expected
            
            + undefined
            - 'proposal-123'
          code: 'ERR_ASSERTION'
          name: 'AssertionError'
          expected: 'proposal-123'
          operator: 'strictEqual'
          stack: |-
            TestContext.<anonymous> (file:///data/code/AgentHive/src/test/filesystem.test.ts:702:27)
            async Test.run (node:internal/test_runner/test:797:9)
            async Suite.processPendingSubtests (node:internal/test_runner/test:526:7)
          ...
        # Subtest: should preserve custom prefix in id
        not ok 3 - should preserve custom prefix in id
          ---
          duration_ms: 20.580935
          location: '/data/code/AgentHive/src/test/filesystem.test.ts:705:22'
          failureType: 'testCodeFailure'
          error: |-
            Expected values to be strictly equal:
            + actual - expected
            
            + undefined
            - 'JIRA-456'
          code: 'ERR_ASSERTION'
          name: 'AssertionError'
          expected: 'JIRA-456'
          operator: 'strictEqual'
          stack: |-
            TestContext.<anonymous> (file:///data/code/AgentHive/src/test/filesystem.test.ts:722:27)
            async Test.run (node:internal/test_runner/test:797:9)
            async Suite.processPendingSubtests (node:internal/test_runner/test:526:7)
          ...
        # Subtest: should return empty array when listing proposals in empty directory
        ok 4 - should return empty array when listing proposals in empty directory
          ---
          duration_ms: 22.328717
          ...
        # Subtest: should return false when archiving non-existent proposal
        ok 5 - should return false when archiving non-existent proposal
          ---
          duration_ms: 12.717341
          ...
        # Subtest: should handle config with all optional fields
        ok 6 - should handle config with all optional fields
          ---
          duration_ms: 8.601346
          ...
        # Subtest: should handle config with minimal fields
        ok 7 - should handle config with minimal fields
          ---
          duration_ms: 9.116226
          ...
        # Subtest: should sanitize filenames correctly
        not ok 8 - should sanitize filenames correctly
          ---
          duration_ms: 15.70469
          location: '/data/code/AgentHive/src/test/filesystem.test.ts:777:22'
          failureType: 'testCodeFailure'
          error: |-
            Expected values to be strictly equal:
            + actual - expected
            
            + undefined
            - 'Proposal/with\\special:chars?'
          code: 'ERR_ASSERTION'
          name: 'AssertionError'
          expected: 'Proposal/with\\special:chars?'
          operator: 'strictEqual'
          stack: |-
            TestContext.<anonymous> (file:///data/code/AgentHive/src/test/filesystem.test.ts:792:27)
            async Test.run (node:internal/test_runner/test:797:9)
            async Suite.processPendingSubtests (node:internal/test_runner/test:526:7)
          ...
        # Subtest: should preserve case in filenames
        not ok 9 - should preserve case in filenames
          ---
          duration_ms: 19.004061
          location: '/data/code/AgentHive/src/test/filesystem.test.ts:795:22'
          failureType: 'testCodeFailure'
          error: |-
            Expected values to be strictly equal:
            + actual - expected
            
            + undefined
            - 'Fix Proposal List Ordering'
          code: 'ERR_ASSERTION'
          name: 'AssertionError'
          expected: 'Fix Proposal List Ordering'
          operator: 'strictEqual'
          stack: |-
            TestContext.<anonymous> (file:///data/code/AgentHive/src/test/filesystem.test.ts:816:27)
            async Test.run (node:internal/test_runner/test:797:9)
            async Suite.processPendingSubtests (node:internal/test_runner/test:526:7)
          ...
        # Subtest: should strip punctuation from filenames
        ok 10 - should strip punctuation from filenames
          ---
          duration_ms: 14.759416
          ...
        # Subtest: should load proposals with legacy filenames containing punctuation
        not ok 11 - should load proposals with legacy filenames containing punctuation
          ---
          duration_ms: 28.646255
          location: '/data/code/AgentHive/src/test/filesystem.test.ts:838:22'
          failureType: 'testCodeFailure'
          error: |-
            Expected values to be strictly equal:
            + actual - expected
            
            + undefined
            - "Legacy user's login (OAuth)"
          code: 'ERR_ASSERTION'
          name: 'AssertionError'
          expected: "Legacy user's login (OAuth)"
          operator: 'strictEqual'
          stack: |-
            TestContext.<anonymous> (file:///data/code/AgentHive/src/test/filesystem.test.ts:860:27)
            async Test.run (node:internal/test_runner/test:797:9)
            async Suite.processPendingSubtests (node:internal/test_runner/test:526:7)
          ...
        # Subtest: should sanitize a variety of problematic proposal titles
        ok 12 - should sanitize a variety of problematic proposal titles
          ---
          duration_ms: 42.152289
          ...
        # Subtest: should avoid double dashes in filenames
        ok 13 - should avoid double dashes in filenames
          ---
          duration_ms: 17.332388
          ...
        1..13
    not ok 9 - edge cases
      ---
      duration_ms: 297.820836
      type: 'suite'
      location: '/data/code/AgentHive/src/test/filesystem.test.ts:666:26'
      failureType: 'subtestsFailed'
      error: '6 subtests failed'
      code: 'ERR_TEST_FAILURE'
      ...
    1..9
not ok 103 - FileSystem
  ---
  duration_ms: 2234.689021
  type: 'suite'
  location: '/data/code/AgentHive/src/test/filesystem.test.ts:15:24'
  failureType: 'subtestsFailed'
  error: '4 subtests failed'
  code: 'ERR_TEST_FAILURE'
  ...
# Subtest: resolveSearchHorizontalNavigation
    # Subtest: cycles immediately when search is empty
    ok 1 - cycles immediately when search is empty
      ---
      duration_ms: 2.365959
      ...
    # Subtest: cycles prev only when cursor is at the start boundary
    ok 2 - cycles prev only when cursor is at the start boundary
      ---
      duration_ms: 0.516715
      ...
    # Subtest: cycles next only when cursor is at the end boundary
    ok 3 - cycles next only when cursor is at the end boundary
      ---
      duration_ms: 0.440283
      ...
    1..3
ok 104 - resolveSearchHorizontalNavigation
  ---
  duration_ms: 6.079511
  type: 'suite'
  ...
# Subtest: Final Summary
    # Subtest: creates proposals with Final Summary and persists section markers
    not ok 1 - creates proposals with Final Summary and persists section markers
      ---
      duration_ms: 405.828519
      location: '/data/code/AgentHive/src/test/final-summary.test.ts:29:20'
      failureType: 'testCodeFailure'
      error: |-
        The expression evaluated to a falsy value:
        
          proposal.rawContent?.includes("## Final Summary")
        
      code: 'ERR_ASSERTION'
      name: 'AssertionError'
      expected: true
      actual: false
      operator: '=='
      stack: |-
        TestContext.<anonymous> (file:///data/code/AgentHive/src/test/final-summary.test.ts:36:25)
        async Test.run (node:internal/test_runner/test:797:9)
        async Promise.all (index 0)
        async Suite.run (node:internal/test_runner/test:1135:7)
        async Test.processPendingSubtests (node:internal/test_runner/test:526:7)
      ...
    # Subtest: sets, appends, and clears Final Summary via proposal edit operations
    not ok 2 - sets, appends, and clears Final Summary via proposal edit operations
      ---
      duration_ms: 222.071311
      location: '/data/code/AgentHive/src/test/final-summary.test.ts:42:20'
      failureType: 'testCodeFailure'
      error: 'Proposal not found: proposal-1'
      code: 'ERR_TEST_FAILURE'
      stack: |-
        Core.updateProposalFromInput (/data/code/AgentHive/src/core/roadmap.ts:2285:13)
        async TestContext.<anonymous> (file:///data/code/AgentHive/src/test/final-summary.test.ts:56:5)
        async Test.run (node:internal/test_runner/test:797:9)
        async Suite.processPendingSubtests (node:internal/test_runner/test:526:7)
      ...
    # Subtest: orders Final Summary after Implementation Notes
    not ok 3 - orders Final Summary after Implementation Notes
      ---
      duration_ms: 132.995623
      location: '/data/code/AgentHive/src/test/final-summary.test.ts:70:20'
      failureType: 'testCodeFailure'
      error: |-
        The expression evaluated to a falsy value:
        
          assert.ok(summaryIndex > notesIndex)
        
      code: 'ERR_ASSERTION'
      name: 'AssertionError'
      expected: true
      actual: false
      operator: '=='
      stack: |-
        TestContext.<anonymous> (file:///data/code/AgentHive/src/test/final-summary.test.ts:90:25)
        async Test.run (node:internal/test_runner/test:797:9)
        async Suite.processPendingSubtests (node:internal/test_runner/test:526:7)
      ...
    # Subtest: does not persist empty Final Summary sections
    ok 4 - does not persist empty Final Summary sections
      ---
      duration_ms: 244.352656
      ...
    # Subtest: ignores Final Summary examples nested inside Description
    ok 5 - ignores Final Summary examples nested inside Description
      ---
      duration_ms: 76.066003
      ...
    1..5
not ok 105 - Final Summary
  ---
  duration_ms: 1086.507873
  type: 'suite'
  location: '/data/code/AgentHive/src/test/final-summary.test.ts:13:24'
  failureType: 'subtestsFailed'
  error: '3 subtests failed'
  code: 'ERR_TEST_FAILURE'
  ...
# Subtest: findProposalInRemoteBranches
    # Subtest: should return null when git has no remotes
    ok 1 - should return null when git has no remotes
      ---
      duration_ms: 9.978055
      ...
    # Subtest: should return null when no branches exist
    ok 2 - should return null when no branches exist
      ---
      duration_ms: 0.806176
      ...
    # Subtest: should return null when proposal is not in any branch
    ok 3 - should return null when proposal is not in any branch
      ---
      duration_ms: 6.766445
      ...
    # Subtest: should find and load proposal from remote branch
    not ok 4 - should find and load proposal from remote branch
      ---
      duration_ms: 6.475627
      location: '/data/code/AgentHive/src/test/find-proposal-in-branches.test.ts:37:20'
      failureType: 'testCodeFailure'
      error: 'Expected "actual" to be strictly unequal to: null'
      code: 'ERR_ASSERTION'
      name: 'AssertionError'
      expected: ~
      actual: ~
      operator: 'notStrictEqual'
      stack: |-
        TestContext.<anonymous> (file:///data/code/AgentHive/src/test/find-proposal-in-branches.test.ts:62:25)
        async Test.run (node:internal/test_runner/test:797:9)
        async Suite.processPendingSubtests (node:internal/test_runner/test:526:7)
      ...
    1..4
not ok 106 - findProposalInRemoteBranches
  ---
  duration_ms: 30.610794
  type: 'suite'
  location: '/data/code/AgentHive/src/test/find-proposal-in-branches.test.ts:8:24'
  failureType: 'subtestsFailed'
  error: '1 subtest failed'
  code: 'ERR_TEST_FAILURE'
  ...
# Subtest: findProposalInLocalBranches
    # Subtest: should return null when on detached HEAD
    ok 1 - should return null when on detached HEAD
      ---
      duration_ms: 0.865434
      ...
    # Subtest: should return null when only current branch exists
    ok 2 - should return null when only current branch exists
      ---
      duration_ms: 6.595248
      ...
    # Subtest: should find and load proposal from another local branch
    not ok 3 - should find and load proposal from another local branch
      ---
      duration_ms: 5.141535
      location: '/data/code/AgentHive/src/test/find-proposal-in-branches.test.ts:87:20'
      failureType: 'testCodeFailure'
      error: 'Expected "actual" to be strictly unequal to: null'
      code: 'ERR_ASSERTION'
      name: 'AssertionError'
      expected: ~
      actual: ~
      operator: 'notStrictEqual'
      stack: |-
        TestContext.<anonymous> (file:///data/code/AgentHive/src/test/find-proposal-in-branches.test.ts:112:25)
        async Test.run (node:internal/test_runner/test:797:9)
        async Suite.processPendingSubtests (node:internal/test_runner/test:526:7)
      ...
    1..3
not ok 107 - findProposalInLocalBranches
  ---
  duration_ms: 15.563197
  type: 'suite'
  location: '/data/code/AgentHive/src/test/find-proposal-in-branches.test.ts:69:24'
  failureType: 'subtestsFailed'
  error: '1 subtest failed'
  code: 'ERR_TEST_FAILURE'
  ...
# Subtest: findRoadmapRoot
    # Subtest: should find root when roadmap/ directory exists at start dir
    ok 1 - should find root when roadmap/ directory exists at start dir
      ---
      duration_ms: 18.786998
      ...
    # Subtest: should find root when roadmap.json exists at start dir
    ok 2 - should find root when roadmap.json exists at start dir
      ---
      duration_ms: 6.104424
      ...
    # Subtest: should find root from a subfolder
    ok 3 - should find root from a subfolder
      ---
      duration_ms: 7.99951
      ...
    # Subtest: should find root from deeply nested subfolder
    ok 4 - should find root from deeply nested subfolder
      ---
      duration_ms: 10.021695
      ...
    # Subtest: should return null when no roadmap project found
    ok 5 - should return null when no roadmap project found
      ---
      duration_ms: 29.945091
      ...
    # Subtest: should prefer roadmap/ directory over git root
    ok 6 - should prefer roadmap/ directory over git root
      ---
      duration_ms: 40.324073
      ...
    # Subtest: should find git root with roadmap as fallback
    ok 7 - should find git root with roadmap as fallback
      ---
      duration_ms: 30.781189
      ...
    # Subtest: should not use git root if it has no roadmap setup
    ok 8 - should not use git root if it has no roadmap setup
      ---
      duration_ms: 69.245492
      ...
    # Subtest: should handle nested git repos - find nearest roadmap root
    ok 9 - should handle nested git repos - find nearest roadmap root
      ---
      duration_ms: 76.937101
      ...
    # Subtest: should handle roadmap/ with roadmap.yaml
    ok 10 - should handle roadmap/ with roadmap.yaml
      ---
      duration_ms: 10.871748
      ...
    1..10
ok 108 - findRoadmapRoot
  ---
  duration_ms: 305.234352
  type: 'suite'
  ...
# Subtest: formatFooterContent
    # Subtest: keeps footer on one line when terminal width is sufficient
    ok 1 - keeps footer on one line when terminal width is sufficient
      ---
      duration_ms: 2.92303
      ...
    # Subtest: wraps footer into two lines by splitting on separators
    ok 2 - wraps footer into two lines by splitting on separators
      ---
      duration_ms: 0.553609
      ...
    # Subtest: fills the first line progressively so the second line grows as width shrinks
    ok 3 - fills the first line progressively so the second line grows as width shrinks
      ---
      duration_ms: 0.437744
      ...
    # Subtest: returns original content for messages without separators
    ok 4 - returns original content for messages without separators
      ---
      duration_ms: 3.519189
      ...
    1..4
ok 109 - formatFooterContent
  ---
  duration_ms: 10.065129
  type: 'suite'
  ...
# Subtest: Git Operations
    # Subtest: isGitRepository
        # Subtest: should return true for current directory (which is a git repo)
        ok 1 - should return true for current directory (which is a git repo)
          ---
          duration_ms: 30.626087
          ...
        # Subtest: should return false for /tmp directory
        ok 2 - should return false for /tmp directory
          ---
          duration_ms: 37.398158
          ...
        1..2
    ok 1 - isGitRepository
      ---
      duration_ms: 74.173187
      type: 'suite'
      ...
    # Subtest: GitOperations instantiation
        # Subtest: should create GitOperations instance
        ok 1 - should create GitOperations instance
          ---
          duration_ms: 0.603975
          ...
        1..1
    ok 2 - GitOperations instantiation
      ---
      duration_ms: 0.92473
      type: 'suite'
      ...
    1..2
ok 110 - Git Operations
  ---
  duration_ms: 76.355577
  type: 'suite'
  ...
# Subtest: Heading component
    # Subtest: getHeadingStyle
        # Subtest: should return correct style for level 1
        ok 1 - should return correct style for level 1
          ---
          duration_ms: 2.605464
          ...
        # Subtest: should return correct style for level 2
        ok 2 - should return correct style for level 2
          ---
          duration_ms: 0.652699
          ...
        # Subtest: should return correct style for level 3
        ok 3 - should return correct style for level 3
          ---
          duration_ms: 1.692873
          ...
        1..3
    ok 1 - getHeadingStyle
      ---
      duration_ms: 7.372292
      type: 'suite'
      ...
    # Subtest: formatHeading
        # Subtest: should format level 1 heading with bold and bright-white
        ok 1 - should format level 1 heading with bold and bright-white
          ---
          duration_ms: 0.969406
          ...
        # Subtest: should format level 2 heading with cyan
        ok 2 - should format level 2 heading with cyan
          ---
          duration_ms: 0.347713
          ...
        # Subtest: should format level 3 heading with white
        ok 3 - should format level 3 heading with white
          ---
          duration_ms: 0.411743
          ...
        # Subtest: should handle empty text
        ok 4 - should handle empty text
          ---
          duration_ms: 0.354313
          ...
        # Subtest: should handle special characters
        ok 5 - should handle special characters
          ---
          duration_ms: 0.340533
          ...
        1..5
    ok 2 - formatHeading
      ---
      duration_ms: 5.383208
      type: 'suite'
      ...
    # Subtest: heading levels
        # Subtest: should accept valid heading levels
        ok 1 - should accept valid heading levels
          ---
          duration_ms: 2.006157
          ...
        # Subtest: should have distinct styles for each level
        ok 2 - should have distinct styles for each level
          ---
          duration_ms: 4.155187
          ...
        1..2
    ok 3 - heading levels
      ---
      duration_ms: 6.693774
      type: 'suite'
      ...
    # Subtest: blessed tag formatting
        # Subtest: should produce valid blessed tags
        ok 1 - should produce valid blessed tags
          ---
          duration_ms: 9.066506
          ...
        1..1
    ok 4 - blessed tag formatting
      ---
      duration_ms: 9.8183
      type: 'suite'
      ...
    1..4
ok 111 - Heading component
  ---
  duration_ms: 33.107114
  type: 'suite'
  ...
# Subtest: Heartbeat & Stale Agent Recovery
    # Subtest: AC \#4: Heartbeat signal recording
        # Subtest: should record heartbeat timestamp in claim metadata
        not ok 1 - should record heartbeat timestamp in claim metadata
          ---
          duration_ms: 1273.313909
          location: '/data/code/AgentHive/src/test/heartbeat-recovery.test.ts:35:24'
          failureType: 'testCodeFailure'
          error: 'Proposal not found: PROPOSAL-1'
          code: 'ERR_TEST_FAILURE'
          stack: |-
            Core.executeClaimProposal (/data/code/AgentHive/src/core/roadmap.ts:2658:26)
            async /data/code/AgentHive/src/core/roadmap.ts:2645:14
            async FileLock.withLock (/data/code/AgentHive/src/utils/file-lock.ts:96:14)
            async Core.claimProposal (/data/code/AgentHive/src/core/roadmap.ts:2644:12)
            async TestContext.<anonymous> (file:///data/code/AgentHive/src/test/heartbeat-recovery.test.ts:37:9)
            async Test.run (node:internal/test_runner/test:797:9)
            async Promise.all (index 0)
            async Suite.run (node:internal/test_runner/test:1135:7)
            async Promise.all (index 0)
            async Suite.run (node:internal/test_runner/test:1135:7)
          ...
        1..1
    not ok 1 - AC \#4: Heartbeat signal recording
      ---
      duration_ms: 1277.205104
      type: 'suite'
      location: '/data/code/AgentHive/src/test/heartbeat-recovery.test.ts:34:28'
      failureType: 'subtestsFailed'
      error: '1 subtest failed'
      code: 'ERR_TEST_FAILURE'
      stack: |-
        async Promise.all (index 0)
      ...
    # Subtest: AC \#5: Configurable heartbeat interval
        # Subtest: should use default heartbeat interval from config
        ok 1 - should use default heartbeat interval from config
          ---
          duration_ms: 16.471595
          ...
        # Subtest: should validate heartbeat interval against claim expiry
        not ok 2 - should validate heartbeat interval against claim expiry
          ---
          duration_ms: 1089.087349
          location: '/data/code/AgentHive/src/test/heartbeat-recovery.test.ts:57:24'
          failureType: 'testCodeFailure'
          error: 'Proposal not found: PROPOSAL-1'
          code: 'ERR_TEST_FAILURE'
          stack: |-
            Core.executeClaimProposal (/data/code/AgentHive/src/core/roadmap.ts:2658:26)
            async /data/code/AgentHive/src/core/roadmap.ts:2645:14
            async FileLock.withLock (/data/code/AgentHive/src/utils/file-lock.ts:96:14)
            async Core.claimProposal (/data/code/AgentHive/src/core/roadmap.ts:2644:12)
            async TestContext.<anonymous> (file:///data/code/AgentHive/src/test/heartbeat-recovery.test.ts:60:9)
            async Test.run (node:internal/test_runner/test:797:9)
            async Suite.processPendingSubtests (node:internal/test_runner/test:526:7)
          ...
        1..2
    not ok 2 - AC \#5: Configurable heartbeat interval
      ---
      duration_ms: 1106.906699
      type: 'suite'
      location: '/data/code/AgentHive/src/test/heartbeat-recovery.test.ts:49:28'
      failureType: 'subtestsFailed'
      error: '1 subtest failed'
      code: 'ERR_TEST_FAILURE'
      ...
    # Subtest: AC \#6: proposal_prune_claims removes stale claims
        # Subtest: should prune claims exceeding heartbeat timeout
        not ok 1 - should prune claims exceeding heartbeat timeout
          ---
          duration_ms: 2242.273462
          location: '/data/code/AgentHive/src/test/heartbeat-recovery.test.ts:69:24'
          failureType: 'testCodeFailure'
          error: 'Proposal not found: PROPOSAL-1'
          code: 'ERR_TEST_FAILURE'
          stack: |-
            Core.updateProposalFromInput (/data/code/AgentHive/src/core/roadmap.ts:2285:13)
            async TestContext.<anonymous> (file:///data/code/AgentHive/src/test/heartbeat-recovery.test.ts:81:9)
            async Test.run (node:internal/test_runner/test:797:9)
            async Promise.all (index 0)
            async Suite.run (node:internal/test_runner/test:1135:7)
            async Suite.processPendingSubtests (node:internal/test_runner/test:526:7)
          ...
        # Subtest: should keep claims with recent heartbeats
        not ok 2 - should keep claims with recent heartbeats
          ---
          duration_ms: 2486.95415
          location: '/data/code/AgentHive/src/test/heartbeat-recovery.test.ts:92:24'
          failureType: 'testCodeFailure'
          error: 'Proposal not found: PROPOSAL-1'
          code: 'ERR_TEST_FAILURE'
          stack: |-
            Core.updateProposalFromInput (/data/code/AgentHive/src/core/roadmap.ts:2285:13)
            async TestContext.<anonymous> (file:///data/code/AgentHive/src/test/heartbeat-recovery.test.ts:105:9)
            async Test.run (node:internal/test_runner/test:797:9)
            async Suite.processPendingSubtests (node:internal/test_runner/test:526:7)
          ...
        1..2
    not ok 3 - AC \#6: proposal_prune_claims removes stale claims
      ---
      duration_ms: 4731.113648
      type: 'suite'
      location: '/data/code/AgentHive/src/test/heartbeat-recovery.test.ts:68:28'
      failureType: 'subtestsFailed'
      error: '2 subtests failed'
      code: 'ERR_TEST_FAILURE'
      ...
    # Subtest: AC \#7: proposal_pickup skips stale agents
        # Subtest: should not pick up proposals claimed by stale agents (claim valid but heartbeat stale)
        not ok 1 - should not pick up proposals claimed by stale agents (claim valid but heartbeat stale)
          ---
          duration_ms: 1230.640811
          location: '/data/code/AgentHive/src/test/heartbeat-recovery.test.ts:118:24'
          failureType: 'testCodeFailure'
          error: 'Invalid status: Potential. Valid statuses are: Draft, Review, Building, Accepted, Complete, Rejected, Abandoned, Replaced'
          code: 'ERR_TEST_FAILURE'
          stack: |-
            Core.requireCanonicalStatus (/data/code/AgentHive/src/core/roadmap.ts:416:11)
            process.processTicksAndRejections (node:internal/process/task_queues:95:5)
            async Core.createProposalFromInput (/data/code/AgentHive/src/core/roadmap.ts:1356:18)
            async TestContext.<anonymous> (file:///data/code/AgentHive/src/test/heartbeat-recovery.test.ts:119:30)
            async Test.run (node:internal/test_runner/test:797:9)
            async Promise.all (index 0)
            async Suite.run (node:internal/test_runner/test:1135:7)
            async Suite.processPendingSubtests (node:internal/test_runner/test:526:7)
          ...
        1..1
    not ok 4 - AC \#7: proposal_pickup skips stale agents
      ---
      duration_ms: 1231.707308
      type: 'suite'
      location: '/data/code/AgentHive/src/test/heartbeat-recovery.test.ts:117:28'
      failureType: 'subtestsFailed'
      error: '1 subtest failed'
      code: 'ERR_TEST_FAILURE'
      ...
    # Subtest: AC \#8 & \#9: Stale agent recovery / simulated crash
        # Subtest: should allow recovery after agent crash (no heartbeat)
        not ok 1 - should allow recovery after agent crash (no heartbeat)
          ---
          duration_ms: 1283.473409
          location: '/data/code/AgentHive/src/test/heartbeat-recovery.test.ts:147:24'
          failureType: 'testCodeFailure'
          error: 'Invalid status: Potential. Valid statuses are: Draft, Review, Building, Accepted, Complete, Rejected, Abandoned, Replaced'
          code: 'ERR_TEST_FAILURE'
          stack: |-
            Core.requireCanonicalStatus (/data/code/AgentHive/src/core/roadmap.ts:416:11)
            async Core.createProposalFromInput (/data/code/AgentHive/src/core/roadmap.ts:1356:18)
            async TestContext.<anonymous> (file:///data/code/AgentHive/src/test/heartbeat-recovery.test.ts:148:30)
            async Test.run (node:internal/test_runner/test:797:9)
            async Promise.all (index 0)
            async Suite.run (node:internal/test_runner/test:1135:7)
            async Suite.processPendingSubtests (node:internal/test_runner/test:526:7)
          ...
        1..1
    not ok 5 - AC \#8 & \#9: Stale agent recovery / simulated crash
      ---
      duration_ms: 1284.348591
      type: 'suite'
      location: '/data/code/AgentHive/src/test/heartbeat-recovery.test.ts:146:28'
      failureType: 'subtestsFailed'
      error: '1 subtest failed'
      code: 'ERR_TEST_FAILURE'
      ...
    # Subtest: AC \#10: proposal_renew resets heartbeat atomically
        # Subtest: should reset heartbeat timestamp on renewal
        not ok 1 - should reset heartbeat timestamp on renewal
          ---
          duration_ms: 1376.692435
          location: '/data/code/AgentHive/src/test/heartbeat-recovery.test.ts:180:24'
          failureType: 'testCodeFailure'
          error: 'Proposal not found: PROPOSAL-1'
          code: 'ERR_TEST_FAILURE'
          stack: |-
            Core.executeClaimProposal (/data/code/AgentHive/src/core/roadmap.ts:2658:26)
            async /data/code/AgentHive/src/core/roadmap.ts:2645:14
            async FileLock.withLock (/data/code/AgentHive/src/utils/file-lock.ts:96:14)
            async Core.claimProposal (/data/code/AgentHive/src/core/roadmap.ts:2644:12)
            async TestContext.<anonymous> (file:///data/code/AgentHive/src/test/heartbeat-recovery.test.ts:182:9)
            async Test.run (node:internal/test_runner/test:797:9)
            async Promise.all (index 0)
            async Suite.run (node:internal/test_runner/test:1135:7)
            async Suite.processPendingSubtests (node:internal/test_runner/test:526:7)
          ...
        # Subtest: should extend expiry from NOW, not from original expiry
        not ok 2 - should extend expiry from NOW, not from original expiry
          ---
          duration_ms: 2518.354127
          location: '/data/code/AgentHive/src/test/heartbeat-recovery.test.ts:199:24'
          failureType: 'testCodeFailure'
          error: 'Proposal not found: PROPOSAL-1'
          code: 'ERR_TEST_FAILURE'
          stack: |-
            Core.updateProposalFromInput (/data/code/AgentHive/src/core/roadmap.ts:2285:13)
            async TestContext.<anonymous> (file:///data/code/AgentHive/src/test/heartbeat-recovery.test.ts:212:9)
            async Test.run (node:internal/test_runner/test:797:9)
            async Suite.processPendingSubtests (node:internal/test_runner/test:526:7)
          ...
        1..2
    not ok 6 - AC \#10: proposal_renew resets heartbeat atomically
      ---
      duration_ms: 3898.310044
      type: 'suite'
      location: '/data/code/AgentHive/src/test/heartbeat-recovery.test.ts:179:28'
      failureType: 'subtestsFailed'
      error: '2 subtests failed'
      code: 'ERR_TEST_FAILURE'
      ...
    1..6
not ok 112 - Heartbeat & Stale Agent Recovery
  ---
  duration_ms: 13533.103043
  type: 'suite'
  location: '/data/code/AgentHive/src/test/heartbeat-recovery.test.ts:29:27'
  failureType: 'subtestsFailed'
  error: '6 subtests failed'
  code: 'ERR_TEST_FAILURE'
  ...
# Subtest: Proposal ID Generation with Archives
    # Subtest: should reuse IDs from archived proposals (soft delete behavior)
    not ok 1 - should reuse IDs from archived proposals (soft delete behavior)
      ---
      duration_ms: 602.058882
      location: '/data/code/AgentHive/src/test/id-generation.test.ts:31:20'
      failureType: 'testCodeFailure'
      error: |-
        Expected values to be strictly equal:
        
        5 !== 0
        
      code: 'ERR_ASSERTION'
      name: 'AssertionError'
      expected: 0
      actual: 5
      operator: 'strictEqual'
      stack: |-
        TestContext.<anonymous> (file:///data/code/AgentHive/src/test/id-generation.test.ts:48:25)
        async Test.run (node:internal/test_runner/test:797:9)
        async Promise.all (index 0)
        async Suite.run (node:internal/test_runner/test:1135:7)
        async Test.processPendingSubtests (node:internal/test_runner/test:526:7)
      ...
    # Subtest: should consider completed proposals but not archived proposals for ID generation
    not ok 2 - should consider completed proposals but not archived proposals for ID generation
      ---
      duration_ms: 62.419538
      location: '/data/code/AgentHive/src/test/id-generation.test.ts:60:20'
      failureType: 'testCodeFailure'
      error: 'Invalid status: Potential. Valid statuses are: Draft, Review, Building, Accepted, Complete, Rejected, Abandoned, Replaced'
      code: 'ERR_TEST_FAILURE'
      stack: |-
        Core.requireCanonicalStatus (/data/code/AgentHive/src/core/roadmap.ts:416:11)
        process.processTicksAndRejections (node:internal/process/task_queues:95:5)
        async Core.createProposalFromInput (/data/code/AgentHive/src/core/roadmap.ts:1356:18)
        async TestContext.<anonymous> (file:///data/code/AgentHive/src/test/id-generation.test.ts:62:5)
        async Test.run (node:internal/test_runner/test:797:9)
        async Suite.processPendingSubtests (node:internal/test_runner/test:526:7)
      ...
    # Subtest: should handle subproposals correctly with archived parents
    not ok 3 - should handle subproposals correctly with archived parents
      ---
      duration_ms: 393.756281
      location: '/data/code/AgentHive/src/test/id-generation.test.ts:91:20'
      failureType: 'testCodeFailure'
      error: |-
        Expected values to be strictly equal:
        + actual - expected
        
        + 'PROPOSAL-2'
        - 'proposal-1'
      code: 'ERR_ASSERTION'
      name: 'AssertionError'
      expected: 'proposal-1'
      actual: 'PROPOSAL-2'
      operator: 'strictEqual'
      stack: |-
        TestContext.<anonymous> (file:///data/code/AgentHive/src/test/id-generation.test.ts:109:25)
        async Test.run (node:internal/test_runner/test:797:9)
        async Suite.processPendingSubtests (node:internal/test_runner/test:526:7)
      ...
    # Subtest: should work with zero-padded IDs and reuse archived IDs
    not ok 4 - should work with zero-padded IDs and reuse archived IDs
      ---
      duration_ms: 5172.974648
      location: '/data/code/AgentHive/src/test/id-generation.test.ts:116:20'
      failureType: 'testCodeFailure'
      error: |-
        Expected values to be strictly equal:
        + actual - expected
        
        + 'PROPOSAL-002'
        - 'proposal-001'
      code: 'ERR_ASSERTION'
      name: 'AssertionError'
      expected: 'proposal-001'
      actual: 'PROPOSAL-002'
      operator: 'strictEqual'
      stack: |-
        TestContext.<anonymous> (file:///data/code/AgentHive/src/test/id-generation.test.ts:133:25)
        async Test.run (node:internal/test_runner/test:797:9)
        async Suite.processPendingSubtests (node:internal/test_runner/test:526:7)
      ...
    # Subtest: should detect existing subproposals with different casing (legacy data)
    ok 5 - should detect existing subproposals with different casing (legacy data)
      ---
      duration_ms: 135.427458
      ...
    1..5
not ok 113 - Proposal ID Generation with Archives
  ---
  duration_ms: 6370.486566
  type: 'suite'
  location: '/data/code/AgentHive/src/test/id-generation.test.ts:13:24'
  failureType: 'subtestsFailed'
  error: '4 subtests failed'
  code: 'ERR_TEST_FAILURE'
  ...
# Subtest: Implementation Notes - append
    # Subtest: appends to existing Implementation Notes with single blank line
    not ok 1 - appends to existing Implementation Notes with single blank line
      ---
      duration_ms: 214.027619
      location: '/data/code/AgentHive/src/test/implementation-notes-append.test.ts:31:20'
      failureType: 'testCodeFailure'
      error: |-
        Expected values to be strictly equal:
        
        9 !== 0
        
      code: 'ERR_ASSERTION'
      name: 'AssertionError'
      expected: 0
      actual: 9
      operator: 'strictEqual'
      stack: |-
        TestContext.<anonymous> (file:///data/code/AgentHive/src/test/implementation-notes-append.test.ts:47:25)
        async Test.run (node:internal/test_runner/test:797:9)
        async Promise.all (index 0)
        async Suite.run (node:internal/test_runner/test:1135:7)
        async Test.processPendingSubtests (node:internal/test_runner/test:526:7)
      ...
    # Subtest: creates Implementation Notes at correct position when missing (after plan, else AC, else Description)
    not ok 2 - creates Implementation Notes at correct position when missing (after plan, else AC, else Description)
      ---
      duration_ms: 178.025154
      location: '/data/code/AgentHive/src/test/implementation-notes-append.test.ts:53:20'
      failureType: 'testCodeFailure'
      error: |-
        Expected values to be strictly equal:
        
        9 !== 0
        
      code: 'ERR_ASSERTION'
      name: 'AssertionError'
      expected: 0
      actual: 9
      operator: 'strictEqual'
      stack: |-
        TestContext.<anonymous> (file:///data/code/AgentHive/src/test/implementation-notes-append.test.ts:70:25)
        async Test.run (node:internal/test_runner/test:797:9)
        async Suite.processPendingSubtests (node:internal/test_runner/test:526:7)
      ...
    # Subtest: supports multiple --append-notes flags in order
    not ok 3 - supports multiple --append-notes flags in order
      ---
      duration_ms: 121.820777
      location: '/data/code/AgentHive/src/test/implementation-notes-append.test.ts:79:20'
      failureType: 'testCodeFailure'
      error: |-
        Expected values to be strictly equal:
        
        9 !== 0
        
      code: 'ERR_ASSERTION'
      name: 'AssertionError'
      expected: 0
      actual: 9
      operator: 'strictEqual'
      stack: |-
        TestContext.<anonymous> (file:///data/code/AgentHive/src/test/implementation-notes-append.test.ts:94:25)
        async Test.run (node:internal/test_runner/test:797:9)
        async Suite.processPendingSubtests (node:internal/test_runner/test:526:7)
      ...
    # Subtest: edit --append-notes works and allows combining with --notes
    not ok 4 - edit --append-notes works and allows combining with --notes
      ---
      duration_ms: 72.828919
      location: '/data/code/AgentHive/src/test/implementation-notes-append.test.ts:100:20'
      failureType: 'testCodeFailure'
      error: |-
        Expected values to be strictly equal:
        
        9 !== 0
        
      code: 'ERR_ASSERTION'
      name: 'AssertionError'
      expected: 0
      actual: 9
      operator: 'strictEqual'
      stack: |-
        TestContext.<anonymous> (file:///data/code/AgentHive/src/test/implementation-notes-append.test.ts:102:25)
        Test.runInAsyncScope (node:async_hooks:206:9)
        Test.run (node:internal/test_runner/test:796:25)
        async Suite.processPendingSubtests (node:internal/test_runner/test:526:7)
      ...
    1..4
not ok 114 - Implementation Notes - append
  ---
  duration_ms: 591.550398
  type: 'suite'
  location: '/data/code/AgentHive/src/test/implementation-notes-append.test.ts:15:24'
  failureType: 'subtestsFailed'
  error: '4 subtests failed'
  code: 'ERR_TEST_FAILURE'
  ...
# Subtest: Implementation Notes CLI
    # Subtest: proposal create with implementation notes
        # Subtest: should handle all proposal creation scenarios with implementation notes
        not ok 1 - should handle all proposal creation scenarios with implementation notes
          ---
          duration_ms: 150.66124
          location: '/data/code/AgentHive/src/test/implementation-notes.test.ts:37:22'
          failureType: 'testCodeFailure'
          error: |-
            Expected values to be strictly equal:
            
            9 !== 0
            
          code: 'ERR_ASSERTION'
          name: 'AssertionError'
          expected: 0
          actual: 9
          operator: 'strictEqual'
          stack: |-
            TestContext.<anonymous> (file:///data/code/AgentHive/src/test/implementation-notes.test.ts:41:27)
            Test.runInAsyncScope (node:async_hooks:206:9)
            Test.run (node:internal/test_runner/test:796:25)
            async Promise.all (index 0)
            async Suite.run (node:internal/test_runner/test:1135:7)
            async Promise.all (index 0)
            async Suite.run (node:internal/test_runner/test:1135:7)
            async Test.processPendingSubtests (node:internal/test_runner/test:526:7)
          ...
        1..1
    not ok 1 - proposal create with implementation notes
      ---
      duration_ms: 154.765963
      type: 'suite'
      location: '/data/code/AgentHive/src/test/implementation-notes.test.ts:36:26'
      failureType: 'subtestsFailed'
      error: '1 subtest failed'
      code: 'ERR_TEST_FAILURE'
      stack: |-
        async Promise.all (index 0)
      ...
# COMMAND FAILED stderr: Proposal proposal-1 not found
    # Subtest: proposal edit with implementation notes
        # Subtest: should handle all implementation notes scenarios
        not ok 1 - should handle all implementation notes scenarios
          ---
          duration_ms: 173.908324
          location: '/data/code/AgentHive/src/test/implementation-notes.test.ts:102:22'
          failureType: 'testCodeFailure'
          error: |-
            Expected values to be strictly equal:
            
            1 !== 0
            
          code: 'ERR_ASSERTION'
          name: 'AssertionError'
          expected: 0
          actual: 1
          operator: 'strictEqual'
          stack: |-
            TestContext.<anonymous> (file:///data/code/AgentHive/src/test/implementation-notes.test.ts:126:27)
            async Test.run (node:internal/test_runner/test:797:9)
            async Promise.all (index 0)
            async Suite.run (node:internal/test_runner/test:1135:7)
            async Suite.processPendingSubtests (node:internal/test_runner/test:526:7)
          ...
        # Subtest: preserves nested H2 headings when migrating legacy implementation notes
        not ok 2 - preserves nested H2 headings when migrating legacy implementation notes
          ---
          duration_ms: 98.867635
          location: '/data/code/AgentHive/src/test/implementation-notes.test.ts:305:22'
          failureType: 'testCodeFailure'
          error: |-
            Expected values to be strictly equal:
            
            9 !== 0
            
          code: 'ERR_ASSERTION'
          name: 'AssertionError'
          expected: 0
          actual: 9
          operator: 'strictEqual'
          stack: |-
            TestContext.<anonymous> (file:///data/code/AgentHive/src/test/implementation-notes.test.ts:321:27)
            async Test.run (node:internal/test_runner/test:797:9)
            async Suite.processPendingSubtests (node:internal/test_runner/test:526:7)
          ...
        1..2
    not ok 2 - proposal edit with implementation notes
      ---
      duration_ms: 274.012164
      type: 'suite'
      location: '/data/code/AgentHive/src/test/implementation-notes.test.ts:101:26'
      failureType: 'subtestsFailed'
      error: '2 subtests failed'
      code: 'ERR_TEST_FAILURE'
      ...
    1..2
not ok 115 - Implementation Notes CLI
  ---
  duration_ms: 430.17938
  type: 'suite'
  location: '/data/code/AgentHive/src/test/implementation-notes.test.ts:16:24'
  failureType: 'subtestsFailed'
  error: '2 subtests failed'
  code: 'ERR_TEST_FAILURE'
  ...
# Subtest: Implementation Plan CLI
    # Subtest: proposal create with implementation plan
        # Subtest: should handle all proposal creation scenarios with implementation plans
        not ok 1 - should handle all proposal creation scenarios with implementation plans
          ---
          duration_ms: 169.828436
          location: '/data/code/AgentHive/src/test/implementation-plan.test.ts:33:22'
          failureType: 'testCodeFailure'
          error: |-
            Expected values to be strictly equal:
            
            9 !== 0
            
          code: 'ERR_ASSERTION'
          name: 'AssertionError'
          expected: 0
          actual: 9
          operator: 'strictEqual'
          stack: |-
            TestContext.<anonymous> (file:///data/code/AgentHive/src/test/implementation-plan.test.ts:37:27)
            Test.runInAsyncScope (node:async_hooks:206:9)
            Test.run (node:internal/test_runner/test:796:25)
            async Promise.all (index 0)
            async Suite.run (node:internal/test_runner/test:1135:7)
            async Promise.all (index 0)
            async Suite.run (node:internal/test_runner/test:1135:7)
            async Test.processPendingSubtests (node:internal/test_runner/test:526:7)
          ...
        1..1
    not ok 1 - proposal create with implementation plan
      ---
      duration_ms: 176.255631
      type: 'suite'
      location: '/data/code/AgentHive/src/test/implementation-plan.test.ts:32:26'
      failureType: 'subtestsFailed'
      error: '1 subtest failed'
      code: 'ERR_TEST_FAILURE'
      stack: |-
        async Promise.all (index 0)
      ...
    # Subtest: proposal edit with implementation plan
        # Subtest: should handle all proposal editing scenarios with implementation plans
        not ok 1 - should handle all proposal editing scenarios with implementation plans
          ---
          duration_ms: 136.78288
          location: '/data/code/AgentHive/src/test/implementation-plan.test.ts:103:22'
          failureType: 'testCodeFailure'
          error: |-
            Expected values to be strictly equal:
            
            1 !== 0
            
          code: 'ERR_ASSERTION'
          name: 'AssertionError'
          expected: 0
          actual: 1
          operator: 'strictEqual'
          stack: |-
            TestContext.<anonymous> (file:///data/code/AgentHive/src/test/implementation-plan.test.ts:106:27)
            async Test.run (node:internal/test_runner/test:797:9)
            async Promise.all (index 0)
            async Suite.run (node:internal/test_runner/test:1135:7)
            async Suite.processPendingSubtests (node:internal/test_runner/test:526:7)
          ...
        1..1
    not ok 2 - proposal edit with implementation plan
      ---
      duration_ms: 137.688689
      type: 'suite'
      location: '/data/code/AgentHive/src/test/implementation-plan.test.ts:85:26'
      failureType: 'subtestsFailed'
      error: '1 subtest failed'
      code: 'ERR_TEST_FAILURE'
      ...
# CLI Error: node: bad option: --experimental-strip-types
# Exit code: 9
    # Subtest: implementation plan positioning
        # Subtest: should handle implementation plan positioning and edge cases
        not ok 1 - should handle implementation plan positioning and edge cases
          ---
          duration_ms: 81.62204
          location: '/data/code/AgentHive/src/test/implementation-plan.test.ts:163:22'
          failureType: 'testCodeFailure'
          error: |-
            Expected values to be strictly equal:
            
            9 !== 0
            
          code: 'ERR_ASSERTION'
          name: 'AssertionError'
          expected: 0
          actual: 9
          operator: 'strictEqual'
          stack: |-
            TestContext.<anonymous> (file:///data/code/AgentHive/src/test/implementation-plan.test.ts:172:27)
            Test.runInAsyncScope (node:async_hooks:206:9)
            Test.run (node:internal/test_runner/test:796:25)
            async Promise.all (index 0)
            async Suite.run (node:internal/test_runner/test:1135:7)
            async Suite.processPendingSubtests (node:internal/test_runner/test:526:7)
          ...
        1..1
    not ok 3 - implementation plan positioning
      ---
      duration_ms: 82.383018
      type: 'suite'
      location: '/data/code/AgentHive/src/test/implementation-plan.test.ts:162:26'
      failureType: 'subtestsFailed'
      error: '1 subtest failed'
      code: 'ERR_TEST_FAILURE'
      ...
    1..3
not ok 116 - Implementation Plan CLI
  ---
  duration_ms: 401.46446
  type: 'suite'
  location: '/data/code/AgentHive/src/test/implementation-plan.test.ts:12:24'
  failureType: 'subtestsFailed'
  error: '3 subtests failed'
  code: 'ERR_TEST_FAILURE'
  ...
# Subtest: Negotiation Intents
    # Subtest: encodeIntent produces valid payload
    ok 1 - encodeIntent produces valid payload
      ---
      duration_ms: 12.76609
      ...
    # Subtest: decodeIntent parses valid payload
    ok 2 - decodeIntent parses valid payload
      ---
      duration_ms: 2.500786
      ...
    # Subtest: decodeIntent returns null for plain text
    ok 3 - decodeIntent returns null for plain text
      ---
      duration_ms: 0.480584
      ...
    # Subtest: decodeIntent returns null for malformed payload
    ok 4 - decodeIntent returns null for malformed payload
      ---
      duration_ms: 0.477817
      ...
    # Subtest: extractHumanText removes intent prefix
    ok 5 - extractHumanText removes intent prefix
      ---
      duration_ms: 0.940735
      ...
    # Subtest: extractHumanText returns original for plain text
    ok 6 - extractHumanText returns original for plain text
      ---
      duration_ms: 0.743609
      ...
    # Subtest: formatIntent produces readable output
    ok 7 - formatIntent produces readable output
      ---
      duration_ms: 0.82783
      ...
    # Subtest: roundtrip encode/decode preserves all fields
    ok 8 - roundtrip encode/decode preserves all fields
      ---
      duration_ms: 3.336166
      ...
    # Subtest: message with intent and human text
    ok 9 - message with intent and human text
      ---
      duration_ms: 2.144371
      ...
    1..9
ok 117 - Negotiation Intents
  ---
  duration_ms: 30.045478
  type: 'suite'
  ...
# Subtest: Issue Tracker Module
    # Subtest: should return empty store if file does not exist
    ok 1 - should return empty store if file does not exist
      ---
      duration_ms: 5.321032
      ...
    # Subtest: should generate sequential issue IDs for a proposal
    ok 2 - should generate sequential issue IDs for a proposal
      ---
      duration_ms: 1.354771
      ...
    # Subtest: should create, add, and save issues
    ok 3 - should create, add, and save issues
      ---
      duration_ms: 2.646203
      ...
    # Subtest: should resolve and wontfix issues
    ok 4 - should resolve and wontfix issues
      ---
      duration_ms: 1.653255
      ...
    # Subtest: should identify blocking issues correctly
    ok 5 - should identify blocking issues correctly
      ---
      duration_ms: 4.045113
      ...
    # Subtest: should format issues for display
    ok 6 - should format issues for display
      ---
      duration_ms: 1.383552
      ...
    1..6
ok 118 - Issue Tracker Module
  ---
  duration_ms: 19.030182
  type: 'suite'
  ...
# Subtest: label filter utilities
    # Subtest: collectAvailableLabels merges configured labels and proposal labels without duplicates
    ok 1 - collectAvailableLabels merges configured labels and proposal labels without duplicates
      ---
      duration_ms: 6.551014
      ...
    # Subtest: formatLabelSummary produces concise summaries
    ok 2 - formatLabelSummary produces concise summaries
      ---
      duration_ms: 5.577912
      ...
    # Subtest: labelsToLower normalizes labels for filtering
    ok 3 - labelsToLower normalizes labels for filtering
      ---
      duration_ms: 1.796086
      ...
    1..3
ok 119 - label filter utilities
  ---
  duration_ms: 19.680727
  type: 'suite'
  ...
